ARM Linker, RVCT4.0 [Build 524] for uVision [Standard]

==============================================================================

Section Cross References

    stm32f10x_it.o(i.DMA1_Channel5_IRQHandler) refers to stm32f10x_dma.o(i.DMA_ClearITPendingBit) for DMA_ClearITPendingBit
    stm32f10x_it.o(i.DMA1_Channel5_IRQHandler) refers to main.o(i.ShowErrMsg) for ShowErrMsg
    stm32f10x_it.o(i.DMA1_Channel5_IRQHandler) refers to main.o(.data) for Data485
    stm32f10x_it.o(i.DMA1_Channel5_IRQHandler) refers to main.o(.bss) for Team485
    stm32f10x_it.o(i.SDIO_IRQHandler) refers to sdcard.o(i.SD_ProcessIRQSrc) for SD_ProcessIRQSrc
    stm32f10x_it.o(i.TIM4_IRQHandler) refers to stm32f10x_tim.o(i.TIM_ClearITPendingBit) for TIM_ClearITPendingBit
    stm32f10x_it.o(i.TIM4_IRQHandler) refers to main.o(.data) for TmCnt
    main.o(i.GPIO_Configuration) refers to stm32f10x_rcc.o(i.RCC_APB2PeriphClockCmd) for RCC_APB2PeriphClockCmd
    main.o(i.GPIO_Configuration) refers to stm32f10x_gpio.o(i.GPIO_Init) for GPIO_Init
    main.o(i.InitDMA) refers to stm32f10x_rcc.o(i.RCC_AHBPeriphClockCmd) for RCC_AHBPeriphClockCmd
    main.o(i.InitDMA) refers to stm32f10x_dma.o(i.DMA_DeInit) for DMA_DeInit
    main.o(i.InitDMA) refers to stm32f10x_dma.o(i.DMA_Init) for DMA_Init
    main.o(i.InitDMA) refers to stm32f10x_dma.o(i.DMA_ITConfig) for DMA_ITConfig
    main.o(i.InitDMA) refers to main.o(.bss) for DMA_InitStructure
    main.o(i.InitDMA) refers to main.o(.data) for Data485
    main.o(i.InitSD) refers to sdcard.o(i.SD_Init) for SD_Init
    main.o(i.InitSD) refers to sdcard.o(i.SD_GetCardInfo) for SD_GetCardInfo
    main.o(i.InitSD) refers to sdcard.o(i.SD_SelectDeselect) for SD_SelectDeselect
    main.o(i.InitSD) refers to sdcard.o(i.SD_EnableWideBusOperation) for SD_EnableWideBusOperation
    main.o(i.InitSD) refers to sdcard.o(i.SD_SetDeviceMode) for SD_SetDeviceMode
    main.o(i.InitSD) refers to main.o(.data) for Status
    main.o(i.InitSD) refers to main.o(.bss) for SDCardInfo
    main.o(i.InitUart) refers to stm32f10x_rcc.o(i.RCC_APB2PeriphClockCmd) for RCC_APB2PeriphClockCmd
    main.o(i.InitUart) refers to stm32f10x_usart.o(i.USART_Init) for USART_Init
    main.o(i.InitUart) refers to stm32f10x_usart.o(i.USART_DMACmd) for USART_DMACmd
    main.o(i.InitUart) refers to stm32f10x_dma.o(i.DMA_Cmd) for DMA_Cmd
    main.o(i.InitUart) refers to stm32f10x_usart.o(i.USART_Cmd) for USART_Cmd
    main.o(i.InitUart) refers to main.o(.bss) for USART_InitStructure
    main.o(i.NVIC_Configuration) refers to misc.o(i.NVIC_PriorityGroupConfig) for NVIC_PriorityGroupConfig
    main.o(i.NVIC_Configuration) refers to misc.o(i.NVIC_Init) for NVIC_Init
    main.o(i.RCC_Configuration) refers to system_stm32f10x.o(i.SystemInit) for SystemInit
    main.o(i.ReadAndDispatch) refers to ff.o(i.f_lseek) for f_lseek
    main.o(i.ReadAndDispatch) refers to led_485.o(i.SendDataAll) for SendDataAll
    main.o(i.ReadAndDispatch) refers to main.o(.data) for TeamLeft
    main.o(i.ReadAndDispatch) refers to main.o(.bss) for Team485
    main.o(i.main) refers to main.o(i.RCC_Configuration) for RCC_Configuration
    main.o(i.main) refers to main.o(i.NVIC_Configuration) for NVIC_Configuration
    main.o(i.main) refers to main.o(i.GPIO_Configuration) for GPIO_Configuration
    main.o(i.main) refers to main.o(i.InitDMA) for InitDMA
    main.o(i.main) refers to main.o(i.InitUart) for InitUart
    main.o(i.main) refers to main.o(i.InitSD) for InitSD
    main.o(i.main) refers to ff.o(i.f_mount) for f_mount
    main.o(i.main) refers to ff.o(i.f_open) for f_open
    main.o(i.main) refers to main.o(i.ShowErrMsg) for ShowErrMsg
    main.o(i.main) refers to ff.o(i.f_lseek) for f_lseek
    main.o(i.main) refers to ff.o(i.f_read) for f_read
    main.o(i.main) refers to ff.o(i.f_close) for f_close
    main.o(i.main) refers to atoi.o(.text) for atoi
    main.o(i.main) refers to main.o(i.ReadAndDispatch) for ReadAndDispatch
    main.o(i.main) refers to led_485.o(i.SendDataAll) for SendDataAll
    main.o(i.main) refers to main.o(.bss) for fs
    main.o(i.main) refers to main.o(.data) for res
    sdcard.o(i.CmdError) refers to stm32f10x_sdio.o(i.SDIO_GetFlagStatus) for SDIO_GetFlagStatus
    sdcard.o(i.CmdError) refers to stm32f10x_sdio.o(i.SDIO_ClearFlag) for SDIO_ClearFlag
    sdcard.o(i.CmdResp1Error) refers to stm32f10x_sdio.o(i.SDIO_ClearFlag) for SDIO_ClearFlag
    sdcard.o(i.CmdResp1Error) refers to stm32f10x_sdio.o(i.SDIO_GetCommandResponse) for SDIO_GetCommandResponse
    sdcard.o(i.CmdResp1Error) refers to stm32f10x_sdio.o(i.SDIO_GetResponse) for SDIO_GetResponse
    sdcard.o(i.CmdResp2Error) refers to stm32f10x_sdio.o(i.SDIO_ClearFlag) for SDIO_ClearFlag
    sdcard.o(i.CmdResp3Error) refers to stm32f10x_sdio.o(i.SDIO_ClearFlag) for SDIO_ClearFlag
    sdcard.o(i.CmdResp6Error) refers to stm32f10x_sdio.o(i.SDIO_ClearFlag) for SDIO_ClearFlag
    sdcard.o(i.CmdResp6Error) refers to stm32f10x_sdio.o(i.SDIO_GetCommandResponse) for SDIO_GetCommandResponse
[...]
    Removing stm32f10x_usart.o(i.USART_SendData), (8 bytes).
    Removing stm32f10x_usart.o(i.USART_SetAddress), (18 bytes).
    Removing stm32f10x_usart.o(i.USART_SetGuardTime), (16 bytes).
    Removing stm32f10x_usart.o(i.USART_SetPrescaler), (16 bytes).
    Removing stm32f10x_usart.o(i.USART_SmartCardCmd), (24 bytes).
    Removing stm32f10x_usart.o(i.USART_SmartCardNACKCmd), (24 bytes).
    Removing stm32f10x_usart.o(i.USART_StructInit), (24 bytes).
    Removing stm32f10x_usart.o(i.USART_WakeUpConfig), (18 bytes).
    Removing stm32f10x_sdio.o(i.SDIO_CEATAITCmd), (16 bytes).
    Removing stm32f10x_sdio.o(i.SDIO_CmdStructInit), (14 bytes).
    Removing stm32f10x_sdio.o(i.SDIO_CommandCompletionCmd), (12 bytes).
    Removing stm32f10x_sdio.o(i.SDIO_DataStructInit), (20 bytes).
    Removing stm32f10x_sdio.o(i.SDIO_GetDataCounter), (12 bytes).
    Removing stm32f10x_sdio.o(i.SDIO_GetFIFOCount), (12 bytes).
    Removing stm32f10x_sdio.o(i.SDIO_SendCEATACmd), (12 bytes).
    Removing stm32f10x_sdio.o(i.SDIO_SendSDIOSuspendCmd), (12 bytes).
    Removing stm32f10x_sdio.o(i.SDIO_SetSDIOOperation), (12 bytes).
    Removing stm32f10x_sdio.o(i.SDIO_SetSDIOReadWaitMode), (12 bytes).
    Removing stm32f10x_sdio.o(i.SDIO_StartSDIOReadWait), (12 bytes).
    Removing stm32f10x_sdio.o(i.SDIO_StopSDIOReadWait), (12 bytes).
    Removing stm32f10x_sdio.o(i.SDIO_StructInit), (16 bytes).
    Removing stm32f10x_dma.o(i.DMA_GetCurrDataCounter), (8 bytes).
    Removing stm32f10x_dma.o(i.DMA_GetITStatus), (44 bytes).
    Removing stm32f10x_dma.o(i.DMA_StructInit), (26 bytes).
    Removing stm32f10x_tim.o(i.TI1_Config), (50 bytes).
    Removing stm32f10x_tim.o(i.TI2_Config), (64 bytes).
    Removing stm32f10x_tim.o(i.TI3_Config), (60 bytes).
    Removing stm32f10x_tim.o(i.TI4_Config), (64 bytes).
    Removing stm32f10x_tim.o(i.TIM_ARRPreloadConfig), (24 bytes).
    Removing stm32f10x_tim.o(i.TIM_BDTRConfig), (32 bytes).
    Removing stm32f10x_tim.o(i.TIM_BDTRStructInit), (18 bytes).
    Removing stm32f10x_tim.o(i.TIM_CCPreloadControl), (24 bytes).
    Removing stm32f10x_tim.o(i.TIM_CCxCmd), (34 bytes).
    Removing stm32f10x_tim.o(i.TIM_CCxNCmd), (34 bytes).
    Removing stm32f10x_tim.o(i.TIM_ClearFlag), (6 bytes).
    Removing stm32f10x_tim.o(i.TIM_ClearOC1Ref), (16 bytes).
    Removing stm32f10x_tim.o(i.TIM_ClearOC2Ref), (18 bytes).
    Removing stm32f10x_tim.o(i.TIM_ClearOC3Ref), (16 bytes).
    Removing stm32f10x_tim.o(i.TIM_ClearOC4Ref), (18 bytes).
    Removing stm32f10x_tim.o(i.TIM_Cmd), (24 bytes).
    Removing stm32f10x_tim.o(i.TIM_CounterModeConfig), (16 bytes).
    Removing stm32f10x_tim.o(i.TIM_CtrlPWMOutputs), (30 bytes).
    Removing stm32f10x_tim.o(i.TIM_DMACmd), (24 bytes).
    Removing stm32f10x_tim.o(i.TIM_DMAConfig), (10 bytes).
    Removing stm32f10x_tim.o(i.TIM_DeInit), (224 bytes).
    Removing stm32f10x_tim.o(i.TIM_ETRClockMode1Config), (54 bytes).
    Removing stm32f10x_tim.o(i.TIM_ETRClockMode2Config), (32 bytes).
    Removing stm32f10x_tim.o(i.TIM_ETRConfig), (22 bytes).
    Removing stm32f10x_tim.o(i.TIM_EncoderInterfaceConfig), (56 bytes).
    Removing stm32f10x_tim.o(i.TIM_ForcedOC1Config), (16 bytes).
    Removing stm32f10x_tim.o(i.TIM_ForcedOC2Config), (20 bytes).
    Removing stm32f10x_tim.o(i.TIM_ForcedOC3Config), (16 bytes).
    Removing stm32f10x_tim.o(i.TIM_ForcedOC4Config), (20 bytes).
    Removing stm32f10x_tim.o(i.TIM_GenerateEvent), (4 bytes).
    Removing stm32f10x_tim.o(i.TIM_GetCapture1), (6 bytes).
    Removing stm32f10x_tim.o(i.TIM_GetCapture2), (6 bytes).
    Removing stm32f10x_tim.o(i.TIM_GetCapture3), (6 bytes).
    Removing stm32f10x_tim.o(i.TIM_GetCapture4), (8 bytes).
    Removing stm32f10x_tim.o(i.TIM_GetCounter), (6 bytes).
    Removing stm32f10x_tim.o(i.TIM_GetFlagStatus), (18 bytes).
    Removing stm32f10x_tim.o(i.TIM_GetITStatus), (34 bytes).
    Removing stm32f10x_tim.o(i.TIM_GetPrescaler), (6 bytes).
    Removing stm32f10x_tim.o(i.TIM_ICInit), (110 bytes).
    Removing stm32f10x_tim.o(i.TIM_ICStructInit), (18 bytes).
    Removing stm32f10x_tim.o(i.TIM_ITConfig), (24 bytes).
    Removing stm32f10x_tim.o(i.TIM_ITRxExternalClockConfig), (24 bytes).
    Removing stm32f10x_tim.o(i.TIM_InternalClockConfig), (12 bytes).
    Removing stm32f10x_tim.o(i.TIM_OC1FastConfig), (16 bytes).
    Removing stm32f10x_tim.o(i.TIM_OC1Init), (120 bytes).
    Removing stm32f10x_tim.o(i.TIM_OC1NPolarityConfig), (16 bytes).
    Removing stm32f10x_tim.o(i.TIM_OC1PolarityConfig), (16 bytes).
    Removing stm32f10x_tim.o(i.TIM_OC1PreloadConfig), (16 bytes).
    Removing stm32f10x_tim.o(i.TIM_OC2FastConfig), (20 bytes).
    Removing stm32f10x_tim.o(i.TIM_OC2Init), (148 bytes).
    Removing stm32f10x_tim.o(i.TIM_OC2NPolarityConfig), (20 bytes).
    Removing stm32f10x_tim.o(i.TIM_OC2PolarityConfig), (20 bytes).
    Removing stm32f10x_tim.o(i.TIM_OC2PreloadConfig), (20 bytes).
    Removing stm32f10x_tim.o(i.TIM_OC3FastConfig), (16 bytes).
    Removing stm32f10x_tim.o(i.TIM_OC3Init), (144 bytes).
    Removing stm32f10x_tim.o(i.TIM_OC3NPolarityConfig), (20 bytes).
    Removing stm32f10x_tim.o(i.TIM_OC3PolarityConfig), (20 bytes).
    Removing stm32f10x_tim.o(i.TIM_OC3PreloadConfig), (16 bytes).
    Removing stm32f10x_tim.o(i.TIM_OC4FastConfig), (20 bytes).
    Removing stm32f10x_tim.o(i.TIM_OC4Init), (108 bytes).
    Removing stm32f10x_tim.o(i.TIM_OC4PolarityConfig), (20 bytes).
    Removing stm32f10x_tim.o(i.TIM_OC4PreloadConfig), (20 bytes).
    Removing stm32f10x_tim.o(i.TIM_OCStructInit), (20 bytes).
    Removing stm32f10x_tim.o(i.TIM_PWMIConfig), (124 bytes).
    Removing stm32f10x_tim.o(i.TIM_PrescalerConfig), (6 bytes).
    Removing stm32f10x_tim.o(i.TIM_SelectCCDMA), (24 bytes).
    Removing stm32f10x_tim.o(i.TIM_SelectCOM), (24 bytes).
    Removing stm32f10x_tim.o(i.TIM_SelectHallSensor), (24 bytes).
    Removing stm32f10x_tim.o(i.TIM_SelectInputTrigger), (16 bytes).
    Removing stm32f10x_tim.o(i.TIM_SelectMasterSlaveMode), (18 bytes).
    Removing stm32f10x_tim.o(i.TIM_SelectOCxM), (86 bytes).
    Removing stm32f10x_tim.o(i.TIM_SelectOnePulseMode), (18 bytes).
    Removing stm32f10x_tim.o(i.TIM_SelectOutputTrigger), (18 bytes).
    Removing stm32f10x_tim.o(i.TIM_SelectSlaveMode), (18 bytes).
    Removing stm32f10x_tim.o(i.TIM_SetAutoreload), (4 bytes).
    Removing stm32f10x_tim.o(i.TIM_SetClockDivision), (14 bytes).
    Removing stm32f10x_tim.o(i.TIM_SetCompare1), (4 bytes).
    Removing stm32f10x_tim.o(i.TIM_SetCompare2), (4 bytes).
    Removing stm32f10x_tim.o(i.TIM_SetCompare3), (4 bytes).
    Removing stm32f10x_tim.o(i.TIM_SetCompare4), (6 bytes).
    Removing stm32f10x_tim.o(i.TIM_SetCounter), (4 bytes).
    Removing stm32f10x_tim.o(i.TIM_SetIC1Prescaler), (18 bytes).
    Removing stm32f10x_tim.o(i.TIM_SetIC2Prescaler), (22 bytes).
    Removing stm32f10x_tim.o(i.TIM_SetIC3Prescaler), (18 bytes).
    Removing stm32f10x_tim.o(i.TIM_SetIC4Prescaler), (22 bytes).
    Removing stm32f10x_tim.o(i.TIM_TIxExternalClockConfig), (62 bytes).
    Removing stm32f10x_tim.o(i.TIM_TimeBaseInit), (60 bytes).
    Removing stm32f10x_tim.o(i.TIM_TimeBaseStructInit), (18 bytes).
    Removing stm32f10x_tim.o(i.TIM_UpdateDisableConfig), (24 bytes).
    Removing stm32f10x_tim.o(i.TIM_UpdateRequestConfig), (24 bytes).
    Removing system_stm32f10x.o(.constdata), (20 bytes).
    Removing core_cm3.o(.emb_text), (32 bytes).

257 unused section(s) (total 11732 bytes) removed from the image.

==============================================================================

Image Symbol Table

    Local Symbols

    Symbol Name                              Value     Ov Type        Size  Object(Section)

    ../../angel/boardlib.s                   0x00000000   Number         0  boardinit3.o ABSOLUTE
    ../../angel/boardlib.s                   0x00000000   Number         0  boardinit2.o ABSOLUTE
    ../../angel/boardlib.s                   0x00000000   Number         0  boardinit1.o ABSOLUTE
    ../../angel/boardlib.s                   0x00000000   Number         0  boardshut.o ABSOLUTE
    ../../angel/handlers.s                   0x00000000   Number         0  __scatter_copy.o ABSOLUTE
    ../../angel/handlers.s                   0x00000000   Number         0  __scatter_zi.o ABSOLUTE
    ../../angel/kernel.s                     0x00000000   Number         0  rtexit.o ABSOLUTE
    ../../angel/kernel.s                     0x00000000   Number         0  rtentry4.o ABSOLUTE
    ../../angel/kernel.s                     0x00000000   Number         0  rtentry.o ABSOLUTE
    ../../angel/kernel.s                     0x00000000   Number         0  rtexit2.o ABSOLUTE
    ../../angel/kernel.s                     0x00000000   Number         0  rtentry2.o ABSOLUTE
    ../../angel/rt.s                         0x00000000   Number         0  rt_locale_intlibspace.o ABSOLUTE
    ../../angel/rt.s                         0x00000000   Number         0  rt_locale.o ABSOLUTE
    ../../angel/rt.s                         0x00000000   Number         0  rt_ctype_table.o ABSOLUTE
    ../../angel/rt.s                         0x00000000   Number         0  rt_errno_addr_intlibspace.o ABSOLUTE
    ../../angel/rt.s                         0x00000000   Number         0  rt_errno_addr.o ABSOLUTE
    ../../angel/rt.s                         0x00000000   Number         0  rt_raise.o ABSOLUTE
    ../../angel/scatter.s                    0x00000000   Number         0  __scatter.o ABSOLUTE
    ../../angel/startup.s                    0x00000000   Number         0  __main.o ABSOLUTE
    ../../angel/sys.s                        0x00000000   Number         0  sys_stackheap_outer.o ABSOLUTE
    ../../angel/sys.s                        0x00000000   Number         0  use_no_semi.o ABSOLUTE
    ../../angel/sys.s                        0x00000000   Number         0  libspace.o ABSOLUTE
    ../../angel/sys.s                        0x00000000   Number         0  sys_exit.o ABSOLUTE
    ../../angel/sysapp.c                     0x00000000   Number         0  sys_wrch.o ABSOLUTE
    ../../angel/sysapp.c                     0x00000000   Number         0  sys_command.o ABSOLUTE
    ../../armsys.c                           0x00000000   Number         0  argv_veneer.o ABSOLUTE
    ../../armsys.c                           0x00000000   Number         0  no_argv.o ABSOLUTE
    ../../armsys.c                           0x00000000   Number         0  argv_veneer.o ABSOLUTE
    ../../armsys.c                           0x00000000   Number         0  _get_argv_nomalloc.o ABSOLUTE
    ../../fpinit.s                           0x00000000   Number         0  fpinit.o ABSOLUTE
    ../../heapalloc.c                        0x00000000   Number         0  hrguard.o ABSOLUTE
    ../../heapaux.c                          0x00000000   Number         0  heapauxi.o ABSOLUTE
    ../../libinit.s                          0x00000000   Number         0  libinit2.o ABSOLUTE
    ../../libinit.s                          0x00000000   Number         0  libinit.o ABSOLUTE
    ../../libinit.s                          0x00000000   Number         0  libshutdown2.o ABSOLUTE
    ../../libinit.s                          0x00000000   Number         0  libshutdown.o ABSOLUTE
    ../../locale.s                           0x00000000   Number         0  lc_ctype_c.o ABSOLUTE
    ../../memcpset.s                         0x00000000   Number         0  strcmpv7m.o ABSOLUTE
    ../../scanf.c                            0x00000000   Number         0  strtol.o ABSOLUTE
    ../../scanf.c                            0x00000000   Number         0  _chval.o ABSOLUTE
    ../../scanf.c                            0x00000000   Number         0  atoi.o ABSOLUTE
    ../../scanf.c                            0x00000000   Number         0  _strtoul.o ABSOLUTE
    ../../signal.c                           0x00000000   Number         0  defsig_rtmem_inner.o ABSOLUTE
    ../../signal.c                           0x00000000   Number         0  defsig_pvfn_inner.o ABSOLUTE
    ../../signal.c                           0x00000000   Number         0  defsig_other.o ABSOLUTE
    ../../signal.c                           0x00000000   Number         0  defsig_segv_inner.o ABSOLUTE
    ../../signal.c                           0x00000000   Number         0  defsig_cppl_inner.o ABSOLUTE
    ../../signal.c                           0x00000000   Number         0  defsig_stak_inner.o ABSOLUTE
    ../../signal.c                           0x00000000   Number         0  defsig_rtred_inner.o ABSOLUTE
    ../../signal.c                           0x00000000   Number         0  defsig_fpe_inner.o ABSOLUTE
    ../../signal.c                           0x00000000   Number         0  defsig_abrt_inner.o ABSOLUTE
    ../../signal.c                           0x00000000   Number         0  defsig_general.o ABSOLUTE
    ../../signal.c                           0x00000000   Number         0  __raise.o ABSOLUTE
    ../../signal.c                           0x00000000   Number         0  defsig_rtmem_formal.o ABSOLUTE
    ../../signal.c                           0x00000000   Number         0  defsig_rtmem_outer.o ABSOLUTE
    ../../signal.c                           0x00000000   Number         0  defsig_exit.o ABSOLUTE
    ../../signal.s                           0x00000000   Number         0  defsig.o ABSOLUTE
    ../../stdlib.c                           0x00000000   Number         0  exit.o ABSOLUTE
    ..\..\..\..\..\led_485.c                 0x00000000   Number         0  led_485.o ABSOLUTE
    ..\..\..\Libraries\CMSIS\Core\CM3\core_cm3.c 0x00000000   Number         0  core_cm3.o ABSOLUTE
    ..\..\..\Libraries\CMSIS\Core\CM3\startup\arm\startup_stm32f10x_hd.s 0x00000000   Number         0  startup_stm32f10x_hd.o ABSOLUTE
    ..\..\..\Libraries\CMSIS\Core\CM3\system_stm32f10x.c 0x00000000   Number         0  system_stm32f10x.o ABSOLUTE
    ..\..\..\Libraries\STM32F10x_StdPeriph_Driver\src\misc.c 0x00000000   Number         0  misc.o ABSOLUTE
    ..\..\..\Libraries\STM32F10x_StdPeriph_Driver\src\stm32f10x_dma.c 0x00000000   Number         0  stm32f10x_dma.o ABSOLUTE
    ..\..\..\Libraries\STM32F10x_StdPeriph_Driver\src\stm32f10x_exti.c 0x00000000   Number         0  stm32f10x_exti.o ABSOLUTE
    ..\..\..\Libraries\STM32F10x_StdPeriph_Driver\src\stm32f10x_fsmc.c 0x00000000   Number         0  stm32f10x_fsmc.o ABSOLUTE
    ..\..\..\Libraries\STM32F10x_StdPeriph_Driver\src\stm32f10x_gpio.c 0x00000000   Number         0  stm32f10x_gpio.o ABSOLUTE
    ..\..\..\Libraries\STM32F10x_StdPeriph_Driver\src\stm32f10x_rcc.c 0x00000000   Number         0  stm32f10x_rcc.o ABSOLUTE
    ..\..\..\Libraries\STM32F10x_StdPeriph_Driver\src\stm32f10x_sdio.c 0x00000000   Number         0  stm32f10x_sdio.o ABSOLUTE
    ..\..\..\Libraries\STM32F10x_StdPeriph_Driver\src\stm32f10x_spi.c 0x00000000   Number         0  stm32f10x_spi.o ABSOLUTE
    ..\..\..\Libraries\STM32F10x_StdPeriph_Driver\src\stm32f10x_tim.c 0x00000000   Number         0  stm32f10x_tim.o ABSOLUTE
    ..\..\..\Libraries\STM32F10x_StdPeriph_Driver\src\stm32f10x_usart.c 0x00000000   Number         0  stm32f10x_usart.o ABSOLUTE
    ..\\..\\..\\Libraries\\CMSIS\\Core\\CM3\\core_cm3.c 0x00000000   Number         0  core_cm3.o ABSOLUTE
    ..\diskio.c                              0x00000000   Number         0  diskio.o ABSOLUTE
    ..\ff.c                                  0x00000000   Number         0  ff.o ABSOLUTE
    ..\main.c                                0x00000000   Number         0  main.o ABSOLUTE
    ..\sdcard.c                              0x00000000   Number         0  sdcard.o ABSOLUTE
    ..\stm32f10x_it.c                        0x00000000   Number         0  stm32f10x_it.o ABSOLUTE
    dc.s                                     0x00000000   Number         0  dc.o ABSOLUTE
    RESET                                    0x08000000   Section      304  startup_stm32f10x_hd.o(RESET)
    !!!main                                  0x08000130   Section        8  __main.o(!!!main)
    !!!scatter                               0x08000138   Section       52  __scatter.o(!!!scatter)
    !!handler_copy                           0x0800016c   Section       26  __scatter_copy.o(!!handler_copy)
    !!handler_zi                             0x08000188   Section       28  __scatter_zi.o(!!handler_zi)
    .ARM.Collect$$libinit$$00000000          0x080001a4   Section        6  libinit.o(.ARM.Collect$$libinit$$00000000)
    .ARM.Collect$$libinit$$00000006          0x080001aa   Section        0  libinit2.o(.ARM.Collect$$libinit$$00000006)
    .ARM.Collect$$libinit$$00000008          0x080001aa   Section        0  libinit2.o(.ARM.Collect$$libinit$$00000008)
    .ARM.Collect$$libinit$$0000000A          0x080001aa   Section        0  libinit2.o(.ARM.Collect$$libinit$$0000000A)
    .ARM.Collect$$libinit$$0000000B          0x080001aa   Section        6  libinit2.o(.ARM.Collect$$libinit$$0000000B)
    .ARM.Collect$$libinit$$0000000D          0x080001b0   Section        0  libinit2.o(.ARM.Collect$$libinit$$0000000D)
    .ARM.Collect$$libinit$$0000000E          0x080001b0   Section       12  libinit2.o(.ARM.Collect$$libinit$$0000000E)
    .ARM.Collect$$libinit$$0000000F          0x080001bc   Section        0  libinit2.o(.ARM.Collect$$libinit$$0000000F)
    .ARM.Collect$$libinit$$00000011          0x080001bc   Section        0  libinit2.o(.ARM.Collect$$libinit$$00000011)
    .ARM.Collect$$libinit$$00000013          0x080001bc   Section        0  libinit2.o(.ARM.Collect$$libinit$$00000013)
    .ARM.Collect$$libinit$$00000015          0x080001bc   Section        0  libinit2.o(.ARM.Collect$$libinit$$00000015)
    .ARM.Collect$$libinit$$00000017          0x080001bc   Section        0  libinit2.o(.ARM.Collect$$libinit$$00000017)
    .ARM.Collect$$libinit$$00000019          0x080001bc   Section        0  libinit2.o(.ARM.Collect$$libinit$$00000019)
    .ARM.Collect$$libinit$$0000001B          0x080001bc   Section        0  libinit2.o(.ARM.Collect$$libinit$$0000001B)
    .ARM.Collect$$libinit$$0000001D          0x080001bc   Section        0  libinit2.o(.ARM.Collect$$libinit$$0000001D)
    .ARM.Collect$$libinit$$0000001F          0x080001bc   Section        0  libinit2.o(.ARM.Collect$$libinit$$0000001F)
    .ARM.Collect$$libinit$$00000021          0x080001bc   Section        0  libinit2.o(.ARM.Collect$$libinit$$00000021)
    .ARM.Collect$$libinit$$00000028          0x080001bc   Section        0  libinit2.o(.ARM.Collect$$libinit$$00000028)
    .ARM.Collect$$libinit$$0000002A          0x080001bc   Section        0  libinit2.o(.ARM.Collect$$libinit$$0000002A)
    .ARM.Collect$$libinit$$0000002C          0x080001bc   Section        0  libinit2.o(.ARM.Collect$$libinit$$0000002C)
    .ARM.Collect$$libinit$$0000002E          0x080001bc   Section        0  libinit2.o(.ARM.Collect$$libinit$$0000002E)
    .ARM.Collect$$libinit$$0000002F          0x080001bc   Section        2  libinit2.o(.ARM.Collect$$libinit$$0000002F)
    .ARM.Collect$$libshutdown$$00000000      0x080001be   Section        2  libshutdown.o(.ARM.Collect$$libshutdown$$00000000)
    .ARM.Collect$$libshutdown$$00000003      0x080001c0   Section        0  libshutdown2.o(.ARM.Collect$$libshutdown$$00000003)
    .ARM.Collect$$libshutdown$$00000006      0x080001c0   Section        0  libshutdown2.o(.ARM.Collect$$libshutdown$$00000006)
    .ARM.Collect$$libshutdown$$00000009      0x080001c0   Section        0  libshutdown2.o(.ARM.Collect$$libshutdown$$00000009)
    .ARM.Collect$$libshutdown$$0000000B      0x080001c0   Section        0  libshutdown2.o(.ARM.Collect$$libshutdown$$0000000B)
    .ARM.Collect$$libshutdown$$0000000E      0x080001c0   Section        0  libshutdown2.o(.ARM.Collect$$libshutdown$$0000000E)
    .ARM.Collect$$libshutdown$$0000000F      0x080001c0   Section        2  libshutdown2.o(.ARM.Collect$$libshutdown$$0000000F)
    .ARM.Collect$$rtentry$$00000000          0x080001c2   Section        0  rtentry.o(.ARM.Collect$$rtentry$$00000000)
    .ARM.Collect$$rtentry$$00000002          0x080001c2   Section        0  rtentry2.o(.ARM.Collect$$rtentry$$00000002)
    .ARM.Collect$$rtentry$$00000004          0x080001c2   Section        6  rtentry4.o(.ARM.Collect$$rtentry$$00000004)
    .ARM.Collect$$rtentry$$00000009          0x080001c8   Section        0  rtentry2.o(.ARM.Collect$$rtentry$$00000009)
    .ARM.Collect$$rtentry$$0000000A          0x080001c8   Section        4  rtentry2.o(.ARM.Collect$$rtentry$$0000000A)
    .ARM.Collect$$rtentry$$0000000C          0x080001cc   Section        0  rtentry2.o(.ARM.Collect$$rtentry$$0000000C)
    .ARM.Collect$$rtentry$$0000000D          0x080001cc   Section        8  rtentry2.o(.ARM.Collect$$rtentry$$0000000D)
    .ARM.Collect$$rtexit$$00000000           0x080001d4   Section        0  rtexit.o(.ARM.Collect$$rtexit$$00000000)
    .ARM.Collect$$rtexit$$00000002           0x080001d4   Section        0  rtexit2.o(.ARM.Collect$$rtexit$$00000002)
    .ARM.Collect$$rtexit$$00000003           0x080001d4   Section        4  rtexit2.o(.ARM.Collect$$rtexit$$00000003)
    .ARM.Collect$$rtexit$$00000004           0x080001d8   Section        4  rtexit2.o(.ARM.Collect$$rtexit$$00000004)
    .text                                    0x080001dc   Section       76  startup_stm32f10x_hd.o(.text)
    .text                                    0x08000228   Section       26  atoi.o(.text)
    .text                                    0x08000242   Section        6  heapauxi.o(.text)
    .text                                    0x08000248   Section       12  rt_errno_addr_intlibspace.o(.text)
    .text                                    0x08000254   Section      112  strtol.o(.text)
    .text                                    0x080002c4   Section        8  libspace.o(.text)
    .text                                    0x080002cc   Section       16  rt_ctype_table.o(.text)
    .text                                    0x080002dc   Section      152  _strtoul.o(.text)
    .text                                    0x08000374   Section       74  sys_stackheap_outer.o(.text)
    .text                                    0x080003c0   Section       12  rt_locale_intlibspace.o(.text)
    .text                                    0x080003cc   Section       32  _chval.o(.text)
    .text                                    0x080003ec   Section       12  exit.o(.text)
    .text                                    0x080003f8   Section      128  strcmpv7m.o(.text)
    .text                                    0x08000478   Section       20  sys_exit.o(.text)
    .text                                    0x0800048c   Section        2  use_no_semi.o(.text)
    i.BusFault_Handler                       0x0800048e   Section        4  stm32f10x_it.o(i.BusFault_Handler)
    i.CmdError                               0x08000492   Section       44  sdcard.o(i.CmdError)
    CmdError                                 0x08000493   Thumb Code    44  sdcard.o(i.CmdError)
    i.CmdResp1Error                          0x080004c0   Section      304  sdcard.o(i.CmdResp1Error)
    CmdResp1Error                            0x080004c1   Thumb Code   296  sdcard.o(i.CmdResp1Error)
    i.CmdResp2Error                          0x080005f0   Section       72  sdcard.o(i.CmdResp2Error)
    CmdResp2Error                            0x080005f1   Thumb Code    68  sdcard.o(i.CmdResp2Error)
    i.CmdResp3Error                          0x08000638   Section       56  sdcard.o(i.CmdResp3Error)
    CmdResp3Error                            0x08000639   Thumb Code    50  sdcard.o(i.CmdResp3Error)
    i.CmdResp6Error                          0x08000670   Section      152  sdcard.o(i.CmdResp6Error)
    CmdResp6Error                            0x08000671   Thumb Code   146  sdcard.o(i.CmdResp6Error)
    i.CmdResp7Error                          0x08000708   Section       76  sdcard.o(i.CmdResp7Error)
    CmdResp7Error                            0x08000709   Thumb Code    72  sdcard.o(i.CmdResp7Error)
    i.DMA1_Channel5_IRQHandler               0x08000754   Section      336  stm32f10x_it.o(i.DMA1_Channel5_IRQHandler)
    i.DMA_ClearFlag                          0x080008a4   Section       28  stm32f10x_dma.o(i.DMA_ClearFlag)
    i.DMA_ClearITPendingBit                  0x080008c0   Section       28  stm32f10x_dma.o(i.DMA_ClearITPendingBit)
    i.DMA_Cmd                                0x080008dc   Section       22  stm32f10x_dma.o(i.DMA_Cmd)
    i.DMA_DeInit                             0x080008f4   Section      344  stm32f10x_dma.o(i.DMA_DeInit)
    i.DMA_GetFlagStatus                      0x08000a4c   Section       44  stm32f10x_dma.o(i.DMA_GetFlagStatus)
    i.DMA_ITConfig                           0x08000a78   Section       18  stm32f10x_dma.o(i.DMA_ITConfig)
    i.DMA_Init                               0x08000a8a   Section       60  stm32f10x_dma.o(i.DMA_Init)
    i.DMA_RxConfiguration                    0x08000ac8   Section      100  sdcard.o(i.DMA_RxConfiguration)
    DMA_RxConfiguration                      0x08000ac9   Thumb Code    86  sdcard.o(i.DMA_RxConfiguration)
    i.DMA_TxConfiguration                    0x08000b2c   Section      100  sdcard.o(i.DMA_TxConfiguration)
    DMA_TxConfiguration                      0x08000b2d   Thumb Code    86  sdcard.o(i.DMA_TxConfiguration)
    i.DebugMon_Handler                       0x08000b90   Section        2  stm32f10x_it.o(i.DebugMon_Handler)
    i.FindSCR                                0x08000b94   Section      404  sdcard.o(i.FindSCR)
    FindSCR                                  0x08000b95   Thumb Code   384  sdcard.o(i.FindSCR)
    i.GPIODelay                              0x08000d28   Section       12  led_485.o(i.GPIODelay)
    i.GPIO_Configuration                     0x08000d34   Section      144  main.o(i.GPIO_Configuration)
    i.GPIO_Configuration                     0x08000dc4   Section       64  sdcard.o(i.GPIO_Configuration)
    GPIO_Configuration                       0x08000dc5   Thumb Code    54  sdcard.o(i.GPIO_Configuration)
    i.GPIO_Init                              0x08000e04   Section      268  stm32f10x_gpio.o(i.GPIO_Init)
    i.HardFault_Handler                      0x08000f10   Section        4  stm32f10x_it.o(i.HardFault_Handler)
    i.InitDMA                                0x08000f14   Section      112  main.o(i.InitDMA)
    i.InitSD                                 0x08000f84   Section       92  main.o(i.InitSD)
    i.InitUart                               0x08000fe0   Section       80  main.o(i.InitUart)
    i.IsCardProgramming                      0x08001030   Section      360  sdcard.o(i.IsCardProgramming)
    IsCardProgramming                        0x08001031   Thumb Code   342  sdcard.o(i.IsCardProgramming)
    i.MemManage_Handler                      0x08001198   Section        4  stm32f10x_it.o(i.MemManage_Handler)
    i.NMI_Handler                            0x0800119c   Section        2  stm32f10x_it.o(i.NMI_Handler)
    i.NVIC_Configuration                     0x0800119e   Section       70  main.o(i.NVIC_Configuration)
    i.NVIC_Init                              0x080011e4   Section      116  misc.o(i.NVIC_Init)
    i.NVIC_PriorityGroupConfig               0x08001258   Section       20  misc.o(i.NVIC_PriorityGroupConfig)
    i.PendSV_Handler                         0x0800126c   Section        2  stm32f10x_it.o(i.PendSV_Handler)
    i.RCC_AHBPeriphClockCmd                  0x08001270   Section       32  stm32f10x_rcc.o(i.RCC_AHBPeriphClockCmd)
    i.RCC_APB2PeriphClockCmd                 0x08001290   Section       32  stm32f10x_rcc.o(i.RCC_APB2PeriphClockCmd)
    i.RCC_Configuration                      0x080012b0   Section        8  main.o(i.RCC_Configuration)
    i.RCC_GetClocksFreq                      0x080012b8   Section      212  stm32f10x_rcc.o(i.RCC_GetClocksFreq)
    i.ReadAndDispatch                        0x0800138c   Section      132  main.o(i.ReadAndDispatch)
    i.SDEnWideBus                            0x08001410   Section      284  sdcard.o(i.SDEnWideBus)
    SDEnWideBus                              0x08001411   Thumb Code   274  sdcard.o(i.SDEnWideBus)
    i.SDIO_ClearFlag                         0x0800152c   Section       12  stm32f10x_sdio.o(i.SDIO_ClearFlag)
    i.SDIO_ClearITPendingBit                 0x08001538   Section       12  stm32f10x_sdio.o(i.SDIO_ClearITPendingBit)
    i.SDIO_ClockCmd                          0x08001544   Section       12  stm32f10x_sdio.o(i.SDIO_ClockCmd)
    i.SDIO_DMACmd                            0x08001550   Section       12  stm32f10x_sdio.o(i.SDIO_DMACmd)
    i.SDIO_DataConfig                        0x0800155c   Section       48  stm32f10x_sdio.o(i.SDIO_DataConfig)
    i.SDIO_DeInit                            0x0800158c   Section       36  stm32f10x_sdio.o(i.SDIO_DeInit)
    i.SDIO_GetCommandResponse                0x080015b0   Section       12  stm32f10x_sdio.o(i.SDIO_GetCommandResponse)
    i.SDIO_GetFlagStatus                     0x080015bc   Section       24  stm32f10x_sdio.o(i.SDIO_GetFlagStatus)
    i.SDIO_GetITStatus                       0x080015d4   Section       24  stm32f10x_sdio.o(i.SDIO_GetITStatus)
    i.SDIO_GetPowerState                     0x080015ec   Section       16  stm32f10x_sdio.o(i.SDIO_GetPowerState)
    i.SDIO_GetResponse                       0x080015fc   Section       16  stm32f10x_sdio.o(i.SDIO_GetResponse)
    i.SDIO_IRQHandler                        0x0800160c   Section        8  stm32f10x_it.o(i.SDIO_IRQHandler)
    i.SDIO_ITConfig                          0x08001614   Section       32  stm32f10x_sdio.o(i.SDIO_ITConfig)
    i.SDIO_Init                              0x08001634   Section       48  stm32f10x_sdio.o(i.SDIO_Init)
    i.SDIO_ReadData                          0x08001664   Section       12  stm32f10x_sdio.o(i.SDIO_ReadData)
    i.SDIO_SendCommand                       0x08001670   Section       44  stm32f10x_sdio.o(i.SDIO_SendCommand)
    i.SDIO_SetPowerState                     0x0800169c   Section       28  stm32f10x_sdio.o(i.SDIO_SetPowerState)
    i.SDIO_WriteData                         0x080016b8   Section       12  stm32f10x_sdio.o(i.SDIO_WriteData)
    i.SD_EnableWideBusOperation              0x080016c4   Section      152  sdcard.o(i.SD_EnableWideBusOperation)
    i.SD_GetCardInfo                         0x0800175c   Section      764  sdcard.o(i.SD_GetCardInfo)
    i.SD_Init                                0x08001a58   Section       92  sdcard.o(i.SD_Init)
    i.SD_InitializeCards                     0x08001ab4   Section      316  sdcard.o(i.SD_InitializeCards)
    i.SD_PowerON                             0x08001bf0   Section      392  sdcard.o(i.SD_PowerON)
    i.SD_ProcessIRQSrc                       0x08001d78   Section      588  sdcard.o(i.SD_ProcessIRQSrc)
    i.SD_ReadBlock                           0x08001fc4   Section      588  sdcard.o(i.SD_ReadBlock)
    i.SD_ReadMultiBlocks                     0x08002210   Section      760  sdcard.o(i.SD_ReadMultiBlocks)
    i.SD_SelectDeselect                      0x08002508   Section       52  sdcard.o(i.SD_SelectDeselect)
    i.SD_SetDeviceMode                       0x0800253c   Section       28  sdcard.o(i.SD_SetDeviceMode)
    i.SD_StopTransfer                        0x08002558   Section       52  sdcard.o(i.SD_StopTransfer)
    i.SD_WriteBlock                          0x0800258c   Section      888  sdcard.o(i.SD_WriteBlock)
    i.SD_WriteMultiBlocks                    0x08002904   Section     1122  sdcard.o(i.SD_WriteMultiBlocks)
    i.SVC_Handler                            0x08002d66   Section        2  stm32f10x_it.o(i.SVC_Handler)
    i.SendDataAll                            0x08002d68   Section       56  led_485.o(i.SendDataAll)
    i.SetSysClock                            0x08002da0   Section        8  system_stm32f10x.o(i.SetSysClock)
    SetSysClock                              0x08002da1   Thumb Code     8  system_stm32f10x.o(i.SetSysClock)
    i.SetSysClockTo72                        0x08002da8   Section      208  system_stm32f10x.o(i.SetSysClockTo72)
    SetSysClockTo72                          0x08002da9   Thumb Code   198  system_stm32f10x.o(i.SetSysClockTo72)
    i.ShowErrMsg                             0x08002e78   Section      116  main.o(i.ShowErrMsg)
    i.SysTick_Handler                        0x08002eec   Section        2  stm32f10x_it.o(i.SysTick_Handler)
    i.SystemInit                             0x08002ef0   Section       84  system_stm32f10x.o(i.SystemInit)
    i.TIM4_IRQHandler                        0x08002f44   Section       32  stm32f10x_it.o(i.TIM4_IRQHandler)
    i.TIM_ClearITPendingBit                  0x08002f64   Section        6  stm32f10x_tim.o(i.TIM_ClearITPendingBit)
    i.USART_Cmd                              0x08002f6a   Section       24  stm32f10x_usart.o(i.USART_Cmd)
    i.USART_DMACmd                           0x08002f82   Section       24  stm32f10x_usart.o(i.USART_DMACmd)
    i.USART_Init                             0x08002f9c   Section      160  stm32f10x_usart.o(i.USART_Init)
    i.UsageFault_Handler                     0x0800303c   Section        4  stm32f10x_it.o(i.UsageFault_Handler)
    i.auto_mount                             0x08003040   Section      864  ff.o(i.auto_mount)
    auto_mount                               0x08003041   Thumb Code   852  ff.o(i.auto_mount)
    i.check_fs                               0x080033a0   Section      112  ff.o(i.check_fs)
    check_fs                                 0x080033a1   Thumb Code   100  ff.o(i.check_fs)
    i.chk_chr                                0x08003410   Section       20  ff.o(i.chk_chr)
    chk_chr                                  0x08003411   Thumb Code    20  ff.o(i.chk_chr)
    i.clust2sect                             0x08003424   Section       26  ff.o(i.clust2sect)
    clust2sect                               0x08003425   Thumb Code    26  ff.o(i.clust2sect)
    i.convert_from_bytes_to_power_of_two     0x0800343e   Section       18  sdcard.o(i.convert_from_bytes_to_power_of_two)
    convert_from_bytes_to_power_of_two       0x0800343f   Thumb Code    18  sdcard.o(i.convert_from_bytes_to_power_of_two)
    i.create_chain                           0x08003450   Section      182  ff.o(i.create_chain)
    create_chain                             0x08003451   Thumb Code   182  ff.o(i.create_chain)
    i.create_name                            0x08003508   Section      352  ff.o(i.create_name)
    create_name                              0x08003509   Thumb Code   334  ff.o(i.create_name)
    i.dir_find                               0x08003668   Section      124  ff.o(i.dir_find)
    dir_find                                 0x08003669   Thumb Code   124  ff.o(i.dir_find)
    i.dir_next                               0x080036e4   Section      304  ff.o(i.dir_next)
    dir_next                                 0x080036e5   Thumb Code   304  ff.o(i.dir_next)
    i.dir_register                           0x08003814   Section      120  ff.o(i.dir_register)
    dir_register                             0x08003815   Thumb Code   120  ff.o(i.dir_register)
    i.dir_seek                               0x0800388c   Section      168  ff.o(i.dir_seek)
    dir_seek                                 0x0800388d   Thumb Code   168  ff.o(i.dir_seek)
    i.disk_ioctl                             0x08003934   Section       72  diskio.o(i.disk_ioctl)
    i.disk_read                              0x0800397c   Section       74  diskio.o(i.disk_read)
    i.disk_status                            0x080039c6   Section       12  diskio.o(i.disk_status)
    i.disk_write                             0x080039d2   Section       74  diskio.o(i.disk_write)
    i.f_close                                0x08003a1c   Section       22  ff.o(i.f_close)
    i.f_lseek                                0x08003a32   Section      456  ff.o(i.f_lseek)
    i.f_mount                                0x08003bfc   Section       44  ff.o(i.f_mount)
    i.f_open                                 0x08003c28   Section      392  ff.o(i.f_open)
    i.f_read                                 0x08003db0   Section      446  ff.o(i.f_read)
    i.f_sync                                 0x08003f6e   Section      182  ff.o(i.f_sync)
    i.follow_path                            0x08004024   Section      164  ff.o(i.follow_path)
    follow_path                              0x08004025   Thumb Code   164  ff.o(i.follow_path)
    i.get_cluster                            0x080040c8   Section      310  ff.o(i.get_cluster)
    get_cluster                              0x080040c9   Thumb Code   310  ff.o(i.get_cluster)
    i.get_fattime                            0x080041fe   Section        4  diskio.o(i.get_fattime)
    i.main                                   0x08004204   Section      344  main.o(i.main)
    i.mem_cmp                                0x0800435c   Section       38  ff.o(i.mem_cmp)
    mem_cmp                                  0x0800435d   Thumb Code    38  ff.o(i.mem_cmp)
    i.mem_cpy                                0x08004382   Section       26  ff.o(i.mem_cpy)
    mem_cpy                                  0x08004383   Thumb Code    26  ff.o(i.mem_cpy)
    i.mem_set                                0x0800439c   Section       20  ff.o(i.mem_set)
    mem_set                                  0x0800439d   Thumb Code    20  ff.o(i.mem_set)
    i.move_window                            0x080043b0   Section      114  ff.o(i.move_window)
    move_window                              0x080043b1   Thumb Code   114  ff.o(i.move_window)
    i.put_cluster                            0x08004422   Section      380  ff.o(i.put_cluster)
    put_cluster                              0x08004423   Thumb Code   380  ff.o(i.put_cluster)
    i.remove_chain                           0x0800459e   Section      104  ff.o(i.remove_chain)
    remove_chain                             0x0800459f   Thumb Code   104  ff.o(i.remove_chain)
    i.sync                                   0x08004606   Section      200  ff.o(i.sync)
    sync                                     0x08004607   Thumb Code   200  ff.o(i.sync)
    i.validate                               0x080046ce   Section       42  ff.o(i.validate)
    validate                                 0x080046cf   Thumb Code    42  ff.o(i.validate)
    i.wait_ready                             0x080046f8   Section      156  sdcard.o(i.wait_ready)
    locale$$code                             0x08004794   Section       44  lc_ctype_c.o(locale$$code)
    locale$$data                             0x080047e0   Section      272  lc_ctype_c.o(locale$$data)
    __lcctype_c_name                         0x080047e4   Data           2  lc_ctype_c.o(locale$$data)
    __lcctype_c_start                        0x080047ec   Data           0  lc_ctype_c.o(locale$$data)
    __lcctype_c_end                          0x080048f0   Data           0  lc_ctype_c.o(locale$$data)
    .data                                    0x20000000   Section       76  main.o(.data)
    .data                                    0x2000004c   Section       40  sdcard.o(.data)
    CardType                                 0x2000004c   Data           4  sdcard.o(.data)
    RCA                                      0x20000050   Data           4  sdcard.o(.data)
    DeviceMode                               0x20000054   Data           4  sdcard.o(.data)
    TotalNumberOfBytes                       0x20000058   Data           4  sdcard.o(.data)
    StopCondition                            0x2000005c   Data           4  sdcard.o(.data)
    .data                                    0x20000074   Section        6  ff.o(.data)
    FatFs                                    0x20000074   Data           4  ff.o(.data)
    Fsid                                     0x20000078   Data           2  ff.o(.data)
    .data                                    0x2000007a   Section       20  stm32f10x_rcc.o(.data)
    APBAHBPrescTable                         0x2000007a   Data          16  stm32f10x_rcc.o(.data)
    ADCPrescTable                            0x2000008a   Data           4  stm32f10x_rcc.o(.data)
    .bss                                     0x20000090   Section    24158  main.o(.bss)
    .bss                                     0x20005ef0   Section      100  sdcard.o(.bss)
    CSD_Tab                                  0x20005ef0   Data          16  sdcard.o(.bss)
    CID_Tab                                  0x20005f00   Data          16  sdcard.o(.bss)
    .bss                                     0x20005f54   Section       96  libspace.o(.bss)
    HEAP                                     0x20005fb8   Section      256  startup_stm32f10x_hd.o(HEAP)
    Heap_Mem                                 0x20005fb8   Data         256  startup_stm32f10x_hd.o(HEAP)
    STACK                                    0x200060b8   Section     2048  startup_stm32f10x_hd.o(STACK)
    Stack_Mem                                0x200060b8   Data        2048  startup_stm32f10x_hd.o(STACK)
    __initial_sp                             0x200068b8   Data           0  startup_stm32f10x_hd.o(STACK)

    Global Symbols

    Symbol Name                              Value     Ov Type        Size  Object(Section)

    BuildAttributes$$THM_ISAv4$P$D$K$B$S$PE$A:L22UL41UL21$X:L11$S22US41US21$IEEE1$IW$USESV6$~STKCKD$USESV7$~SHL$OSPACE$ROPI$EBA8$UX$STANDARDLIB$REQ8$PRES8$EABIv2 0x00000000   Number         0  anon$$obj.o ABSOLUTE
    __ARM_use_no_argv                        0x00000000   Number         0  main.o ABSOLUTE
    __ARM_exceptions_init                     - Undefined Weak Reference
    __alloca_initialize                       - Undefined Weak Reference
    __cpp_initialize__aeabi_                  - Undefined Weak Reference
    __cxa_finalize                            - Undefined Weak Reference
    __sigvec_lookup                           - Undefined Weak Reference
    _atexit_init                              - Undefined Weak Reference
    _call_atexit_fns                          - Undefined Weak Reference
    _clock_init                               - Undefined Weak Reference
    _fp_trap_init                             - Undefined Weak Reference
    _fp_trap_shutdown                         - Undefined Weak Reference
    _get_lc_collate                           - Undefined Weak Reference
    _get_lc_monetary                          - Undefined Weak Reference
    _get_lc_numeric                           - Undefined Weak Reference
    _get_lc_time                              - Undefined Weak Reference
    _getenv_init                              - Undefined Weak Reference
    _handle_redirection                       - Undefined Weak Reference
    _init_alloc                               - Undefined Weak Reference
    _init_user_alloc                          - Undefined Weak Reference
    _initio                                   - Undefined Weak Reference
    _rand_init                                - Undefined Weak Reference
    _signal_finish                            - Undefined Weak Reference
    _signal_init                              - Undefined Weak Reference
    _terminate_alloc                          - Undefined Weak Reference
    _terminate_user_alloc                     - Undefined Weak Reference
    _terminateio                              - Undefined Weak Reference
    __Vectors_Size                           0x00000130   Number         0  startup_stm32f10x_hd.o ABSOLUTE
    __Vectors                                0x08000000   Data           4  startup_stm32f10x_hd.o(RESET)
    __Vectors_End                            0x08000130   Data           0  startup_stm32f10x_hd.o(RESET)
    __main                                   0x08000131   Thumb Code     8  __main.o(!!!main)
    __scatterload                            0x08000139   Thumb Code     0  __scatter.o(!!!scatter)
    __scatterload_rt2                        0x08000139   Thumb Code    44  __scatter.o(!!!scatter)
    __scatterload_rt2_thumb_only             0x08000139   Thumb Code     0  __scatter.o(!!!scatter)
    __scatterload_null                       0x08000147   Thumb Code     0  __scatter.o(!!!scatter)
    __scatterload_copy                       0x0800016d   Thumb Code    26  __scatter_copy.o(!!handler_copy)
    __scatterload_zeroinit                   0x08000189   Thumb Code    28  __scatter_zi.o(!!handler_zi)
    __rt_lib_init                            0x080001a5   Thumb Code     0  libinit.o(.ARM.Collect$$libinit$$00000000)
    __rt_lib_init_heap_1                     0x080001ab   Thumb Code     0  libinit2.o(.ARM.Collect$$libinit$$00000006)
    __rt_lib_init_lc_common                  0x080001ab   Thumb Code     0  libinit2.o(.ARM.Collect$$libinit$$0000000B)
    __rt_lib_init_rand_1                     0x080001ab   Thumb Code     0  libinit2.o(.ARM.Collect$$libinit$$0000000A)
    __rt_lib_init_user_alloc_1               0x080001ab   Thumb Code     0  libinit2.o(.ARM.Collect$$libinit$$00000008)
    __rt_lib_init_lc_collate_1               0x080001b1   Thumb Code     0  libinit2.o(.ARM.Collect$$libinit$$0000000D)
    __rt_lib_init_lc_ctype_2                 0x080001b1   Thumb Code     0  libinit2.o(.ARM.Collect$$libinit$$0000000E)
    __rt_lib_init_alloca_1                   0x080001bd   Thumb Code     0  libinit2.o(.ARM.Collect$$libinit$$0000002A)
    __rt_lib_init_argv_1                     0x080001bd   Thumb Code     0  libinit2.o(.ARM.Collect$$libinit$$00000028)
    __rt_lib_init_atexit_1                   0x080001bd   Thumb Code     0  libinit2.o(.ARM.Collect$$libinit$$00000017)
    __rt_lib_init_clock_1                    0x080001bd   Thumb Code     0  libinit2.o(.ARM.Collect$$libinit$$0000001D)
    __rt_lib_init_cpp_1                      0x080001bd   Thumb Code     0  libinit2.o(.ARM.Collect$$libinit$$0000002E)
    __rt_lib_init_exceptions_1               0x080001bd   Thumb Code     0  libinit2.o(.ARM.Collect$$libinit$$0000002C)
    __rt_lib_init_fp_trap_1                  0x080001bd   Thumb Code     0  libinit2.o(.ARM.Collect$$libinit$$0000001B)
    __rt_lib_init_getenv_1                   0x080001bd   Thumb Code     0  libinit2.o(.ARM.Collect$$libinit$$0000001F)
    __rt_lib_init_lc_ctype_1                 0x080001bd   Thumb Code     0  libinit2.o(.ARM.Collect$$libinit$$0000000F)
    __rt_lib_init_lc_monetary_1              0x080001bd   Thumb Code     0  libinit2.o(.ARM.Collect$$libinit$$00000011)
    __rt_lib_init_lc_numeric_1               0x080001bd   Thumb Code     0  libinit2.o(.ARM.Collect$$libinit$$00000013)
    __rt_lib_init_lc_time_1                  0x080001bd   Thumb Code     0  libinit2.o(.ARM.Collect$$libinit$$00000015)
    __rt_lib_init_return                     0x080001bd   Thumb Code     0  libinit2.o(.ARM.Collect$$libinit$$0000002F)
    __rt_lib_init_signal_1                   0x080001bd   Thumb Code     0  libinit2.o(.ARM.Collect$$libinit$$00000019)
    __rt_lib_init_stdio_1                    0x080001bd   Thumb Code     0  libinit2.o(.ARM.Collect$$libinit$$00000021)
    __rt_lib_shutdown                        0x080001bf   Thumb Code     0  libshutdown.o(.ARM.Collect$$libshutdown$$00000000)
    __rt_lib_shutdown_fp_trap_1              0x080001c1   Thumb Code     0  libshutdown2.o(.ARM.Collect$$libshutdown$$00000006)
    __rt_lib_shutdown_heap_1                 0x080001c1   Thumb Code     0  libshutdown2.o(.ARM.Collect$$libshutdown$$0000000E)
    __rt_lib_shutdown_return                 0x080001c1   Thumb Code     0  libshutdown2.o(.ARM.Collect$$libshutdown$$0000000F)
    __rt_lib_shutdown_signal_1               0x080001c1   Thumb Code     0  libshutdown2.o(.ARM.Collect$$libshutdown$$00000009)
    __rt_lib_shutdown_stdio_1                0x080001c1   Thumb Code     0  libshutdown2.o(.ARM.Collect$$libshutdown$$00000003)
    __rt_lib_shutdown_user_alloc_1           0x080001c1   Thumb Code     0  libshutdown2.o(.ARM.Collect$$libshutdown$$0000000B)
    __rt_entry                               0x080001c3   Thumb Code     0  rtentry.o(.ARM.Collect$$rtentry$$00000000)
    __rt_entry_presh_1                       0x080001c3   Thumb Code     0  rtentry2.o(.ARM.Collect$$rtentry$$00000002)
    __rt_entry_sh                            0x080001c3   Thumb Code     0  rtentry4.o(.ARM.Collect$$rtentry$$00000004)
    __rt_entry_li                            0x080001c9   Thumb Code     0  rtentry2.o(.ARM.Collect$$rtentry$$0000000A)
    __rt_entry_postsh_1                      0x080001c9   Thumb Code     0  rtentry2.o(.ARM.Collect$$rtentry$$00000009)
    __rt_entry_main                          0x080001cd   Thumb Code     0  rtentry2.o(.ARM.Collect$$rtentry$$0000000D)
    __rt_entry_postli_1                      0x080001cd   Thumb Code     0  rtentry2.o(.ARM.Collect$$rtentry$$0000000C)
    __rt_exit                                0x080001d5   Thumb Code     0  rtexit.o(.ARM.Collect$$rtexit$$00000000)
    __rt_exit_ls                             0x080001d5   Thumb Code     0  rtexit2.o(.ARM.Collect$$rtexit$$00000003)
    __rt_exit_prels_1                        0x080001d5   Thumb Code     0  rtexit2.o(.ARM.Collect$$rtexit$$00000002)
    __rt_exit_exit                           0x080001d9   Thumb Code     0  rtexit2.o(.ARM.Collect$$rtexit$$00000004)
    SystemInit_ExtMemCtl                     0x080001dd   Thumb Code     2  startup_stm32f10x_hd.o(.text)
    Reset_Handler                            0x080001df   Thumb Code    14  startup_stm32f10x_hd.o(.text)
    ADC1_2_IRQHandler                        0x080001ff   Thumb Code     0  startup_stm32f10x_hd.o(.text)
    ADC3_IRQHandler                          0x080001ff   Thumb Code     0  startup_stm32f10x_hd.o(.text)
    CAN1_RX1_IRQHandler                      0x080001ff   Thumb Code     0  startup_stm32f10x_hd.o(.text)
    CAN1_SCE_IRQHandler                      0x080001ff   Thumb Code     0  startup_stm32f10x_hd.o(.text)
    DMA1_Channel1_IRQHandler                 0x080001ff   Thumb Code     0  startup_stm32f10x_hd.o(.text)
    DMA1_Channel2_IRQHandler                 0x080001ff   Thumb Code     0  startup_stm32f10x_hd.o(.text)
    DMA1_Channel3_IRQHandler                 0x080001ff   Thumb Code     0  startup_stm32f10x_hd.o(.text)
    DMA1_Channel4_IRQHandler                 0x080001ff   Thumb Code     0  startup_stm32f10x_hd.o(.text)
    DMA1_Channel6_IRQHandler                 0x080001ff   Thumb Code     0  startup_stm32f10x_hd.o(.text)
    DMA1_Channel7_IRQHandler                 0x080001ff   Thumb Code     0  startup_stm32f10x_hd.o(.text)
    DMA2_Channel1_IRQHandler                 0x080001ff   Thumb Code     0  startup_stm32f10x_hd.o(.text)
    DMA2_Channel2_IRQHandler                 0x080001ff   Thumb Code     0  startup_stm32f10x_hd.o(.text)
    DMA2_Channel3_IRQHandler                 0x080001ff   Thumb Code     0  startup_stm32f10x_hd.o(.text)
    DMA2_Channel4_5_IRQHandler               0x080001ff   Thumb Code     0  startup_stm32f10x_hd.o(.text)
    EXTI0_IRQHandler                         0x080001ff   Thumb Code     0  startup_stm32f10x_hd.o(.text)
    EXTI15_10_IRQHandler                     0x080001ff   Thumb Code     0  startup_stm32f10x_hd.o(.text)
    EXTI1_IRQHandler                         0x080001ff   Thumb Code     0  startup_stm32f10x_hd.o(.text)
    EXTI2_IRQHandler                         0x080001ff   Thumb Code     0  startup_stm32f10x_hd.o(.text)
    EXTI3_IRQHandler                         0x080001ff   Thumb Code     0  startup_stm32f10x_hd.o(.text)
    EXTI4_IRQHandler                         0x080001ff   Thumb Code     0  startup_stm32f10x_hd.o(.text)
    EXTI9_5_IRQHandler                       0x080001ff   Thumb Code     0  startup_stm32f10x_hd.o(.text)
    FLASH_IRQHandler                         0x080001ff   Thumb Code     0  startup_stm32f10x_hd.o(.text)
    FSMC_IRQHandler                          0x080001ff   Thumb Code     0  startup_stm32f10x_hd.o(.text)
    I2C1_ER_IRQHandler                       0x080001ff   Thumb Code     0  startup_stm32f10x_hd.o(.text)
    I2C1_EV_IRQHandler                       0x080001ff   Thumb Code     0  startup_stm32f10x_hd.o(.text)
    I2C2_ER_IRQHandler                       0x080001ff   Thumb Code     0  startup_stm32f10x_hd.o(.text)
    I2C2_EV_IRQHandler                       0x080001ff   Thumb Code     0  startup_stm32f10x_hd.o(.text)
    PVD_IRQHandler                           0x080001ff   Thumb Code     0  startup_stm32f10x_hd.o(.text)
    RCC_IRQHandler                           0x080001ff   Thumb Code     0  startup_stm32f10x_hd.o(.text)
    RTCAlarm_IRQHandler                      0x080001ff   Thumb Code     0  startup_stm32f10x_hd.o(.text)
    RTC_IRQHandler                           0x080001ff   Thumb Code     0  startup_stm32f10x_hd.o(.text)
    SPI1_IRQHandler                          0x080001ff   Thumb Code     0  startup_stm32f10x_hd.o(.text)
    SPI2_IRQHandler                          0x080001ff   Thumb Code     0  startup_stm32f10x_hd.o(.text)
    SPI3_IRQHandler                          0x080001ff   Thumb Code     0  startup_stm32f10x_hd.o(.text)
    TAMPER_IRQHandler                        0x080001ff   Thumb Code     0  startup_stm32f10x_hd.o(.text)
    TIM1_BRK_IRQHandler                      0x080001ff   Thumb Code     0  startup_stm32f10x_hd.o(.text)
    TIM1_CC_IRQHandler                       0x080001ff   Thumb Code     0  startup_stm32f10x_hd.o(.text)
    TIM1_TRG_COM_IRQHandler                  0x080001ff   Thumb Code     0  startup_stm32f10x_hd.o(.text)
    TIM1_UP_IRQHandler                       0x080001ff   Thumb Code     0  startup_stm32f10x_hd.o(.text)
    TIM2_IRQHandler                          0x080001ff   Thumb Code     0  startup_stm32f10x_hd.o(.text)
    TIM3_IRQHandler                          0x080001ff   Thumb Code     0  startup_stm32f10x_hd.o(.text)
    TIM5_IRQHandler                          0x080001ff   Thumb Code     0  startup_stm32f10x_hd.o(.text)
    TIM6_IRQHandler                          0x080001ff   Thumb Code     0  startup_stm32f10x_hd.o(.text)
    TIM7_IRQHandler                          0x080001ff   Thumb Code     0  startup_stm32f10x_hd.o(.text)
    TIM8_BRK_IRQHandler                      0x080001ff   Thumb Code     0  startup_stm32f10x_hd.o(.text)
    TIM8_CC_IRQHandler                       0x080001ff   Thumb Code     0  startup_stm32f10x_hd.o(.text)
    TIM8_TRG_COM_IRQHandler                  0x080001ff   Thumb Code     0  startup_stm32f10x_hd.o(.text)
    TIM8_UP_IRQHandler                       0x080001ff   Thumb Code     0  startup_stm32f10x_hd.o(.text)
    UART4_IRQHandler                         0x080001ff   Thumb Code     0  startup_stm32f10x_hd.o(.text)
    UART5_IRQHandler                         0x080001ff   Thumb Code     0  startup_stm32f10x_hd.o(.text)
    USART1_IRQHandler                        0x080001ff   Thumb Code     0  startup_stm32f10x_hd.o(.text)
    USART2_IRQHandler                        0x080001ff   Thumb Code     0  startup_stm32f10x_hd.o(.text)
    USART3_IRQHandler                        0x080001ff   Thumb Code     0  startup_stm32f10x_hd.o(.text)
    USBWakeUp_IRQHandler                     0x080001ff   Thumb Code     0  startup_stm32f10x_hd.o(.text)
    USB_HP_CAN1_TX_IRQHandler                0x080001ff   Thumb Code     0  startup_stm32f10x_hd.o(.text)
    USB_LP_CAN1_RX0_IRQHandler               0x080001ff   Thumb Code     0  startup_stm32f10x_hd.o(.text)
    WWDG_IRQHandler                          0x080001ff   Thumb Code     0  startup_stm32f10x_hd.o(.text)
    __user_initial_stackheap                 0x08000201   Thumb Code     0  startup_stm32f10x_hd.o(.text)
    atoi                                     0x08000229   Thumb Code    26  atoi.o(.text)
    __use_two_region_memory                  0x08000243   Thumb Code     2  heapauxi.o(.text)
    __rt_heap_escrow$2region                 0x08000245   Thumb Code     2  heapauxi.o(.text)
    __rt_heap_expand$2region                 0x08000247   Thumb Code     2  heapauxi.o(.text)
    __aeabi_errno_addr                       0x08000249   Thumb Code    12  rt_errno_addr_intlibspace.o(.text)
    __errno$intlibspace                      0x08000249   Thumb Code     0  rt_errno_addr_intlibspace.o(.text)
    __rt_errno_addr$intlibspace              0x08000249   Thumb Code     0  rt_errno_addr_intlibspace.o(.text)
    strtol                                   0x08000255   Thumb Code   112  strtol.o(.text)
    __user_libspace                          0x080002c5   Thumb Code     8  libspace.o(.text)
    __user_perproc_libspace                  0x080002c5   Thumb Code     0  libspace.o(.text)
    __user_perthread_libspace                0x080002c5   Thumb Code     0  libspace.o(.text)
    __rt_ctype_table                         0x080002cd   Thumb Code    16  rt_ctype_table.o(.text)
    _strtoul                                 0x080002dd   Thumb Code   152  _strtoul.o(.text)
    __user_setup_stackheap                   0x08000375   Thumb Code    74  sys_stackheap_outer.o(.text)
    __rt_locale                              0x080003c1   Thumb Code    12  rt_locale_intlibspace.o(.text)
    _chval                                   0x080003cd   Thumb Code    32  _chval.o(.text)
    exit                                     0x080003ed   Thumb Code    12  exit.o(.text)
    strcmp                                   0x080003f9   Thumb Code   128  strcmpv7m.o(.text)
    _sys_exit                                0x08000479   Thumb Code    16  sys_exit.o(.text)
    __I$use$semihosting                      0x0800048d   Thumb Code     0  use_no_semi.o(.text)
    __use_no_semihosting_swi                 0x0800048d   Thumb Code     2  use_no_semi.o(.text)
    BusFault_Handler                         0x0800048f   Thumb Code     4  stm32f10x_it.o(i.BusFault_Handler)
    DMA1_Channel5_IRQHandler                 0x08000755   Thumb Code   300  stm32f10x_it.o(i.DMA1_Channel5_IRQHandler)
    DMA_ClearFlag                            0x080008a5   Thumb Code    18  stm32f10x_dma.o(i.DMA_ClearFlag)
    DMA_ClearITPendingBit                    0x080008c1   Thumb Code    18  stm32f10x_dma.o(i.DMA_ClearITPendingBit)
    DMA_Cmd                                  0x080008dd   Thumb Code    22  stm32f10x_dma.o(i.DMA_Cmd)
    DMA_DeInit                               0x080008f5   Thumb Code   334  stm32f10x_dma.o(i.DMA_DeInit)
    DMA_GetFlagStatus                        0x08000a4d   Thumb Code    34  stm32f10x_dma.o(i.DMA_GetFlagStatus)
    DMA_ITConfig                             0x08000a79   Thumb Code    18  stm32f10x_dma.o(i.DMA_ITConfig)
    DMA_Init                                 0x08000a8b   Thumb Code    60  stm32f10x_dma.o(i.DMA_Init)
    DebugMon_Handler                         0x08000b91   Thumb Code     2  stm32f10x_it.o(i.DebugMon_Handler)
    GPIODelay                                0x08000d29   Thumb Code    12  led_485.o(i.GPIODelay)
    GPIO_Configuration                       0x08000d35   Thumb Code   126  main.o(i.GPIO_Configuration)
    GPIO_Init                                0x08000e05   Thumb Code   268  stm32f10x_gpio.o(i.GPIO_Init)
    HardFault_Handler                        0x08000f11   Thumb Code     4  stm32f10x_it.o(i.HardFault_Handler)
    InitDMA                                  0x08000f15   Thumb Code    96  main.o(i.InitDMA)
    InitSD                                   0x08000f85   Thumb Code    84  main.o(i.InitSD)
    InitUart                                 0x08000fe1   Thumb Code    66  main.o(i.InitUart)
    MemManage_Handler                        0x08001199   Thumb Code     4  stm32f10x_it.o(i.MemManage_Handler)
    NMI_Handler                              0x0800119d   Thumb Code     2  stm32f10x_it.o(i.NMI_Handler)
    NVIC_Configuration                       0x0800119f   Thumb Code    70  main.o(i.NVIC_Configuration)
    NVIC_Init                                0x080011e5   Thumb Code   102  misc.o(i.NVIC_Init)
    NVIC_PriorityGroupConfig                 0x08001259   Thumb Code    10  misc.o(i.NVIC_PriorityGroupConfig)
    PendSV_Handler                           0x0800126d   Thumb Code     2  stm32f10x_it.o(i.PendSV_Handler)
    RCC_AHBPeriphClockCmd                    0x08001271   Thumb Code    26  stm32f10x_rcc.o(i.RCC_AHBPeriphClockCmd)
    RCC_APB2PeriphClockCmd                   0x08001291   Thumb Code    26  stm32f10x_rcc.o(i.RCC_APB2PeriphClockCmd)
    RCC_Configuration                        0x080012b1   Thumb Code     8  main.o(i.RCC_Configuration)
    RCC_GetClocksFreq                        0x080012b9   Thumb Code   194  stm32f10x_rcc.o(i.RCC_GetClocksFreq)
    ReadAndDispatch                          0x0800138d   Thumb Code   112  main.o(i.ReadAndDispatch)
    SDIO_ClearFlag                           0x0800152d   Thumb Code     6  stm32f10x_sdio.o(i.SDIO_ClearFlag)
    SDIO_ClearITPendingBit                   0x08001539   Thumb Code     6  stm32f10x_sdio.o(i.SDIO_ClearITPendingBit)
    SDIO_ClockCmd                            0x08001545   Thumb Code     6  stm32f10x_sdio.o(i.SDIO_ClockCmd)
    SDIO_DMACmd                              0x08001551   Thumb Code     6  stm32f10x_sdio.o(i.SDIO_DMACmd)
    SDIO_DataConfig                          0x0800155d   Thumb Code    42  stm32f10x_sdio.o(i.SDIO_DataConfig)
    SDIO_DeInit                              0x0800158d   Thumb Code    28  stm32f10x_sdio.o(i.SDIO_DeInit)
    SDIO_GetCommandResponse                  0x080015b1   Thumb Code     8  stm32f10x_sdio.o(i.SDIO_GetCommandResponse)
    SDIO_GetFlagStatus                       0x080015bd   Thumb Code    20  stm32f10x_sdio.o(i.SDIO_GetFlagStatus)
    SDIO_GetITStatus                         0x080015d5   Thumb Code    20  stm32f10x_sdio.o(i.SDIO_GetITStatus)
    SDIO_GetPowerState                       0x080015ed   Thumb Code    10  stm32f10x_sdio.o(i.SDIO_GetPowerState)
    SDIO_GetResponse                         0x080015fd   Thumb Code    12  stm32f10x_sdio.o(i.SDIO_GetResponse)
    SDIO_IRQHandler                          0x0800160d   Thumb Code     8  stm32f10x_it.o(i.SDIO_IRQHandler)
    SDIO_ITConfig                            0x08001615   Thumb Code    26  stm32f10x_sdio.o(i.SDIO_ITConfig)
    SDIO_Init                                0x08001635   Thumb Code    42  stm32f10x_sdio.o(i.SDIO_Init)
    SDIO_ReadData                            0x08001665   Thumb Code     6  stm32f10x_sdio.o(i.SDIO_ReadData)
    SDIO_SendCommand                         0x08001671   Thumb Code    38  stm32f10x_sdio.o(i.SDIO_SendCommand)
    SDIO_SetPowerState                       0x0800169d   Thumb Code    22  stm32f10x_sdio.o(i.SDIO_SetPowerState)
    SDIO_WriteData                           0x080016b9   Thumb Code     6  stm32f10x_sdio.o(i.SDIO_WriteData)
    SD_EnableWideBusOperation                0x080016c5   Thumb Code   142  sdcard.o(i.SD_EnableWideBusOperation)
    SD_GetCardInfo                           0x0800175d   Thumb Code   754  sdcard.o(i.SD_GetCardInfo)
    SD_Init                                  0x08001a59   Thumb Code    86  sdcard.o(i.SD_Init)
    SD_InitializeCards                       0x08001ab5   Thumb Code   304  sdcard.o(i.SD_InitializeCards)
    SD_PowerON                               0x08001bf1   Thumb Code   374  sdcard.o(i.SD_PowerON)
    SD_ProcessIRQSrc                         0x08001d79   Thumb Code   564  sdcard.o(i.SD_ProcessIRQSrc)
    SD_ReadBlock                             0x08001fc5   Thumb Code   550  sdcard.o(i.SD_ReadBlock)
    SD_ReadMultiBlocks                       0x08002211   Thumb Code   724  sdcard.o(i.SD_ReadMultiBlocks)
    SD_SelectDeselect                        0x08002509   Thumb Code    48  sdcard.o(i.SD_SelectDeselect)
    SD_SetDeviceMode                         0x0800253d   Thumb Code    24  sdcard.o(i.SD_SetDeviceMode)
    SD_StopTransfer                          0x08002559   Thumb Code    46  sdcard.o(i.SD_StopTransfer)
    SD_WriteBlock                            0x0800258d   Thumb Code   850  sdcard.o(i.SD_WriteBlock)
    SD_WriteMultiBlocks                      0x08002905   Thumb Code  1122  sdcard.o(i.SD_WriteMultiBlocks)
    SVC_Handler                              0x08002d67   Thumb Code     2  stm32f10x_it.o(i.SVC_Handler)
    SendDataAll                              0x08002d69   Thumb Code    46  led_485.o(i.SendDataAll)
    ShowErrMsg                               0x08002e79   Thumb Code   102  main.o(i.ShowErrMsg)
    SysTick_Handler                          0x08002eed   Thumb Code     2  stm32f10x_it.o(i.SysTick_Handler)
    SystemInit                               0x08002ef1   Thumb Code    70  system_stm32f10x.o(i.SystemInit)
    TIM4_IRQHandler                          0x08002f45   Thumb Code    22  stm32f10x_it.o(i.TIM4_IRQHandler)
    TIM_ClearITPendingBit                    0x08002f65   Thumb Code     6  stm32f10x_tim.o(i.TIM_ClearITPendingBit)
    USART_Cmd                                0x08002f6b   Thumb Code    24  stm32f10x_usart.o(i.USART_Cmd)
    USART_DMACmd                             0x08002f83   Thumb Code    24  stm32f10x_usart.o(i.USART_DMACmd)
    USART_Init                               0x08002f9d   Thumb Code   156  stm32f10x_usart.o(i.USART_Init)
    UsageFault_Handler                       0x0800303d   Thumb Code     4  stm32f10x_it.o(i.UsageFault_Handler)
    disk_ioctl                               0x08003935   Thumb Code    66  diskio.o(i.disk_ioctl)
    disk_read                                0x0800397d   Thumb Code    74  diskio.o(i.disk_read)
    disk_status                              0x080039c7   Thumb Code    12  diskio.o(i.disk_status)
    disk_write                               0x080039d3   Thumb Code    74  diskio.o(i.disk_write)
    f_close                                  0x08003a1d   Thumb Code    22  ff.o(i.f_close)
    f_lseek                                  0x08003a33   Thumb Code   456  ff.o(i.f_lseek)
    f_mount                                  0x08003bfd   Thumb Code    38  ff.o(i.f_mount)
    f_open                                   0x08003c29   Thumb Code   392  ff.o(i.f_open)
    f_read                                   0x08003db1   Thumb Code   446  ff.o(i.f_read)
    f_sync                                   0x08003f6f   Thumb Code   182  ff.o(i.f_sync)
    get_fattime                              0x080041ff   Thumb Code     4  diskio.o(i.get_fattime)
    main                                     0x08004205   Thumb Code   278  main.o(i.main)
    wait_ready                               0x080046f9   Thumb Code   144  sdcard.o(i.wait_ready)
    _get_lc_ctype                            0x08004795   Thumb Code    44  lc_ctype_c.o(locale$$code)
    Region$$Table$$Base                      0x080047c0   Number         0  anon$$obj.o(Region$$Table)
    Region$$Table$$Limit                     0x080047e0   Number         0  anon$$obj.o(Region$$Table)
    __ctype                                  0x080047ed   Data           0  lc_ctype_c.o(locale$$data)
    TmCnt                                    0x20000000   Data           4  main.o(.data)
    EraseStatus                              0x20000004   Data           1  main.o(.data)
    TransferStatus1                          0x20000005   Data           1  main.o(.data)
    TransferStatus2                          0x20000006   Data           1  main.o(.data)
    Status                                   0x20000007   Data           1  main.o(.data)
    CurBuff                                  0x20000008   Data           1  main.o(.data)
    CurBlock                                 0x2000000c   Data           4  main.o(.data)
    CurReadPoint                             0x20000010   Data           4  main.o(.data)
    TeamLeft                                 0x20000014   Data           4  main.o(.data)
    TeamRead                                 0x20000018   Data           4  main.o(.data)
    TeamWrite                                0x2000001c   Data           4  main.o(.data)
    NeedNewData                              0x20000020   Data           1  main.o(.data)
    MYADDR                                   0x20000024   Data           4  main.o(.data)
    res                                      0x20000028   Data           1  main.o(.data)
    fresult                                  0x20000029   Data           1  main.o(.data)
    nRead                                    0x2000002c   Data           4  main.o(.data)
    Speed                                    0x20000030   Data           8  main.o(.data)
    tm                                       0x20000038   Data           4  main.o(.data)
    i                                        0x2000003c   Data           4  main.o(.data)
    j                                        0x20000040   Data           4  main.o(.data)
    Data485                                  0x20000044   Data           2  main.o(.data)
    temp                                     0x20000048   Data           4  main.o(.data)
    TransferError                            0x20000060   Data           1  sdcard.o(.data)
    TransferEnd                              0x20000064   Data           4  sdcard.o(.data)
    NumberOfBytes                            0x20000068   Data           4  sdcard.o(.data)
    SrcBuffer                                0x2000006c   Data           4  sdcard.o(.data)
    DestBuffer                               0x20000070   Data           4  sdcard.o(.data)
    SDCardInfo                               0x20000090   Data          80  main.o(.bss)
    USART_InitStructure                      0x200000e0   Data          16  main.o(.bss)
    DMA_InitStructure                        0x200000f0   Data          44  main.o(.bss)
    UartBuffer                               0x2000011c   Data       20000  main.o(.bss)
    fs                                       0x20004f3c   Data         560  main.o(.bss)
    g_sFileObject                            0x2000516c   Data         548  main.o(.bss)
    ReadBuff                                 0x20005390   Data        2880  main.o(.bss)
    Team485                                  0x20005ed0   Data          20  main.o(.bss)
    TIM_TimeBaseStructure                    0x20005ee4   Data          10  main.o(.bss)
    SDIO_InitStructure                       0x20005f10   Data          24  sdcard.o(.bss)
    SDIO_CmdInitStructure                    0x20005f28   Data          20  sdcard.o(.bss)
    SDIO_DataInitStructure                   0x20005f3c   Data          24  sdcard.o(.bss)
    __libspace_start                         0x20005f54   Data          96  libspace.o(.bss)
    __temporary_stack_top$libspace           0x20005fb4   Data           0  libspace.o(.bss)



==============================================================================

Memory Map of the image

  Image Entry point : 0x08000131

  Load Region LR_IROM1 (Base: 0x08000000, Size: 0x00004980, Max: 0x00080000, ABSOLUTE)

    Execution Region ER_IROM1 (Base: 0x08000000, Size: 0x000048f0, Max: 0x00080000, ABSOLUTE)

    Base Addr    Size         Type   Attr      Idx    E Section Name        Object

    0x08000000   0x00000130   Data   RO         2464    RESET               startup_stm32f10x_hd.o
    0x08000130   0x00000008   Code   RO         2475  * !!!main             __main.o(c_w.l)
    0x08000138   0x00000034   Code   RO         2655    !!!scatter          __scatter.o(c_w.l)
    0x0800016c   0x0000001a   Code   RO         2657    !!handler_copy      __scatter_copy.o(c_w.l)
    0x08000186   0x00000002   PAD
    0x08000188   0x0000001c   Code   RO         2659    !!handler_zi        __scatter_zi.o(c_w.l)
    0x080001a4   0x00000006   Code   RO         2531    .ARM.Collect$$libinit$$00000000  libinit.o(c_w.l)
    0x080001aa   0x00000000   Code   RO         2538    .ARM.Collect$$libinit$$00000006  libinit2.o(c_w.l)
    0x080001aa   0x00000000   Code   RO         2540    .ARM.Collect$$libinit$$00000008  libinit2.o(c_w.l)
    0x080001aa   0x00000000   Code   RO         2542    .ARM.Collect$$libinit$$0000000A  libinit2.o(c_w.l)
    0x080001aa   0x00000006   Code   RO         2543    .ARM.Collect$$libinit$$0000000B  libinit2.o(c_w.l)
    0x080001b0   0x00000000   Code   RO         2545    .ARM.Collect$$libinit$$0000000D  libinit2.o(c_w.l)
    0x080001b0   0x0000000c   Code   RO         2546    .ARM.Collect$$libinit$$0000000E  libinit2.o(c_w.l)
    0x080001bc   0x00000000   Code   RO         2547    .ARM.Collect$$libinit$$0000000F  libinit2.o(c_w.l)
    0x080001bc   0x00000000   Code   RO         2549    .ARM.Collect$$libinit$$00000011  libinit2.o(c_w.l)
    0x080001bc   0x00000000   Code   RO         2551    .ARM.Collect$$libinit$$00000013  libinit2.o(c_w.l)
    0x080001bc   0x00000000   Code   RO         2553    .ARM.Collect$$libinit$$00000015  libinit2.o(c_w.l)
    0x080001bc   0x00000000   Code   RO         2555    .ARM.Collect$$libinit$$00000017  libinit2.o(c_w.l)
    0x080001bc   0x00000000   Code   RO         2557    .ARM.Collect$$libinit$$00000019  libinit2.o(c_w.l)
    0x080001bc   0x00000000   Code   RO         2559    .ARM.Collect$$libinit$$0000001B  libinit2.o(c_w.l)
    0x080001bc   0x00000000   Code   RO         2561    .ARM.Collect$$libinit$$0000001D  libinit2.o(c_w.l)
    0x080001bc   0x00000000   Code   RO         2563    .ARM.Collect$$libinit$$0000001F  libinit2.o(c_w.l)
    0x080001bc   0x00000000   Code   RO         2565    .ARM.Collect$$libinit$$00000021  libinit2.o(c_w.l)
    0x080001bc   0x00000000   Code   RO         2569    .ARM.Collect$$libinit$$00000028  libinit2.o(c_w.l)
    0x080001bc   0x00000000   Code   RO         2571    .ARM.Collect$$libinit$$0000002A  libinit2.o(c_w.l)
    0x080001bc   0x00000000   Code   RO         2573    .ARM.Collect$$libinit$$0000002C  libinit2.o(c_w.l)
    0x080001bc   0x00000000   Code   RO         2575    .ARM.Collect$$libinit$$0000002E  libinit2.o(c_w.l)
    0x080001bc   0x00000002   Code   RO         2576    .ARM.Collect$$libinit$$0000002F  libinit2.o(c_w.l)
    0x080001be   0x00000002   Code   RO         2597    .ARM.Collect$$libshutdown$$00000000  libshutdown.o(c_w.l)
    0x080001c0   0x00000000   Code   RO         2610    .ARM.Collect$$libshutdown$$00000003  libshutdown2.o(c_w.l)
    0x080001c0   0x00000000   Code   RO         2613    .ARM.Collect$$libshutdown$$00000006  libshutdown2.o(c_w.l)
    0x080001c0   0x00000000   Code   RO         2616    .ARM.Collect$$libshutdown$$00000009  libshutdown2.o(c_w.l)
    0x080001c0   0x00000000   Code   RO         2618    .ARM.Collect$$libshutdown$$0000000B  libshutdown2.o(c_w.l)
    0x080001c0   0x00000000   Code   RO         2621    .ARM.Collect$$libshutdown$$0000000E  libshutdown2.o(c_w.l)
    0x080001c0   0x00000002   Code   RO         2622    .ARM.Collect$$libshutdown$$0000000F  libshutdown2.o(c_w.l)
    0x080001c2   0x00000000   Code   RO         2477    .ARM.Collect$$rtentry$$00000000  rtentry.o(c_w.l)
    0x080001c2   0x00000000   Code   RO         2490    .ARM.Collect$$rtentry$$00000002  rtentry2.o(c_w.l)
    0x080001c2   0x00000006   Code   RO         2505    .ARM.Collect$$rtentry$$00000004  rtentry4.o(c_w.l)
    0x080001c8   0x00000000   Code   RO         2492    .ARM.Collect$$rtentry$$00000009  rtentry2.o(c_w.l)
    0x080001c8   0x00000004   Code   RO         2493    .ARM.Collect$$rtentry$$0000000A  rtentry2.o(c_w.l)
    0x080001cc   0x00000000   Code   RO         2495    .ARM.Collect$$rtentry$$0000000C  rtentry2.o(c_w.l)
    0x080001cc   0x00000008   Code   RO         2496    .ARM.Collect$$rtentry$$0000000D  rtentry2.o(c_w.l)
    0x080001d4   0x00000000   Code   RO         2532    .ARM.Collect$$rtexit$$00000000  rtexit.o(c_w.l)
    0x080001d4   0x00000000   Code   RO         2580    .ARM.Collect$$rtexit$$00000002  rtexit2.o(c_w.l)
    0x080001d4   0x00000004   Code   RO         2581    .ARM.Collect$$rtexit$$00000003  rtexit2.o(c_w.l)
    0x080001d8   0x00000004   Code   RO         2582    .ARM.Collect$$rtexit$$00000004  rtexit2.o(c_w.l)
    0x080001dc   0x0000004c   Code   RO         2465    .text               startup_stm32f10x_hd.o
    0x08000228   0x0000001a   Code   RO         2471    .text               atoi.o(c_w.l)
    0x08000242   0x00000006   Code   RO         2473    .text               heapauxi.o(c_w.l)
    0x08000248   0x0000000c   Code   RO         2482    .text               rt_errno_addr_intlibspace.o(c_w.l)
    0x08000254   0x00000070   Code   RO         2484    .text               strtol.o(c_w.l)
    0x080002c4   0x00000008   Code   RO         2486    .text               libspace.o(c_w.l)
    0x080002cc   0x00000010   Code   RO         2507    .text               rt_ctype_table.o(c_w.l)
    0x080002dc   0x00000098   Code   RO         2509    .text               _strtoul.o(c_w.l)
    0x08000374   0x0000004a   Code   RO         2511    .text               sys_stackheap_outer.o(c_w.l)
    0x080003be   0x00000002   PAD
    0x080003c0   0x0000000c   Code   RO         2516    .text               rt_locale_intlibspace.o(c_w.l)
    0x080003cc   0x00000020   Code   RO         2518    .text               _chval.o(c_w.l)
    0x080003ec   0x0000000c   Code   RO         2523    .text               exit.o(c_w.l)
    0x080003f8   0x00000080   Code   RO         2534    .text               strcmpv7m.o(c_w.l)
    0x08000478   0x00000014   Code   RO         2589    .text               sys_exit.o(c_w.l)
    0x0800048c   0x00000002   Code   RO         2600    .text               use_no_semi.o(c_w.l)
    0x0800048e   0x00000004   Code   RO            1    i.BusFault_Handler  stm32f10x_it.o
    0x08000492   0x0000002c   Code   RO          228    i.CmdError          sdcard.o
    0x080004be   0x00000002   PAD
    0x080004c0   0x00000130   Code   RO          229    i.CmdResp1Error     sdcard.o
    0x080005f0   0x00000048   Code   RO          230    i.CmdResp2Error     sdcard.o
    0x08000638   0x00000038   Code   RO          231    i.CmdResp3Error     sdcard.o
    0x08000670   0x00000098   Code   RO          232    i.CmdResp6Error     sdcard.o
    0x08000708   0x0000004c   Code   RO          233    i.CmdResp7Error     sdcard.o
    0x08000754   0x00000150   Code   RO            2    i.DMA1_Channel5_IRQHandler  stm32f10x_it.o
    0x080008a4   0x0000001c   Code   RO         1803    i.DMA_ClearFlag     stm32f10x_dma.o
    0x080008c0   0x0000001c   Code   RO         1804    i.DMA_ClearITPendingBit  stm32f10x_dma.o
    0x080008dc   0x00000016   Code   RO         1805    i.DMA_Cmd           stm32f10x_dma.o
    0x080008f2   0x00000002   PAD
    0x080008f4   0x00000158   Code   RO         1806    i.DMA_DeInit        stm32f10x_dma.o
    0x08000a4c   0x0000002c   Code   RO         1808    i.DMA_GetFlagStatus  stm32f10x_dma.o
    0x08000a78   0x00000012   Code   RO         1810    i.DMA_ITConfig      stm32f10x_dma.o
    0x08000a8a   0x0000003c   Code   RO         1811    i.DMA_Init          stm32f10x_dma.o
    0x08000ac6   0x00000002   PAD
    0x08000ac8   0x00000064   Code   RO          234    i.DMA_RxConfiguration  sdcard.o
    0x08000b2c   0x00000064   Code   RO          235    i.DMA_TxConfiguration  sdcard.o
    0x08000b90   0x00000002   Code   RO            3    i.DebugMon_Handler  stm32f10x_it.o
    0x08000b92   0x00000002   PAD
    0x08000b94   0x00000194   Code   RO          236    i.FindSCR           sdcard.o
    0x08000d28   0x0000000c   Code   RO          721    i.GPIODelay         led_485.o
    0x08000d34   0x00000090   Code   RO          127    i.GPIO_Configuration  main.o
    0x08000dc4   0x00000040   Code   RO          237    i.GPIO_Configuration  sdcard.o
    0x08000e04   0x0000010c   Code   RO          963    i.GPIO_Init         stm32f10x_gpio.o
    0x08000f10   0x00000004   Code   RO            4    i.HardFault_Handler  stm32f10x_it.o
    0x08000f14   0x00000070   Code   RO          128    i.InitDMA           main.o
    0x08000f84   0x0000005c   Code   RO          129    i.InitSD            main.o
    0x08000fe0   0x00000050   Code   RO          130    i.InitUart          main.o
    0x08001030   0x00000168   Code   RO          238    i.IsCardProgramming  sdcard.o
    0x08001198   0x00000004   Code   RO            5    i.MemManage_Handler  stm32f10x_it.o
    0x0800119c   0x00000002   Code   RO            6    i.NMI_Handler       stm32f10x_it.o
    0x0800119e   0x00000046   Code   RO          131    i.NVIC_Configuration  main.o
    0x080011e4   0x00000074   Code   RO         1077    i.NVIC_Init         misc.o
    0x08001258   0x00000014   Code   RO         1078    i.NVIC_PriorityGroupConfig  misc.o
    0x0800126c   0x00000002   Code   RO            7    i.PendSV_Handler    stm32f10x_it.o
    0x0800126e   0x00000002   PAD
    0x08001270   0x00000020   Code   RO          743    i.RCC_AHBPeriphClockCmd  stm32f10x_rcc.o
    0x08001290   0x00000020   Code   RO          746    i.RCC_APB2PeriphClockCmd  stm32f10x_rcc.o
    0x080012b0   0x00000008   Code   RO          132    i.RCC_Configuration  main.o
    0x080012b8   0x000000d4   Code   RO          754    i.RCC_GetClocksFreq  stm32f10x_rcc.o
    0x0800138c   0x00000084   Code   RO          133    i.ReadAndDispatch   main.o
    0x08001410   0x0000011c   Code   RO          239    i.SDEnWideBus       sdcard.o
    0x0800152c   0x0000000c   Code   RO         1615    i.SDIO_ClearFlag    stm32f10x_sdio.o
    0x08001538   0x0000000c   Code   RO         1616    i.SDIO_ClearITPendingBit  stm32f10x_sdio.o
    0x08001544   0x0000000c   Code   RO         1617    i.SDIO_ClockCmd     stm32f10x_sdio.o
    0x08001550   0x0000000c   Code   RO         1620    i.SDIO_DMACmd       stm32f10x_sdio.o
    0x0800155c   0x00000030   Code   RO         1621    i.SDIO_DataConfig   stm32f10x_sdio.o
    0x0800158c   0x00000024   Code   RO         1623    i.SDIO_DeInit       stm32f10x_sdio.o
    0x080015b0   0x0000000c   Code   RO         1624    i.SDIO_GetCommandResponse  stm32f10x_sdio.o
    0x080015bc   0x00000018   Code   RO         1627    i.SDIO_GetFlagStatus  stm32f10x_sdio.o
    0x080015d4   0x00000018   Code   RO         1628    i.SDIO_GetITStatus  stm32f10x_sdio.o
    0x080015ec   0x00000010   Code   RO         1629    i.SDIO_GetPowerState  stm32f10x_sdio.o
    0x080015fc   0x00000010   Code   RO         1630    i.SDIO_GetResponse  stm32f10x_sdio.o
    0x0800160c   0x00000008   Code   RO            8    i.SDIO_IRQHandler   stm32f10x_it.o
    0x08001614   0x00000020   Code   RO         1631    i.SDIO_ITConfig     stm32f10x_sdio.o
    0x08001634   0x00000030   Code   RO         1632    i.SDIO_Init         stm32f10x_sdio.o
    0x08001664   0x0000000c   Code   RO         1633    i.SDIO_ReadData     stm32f10x_sdio.o
    0x08001670   0x0000002c   Code   RO         1635    i.SDIO_SendCommand  stm32f10x_sdio.o
    0x0800169c   0x0000001c   Code   RO         1637    i.SDIO_SetPowerState  stm32f10x_sdio.o
    0x080016b8   0x0000000c   Code   RO         1643    i.SDIO_WriteData    stm32f10x_sdio.o
    0x080016c4   0x00000098   Code   RO          240    i.SD_EnableWideBusOperation  sdcard.o
    0x0800175c   0x000002fc   Code   RO          242    i.SD_GetCardInfo    sdcard.o
    0x08001a58   0x0000005c   Code   RO          244    i.SD_Init           sdcard.o
    0x08001ab4   0x0000013c   Code   RO          246    i.SD_InitializeCards  sdcard.o
    0x08001bf0   0x00000188   Code   RO          248    i.SD_PowerON        sdcard.o
    0x08001d78   0x0000024c   Code   RO          249    i.SD_ProcessIRQSrc  sdcard.o
    0x08001fc4   0x0000024c   Code   RO          250    i.SD_ReadBlock      sdcard.o
    0x08002210   0x000002f8   Code   RO          251    i.SD_ReadMultiBlocks  sdcard.o
    0x08002508   0x00000034   Code   RO          252    i.SD_SelectDeselect  sdcard.o
    0x0800253c   0x0000001c   Code   RO          255    i.SD_SetDeviceMode  sdcard.o
    0x08002558   0x00000034   Code   RO          256    i.SD_StopTransfer   sdcard.o
    0x0800258c   0x00000378   Code   RO          257    i.SD_WriteBlock     sdcard.o
    0x08002904   0x00000462   Code   RO          258    i.SD_WriteMultiBlocks  sdcard.o
    0x08002d66   0x00000002   Code   RO            9    i.SVC_Handler       stm32f10x_it.o
    0x08002d68   0x00000038   Code   RO          703    i.SendDataAll       led_485.o
    0x08002da0   0x00000008   Code   RO         2423    i.SetSysClock       system_stm32f10x.o
    0x08002da8   0x000000d0   Code   RO         2424    i.SetSysClockTo72   system_stm32f10x.o
    0x08002e78   0x00000074   Code   RO          134    i.ShowErrMsg        main.o
    0x08002eec   0x00000002   Code   RO           10    i.SysTick_Handler   stm32f10x_it.o
    0x08002eee   0x00000002   PAD
    0x08002ef0   0x00000054   Code   RO         2425    i.SystemInit        system_stm32f10x.o
    0x08002f44   0x00000020   Code   RO           11    i.TIM4_IRQHandler   stm32f10x_it.o
    0x08002f64   0x00000006   Code   RO         1883    i.TIM_ClearITPendingBit  stm32f10x_tim.o
    0x08002f6a   0x00000018   Code   RO         1447    i.USART_Cmd         stm32f10x_usart.o
    0x08002f82   0x00000018   Code   RO         1448    i.USART_DMACmd      stm32f10x_usart.o
    0x08002f9a   0x00000002   PAD
    0x08002f9c   0x000000a0   Code   RO         1454    i.USART_Init        stm32f10x_usart.o
    0x0800303c   0x00000004   Code   RO           12    i.UsageFault_Handler  stm32f10x_it.o
    0x08003040   0x00000360   Code   RO          478    i.auto_mount        ff.o
    0x080033a0   0x00000070   Code   RO          479    i.check_fs          ff.o
    0x08003410   0x00000014   Code   RO          480    i.chk_chr           ff.o
    0x08003424   0x0000001a   Code   RO          481    i.clust2sect        ff.o
    0x0800343e   0x00000012   Code   RO          259    i.convert_from_bytes_to_power_of_two  sdcard.o
    0x08003450   0x000000b6   Code   RO          482    i.create_chain      ff.o
    0x08003506   0x00000002   PAD
    0x08003508   0x00000160   Code   RO          483    i.create_name       ff.o
    0x08003668   0x0000007c   Code   RO          484    i.dir_find          ff.o
    0x080036e4   0x00000130   Code   RO          485    i.dir_next          ff.o
    0x08003814   0x00000078   Code   RO          487    i.dir_register      ff.o
    0x0800388c   0x000000a8   Code   RO          489    i.dir_seek          ff.o
    0x08003934   0x00000048   Code   RO          424    i.disk_ioctl        diskio.o
    0x0800397c   0x0000004a   Code   RO          425    i.disk_read         diskio.o
    0x080039c6   0x0000000c   Code   RO          426    i.disk_status       diskio.o
    0x080039d2   0x0000004a   Code   RO          427    i.disk_write        diskio.o
    0x08003a1c   0x00000016   Code   RO          491    i.f_close           ff.o
    0x08003a32   0x000001c8   Code   RO          493    i.f_lseek           ff.o
    0x08003bfa   0x00000002   PAD
    0x08003bfc   0x0000002c   Code   RO          495    i.f_mount           ff.o
    0x08003c28   0x00000188   Code   RO          496    i.f_open            ff.o
    0x08003db0   0x000001be   Code   RO          498    i.f_read            ff.o
    0x08003f6e   0x000000b6   Code   RO          502    i.f_sync            ff.o
    0x08004024   0x000000a4   Code   RO          507    i.follow_path       ff.o
    0x080040c8   0x00000136   Code   RO          508    i.get_cluster       ff.o
    0x080041fe   0x00000004   Code   RO          428    i.get_fattime       diskio.o
    0x08004202   0x00000002   PAD
    0x08004204   0x00000158   Code   RO          136    i.main              main.o
    0x0800435c   0x00000026   Code   RO          510    i.mem_cmp           ff.o
    0x08004382   0x0000001a   Code   RO          511    i.mem_cpy           ff.o
    0x0800439c   0x00000014   Code   RO          512    i.mem_set           ff.o
    0x080043b0   0x00000072   Code   RO          513    i.move_window       ff.o
    0x08004422   0x0000017c   Code   RO          514    i.put_cluster       ff.o
    0x0800459e   0x00000068   Code   RO          515    i.remove_chain      ff.o
    0x08004606   0x000000c8   Code   RO          516    i.sync              ff.o
    0x080046ce   0x0000002a   Code   RO          517    i.validate          ff.o
    0x080046f8   0x0000009c   Code   RO          260    i.wait_ready        sdcard.o
    0x08004794   0x0000002c   Code   RO         2521    locale$$code        lc_ctype_c.o(c_w.l)
    0x080047c0   0x00000020   Data   RO         2653    Region$$Table       anon$$obj.o
    0x080047e0   0x00000110   Data   RO         2520    locale$$data        lc_ctype_c.o(c_w.l)


    Execution Region RW_IRAM1 (Base: 0x20000000, Size: 0x000068b8, Max: 0x00010000, ABSOLUTE)

    Base Addr    Size         Type   Attr      Idx    E Section Name        Object

    0x20000000   0x0000004c   Data   RW          138    .data               main.o
    0x2000004c   0x00000028   Data   RW          262    .data               sdcard.o
    0x20000074   0x00000006   Data   RW          518    .data               ff.o
    0x2000007a   0x00000014   Data   RW          774    .data               stm32f10x_rcc.o
    0x2000008e   0x00000002   PAD
    0x20000090   0x00005e5e   Zero   RW          137    .bss                main.o
    0x20005eee   0x00000002   PAD
    0x20005ef0   0x00000064   Zero   RW          261    .bss                sdcard.o
    0x20005f54   0x00000060   Zero   RW         2487    .bss                libspace.o(c_w.l)
    0x20005fb4   0x00000004   PAD
    0x20005fb8   0x00000100   Zero   RW         2463    HEAP                startup_stm32f10x_hd.o
    0x200060b8   0x00000800   Zero   RW         2462    STACK               startup_stm32f10x_hd.o


==============================================================================

Image component sizes


      Code (inc. data)   RO Data    RW Data    ZI Data      Debug   Object Name

         0          0          0          0          0         20   core_cm3.o
       236          6          0          0          0       8435   diskio.o
      5212         48          0          6          0      18821   ff.o
        68         10          0          0          0       1190   led_485.o
      1098        156          0         76      24158     220126   main.o
       136         24          0          0          0       3483   misc.o
      7984        378          0         40        100      24095   sdcard.o
        76         30        304          0       2304        584   startup_stm32f10x_hd.o
       544         40          0          0          0      15417   stm32f10x_dma.o
       268          0          0          0          0      17820   stm32f10x_gpio.o
       402         46          0          0          0     258277   stm32f10x_it.o
       276         30          0         20          0      13033   stm32f10x_rcc.o
       400         96          0          0          0      20847   stm32f10x_sdio.o
         6          0          0          0          0      20780   stm32f10x_tim.o
       208          4          0          0          0       9724   stm32f10x_usart.o
       300         24          0          0          0       2013   system_stm32f10x.o

    ----------------------------------------------------------------------
     17234        892        336        144      26564     634665   Object Totals
         0          0         32          0          0          0   (incl. Generated)
        20          0          0          2          2          1   (incl. Padding)

    ----------------------------------------------------------------------

      Code (inc. data)   RO Data    RW Data    ZI Data      Debug   Library Member Name

         8          0          0          0          0         68   __main.o
        52          8          0          0          0          0   __scatter.o
        26          0          0          0          0          0   __scatter_copy.o
        28          0          0          0          0          0   __scatter_zi.o
        32          0          0          0          0         68   _chval.o
       152          0          0          0          0         88   _strtoul.o
        26          0          0          0          0         80   atoi.o
        12          0          0          0          0         68   exit.o
         6          0          0          0          0        148   heapauxi.o
        44         10        272          0          0         76   lc_ctype_c.o
         6          0          0          0          0          0   libinit.o
        20          0          0          0          0          0   libinit2.o
         2          0          0          0          0          0   libshutdown.o
         2          0          0          0          0          0   libshutdown2.o
         8          4          0          0         96         68   libspace.o
        16          6          0          0          0         76   rt_ctype_table.o
        12          6          0          0          0         68   rt_errno_addr_intlibspace.o
        12          6          0          0          0         68   rt_locale_intlibspace.o
         0          0          0          0          0          0   rtentry.o
        12          0          0          0          0          0   rtentry2.o
         6          0          0          0          0          0   rtentry4.o
         0          0          0          0          0          0   rtexit.o
         8          0          0          0          0          0   rtexit2.o
       128          2          0          0          0         68   strcmpv7m.o
       112          0          0          0          0         88   strtol.o
        20         10          0          0          0         68   sys_exit.o
        74          0          0          0          0         80   sys_stackheap_outer.o
         2          0          0          0          0         68   use_no_semi.o

    ----------------------------------------------------------------------
       830         52        272          0        100       1248   Library Totals
         4          0          0          0          4          0   (incl. Padding)

    ----------------------------------------------------------------------

      Code (inc. data)   RO Data    RW Data    ZI Data      Debug   Library Name

       826         52        272          0         96       1248   c_w.l

    ----------------------------------------------------------------------
       830         52        272          0        100       1248   Library Totals

    ----------------------------------------------------------------------

==============================================================================


      Code (inc. data)   RO Data    RW Data    ZI Data      Debug   

     18064        944        608        144      26664     629464   Grand Totals
     18064        944        608        144      26664     629464   ELF Image Totals
     18064        944        608        144          0          0   ROM Totals

==============================================================================

    Total RO  Size (Code + RO Data)                18672 (  18.23kB)
    Total RW  Size (RW Data + ZI Data)             26808 (  26.18kB)
    Total ROM Size (Code + RO Data + RW Data)      18816 (  18.38kB)

==============================================================================

