ARM Linker, 5.03 [Build 24] [MDK-ARM Professional][RL-ARM]

==============================================================================

Section Cross References

    stm32f10x_it.o(i.DMA1_Channel2_IRQHandler) refers to stm32f10x_dma.o(i.DMA_ClearITPendingBit) for DMA_ClearITPendingBit
    stm32f10x_it.o(i.DMA1_Channel2_IRQHandler) refers to main.o(i.InitDMA) for InitDMA
    stm32f10x_it.o(i.DMA1_Channel2_IRQHandler) refers to main.o(.bss) for SPIData
    stm32f10x_it.o(i.DMA1_Channel2_IRQHandler) refers to main.o(.data) for CurDataPoint
    stm32f10x_it.o(i.DMA1_Channel5_IRQHandler) refers to stm32f10x_dma.o(i.DMA_ClearITPendingBit) for DMA_ClearITPendingBit
    stm32f10x_it.o(i.DMA1_Channel5_IRQHandler) refers to stm32f10x_it.o(i.ProcessData) for ProcessData
    stm32f10x_it.o(i.ProcessData) refers to main.o(i.ShowErrMsg) for ShowErrMsg
    stm32f10x_it.o(i.ProcessData) refers to main.o(.data) for Data485
    stm32f10x_it.o(i.ProcessData) refers to stm32f10x_it.o(.data) for jj
    stm32f10x_it.o(i.SDIO_IRQHandler) refers to sdcard.o(i.SD_ProcessIRQSrc) for SD_ProcessIRQSrc
    stm32f10x_it.o(i.SPI1_IRQHandler) refers to stm32f10x_spi.o(i.SPI_I2S_ClearITPendingBit) for SPI_I2S_ClearITPendingBit
    stm32f10x_it.o(i.SPI1_IRQHandler) refers to stm32f10x_spi.o(i.SPI_I2S_ReceiveData) for SPI_I2S_ReceiveData
    stm32f10x_it.o(i.SPI1_IRQHandler) refers to main.o(i.PostMsg) for PostMsg
    stm32f10x_it.o(i.SPI1_IRQHandler) refers to main.o(.data) for m_Mode
    stm32f10x_it.o(i.SPI1_IRQHandler) refers to stm32f10x_it.o(.data) for CurPa
    stm32f10x_it.o(i.SPI1_IRQHandler) refers to main.o(.bss) for SPIData
    stm32f10x_it.o(i.TIM4_IRQHandler) refers to stm32f10x_tim.o(i.TIM_ClearITPendingBit) for TIM_ClearITPendingBit
    stm32f10x_it.o(i.TIM4_IRQHandler) refers to main.o(.data) for TmCnt
    stm32f10x_it.o(i.USART1_IRQHandler) refers to stm32f10x_usart.o(i.USART_ClearITPendingBit) for USART_ClearITPendingBit
    stm32f10x_it.o(i.USART1_IRQHandler) refers to stm32f10x_usart.o(i.USART_ReceiveData) for USART_ReceiveData
    stm32f10x_it.o(i.USART1_IRQHandler) refers to stm32f10x_it.o(i.ProcessData) for ProcessData
    stm32f10x_it.o(i.USART1_IRQHandler) refers to main.o(.data) for Data485
    stm32f10x_it.o(i.USART1_IRQHandler) refers to stm32f10x_it.o(.data) for CurDCount
    main.o(i.EnterO0O) refers to stm32f10x_dma.o(i.DMA_Cmd) for DMA_Cmd
    main.o(i.EnterO0O) refers to stm32f10x_dma.o(i.DMA_DeInit) for DMA_DeInit
    main.o(i.EnterO0O) refers to main.o(.data) for m_Mode
    main.o(i.FSMC_Config) refers to stm32f10x_rcc.o(i.RCC_AHBPeriphClockCmd) for RCC_AHBPeriphClockCmd
    main.o(i.FSMC_Config) refers to stm32f10x_rcc.o(i.RCC_APB2PeriphClockCmd) for RCC_APB2PeriphClockCmd
    main.o(i.FSMC_Config) refers to stm32f10x_gpio.o(i.GPIO_Init) for GPIO_Init
    main.o(i.FSMC_Config) refers to stm32f10x_fsmc.o(i.FSMC_NORSRAMInit) for FSMC_NORSRAMInit
    main.o(i.FSMC_Config) refers to stm32f10x_fsmc.o(i.FSMC_NORSRAMCmd) for FSMC_NORSRAMCmd
    main.o(i.GET_Address) refers to stm32f10x_rcc.o(i.RCC_APB1PeriphClockCmd) for RCC_APB1PeriphClockCmd
    main.o(i.GET_Address) refers to stm32f10x_tim.o(i.TIM_TimeBaseInit) for TIM_TimeBaseInit
    main.o(i.GET_Address) refers to stm32f10x_tim.o(i.TIM_PrescalerConfig) for TIM_PrescalerConfig
    main.o(i.GET_Address) refers to stm32f10x_tim.o(i.TIM_ARRPreloadConfig) for TIM_ARRPreloadConfig
    main.o(i.GET_Address) refers to stm32f10x_tim.o(i.TIM_Cmd) for TIM_Cmd
    main.o(i.GET_Address) refers to stm32f10x_tim.o(i.TIM_GetCounter) for TIM_GetCounter
    main.o(i.GET_Address) refers to stm32f10x_usart.o(i.USART_GetFlagStatus) for USART_GetFlagStatus
    main.o(i.GET_Address) refers to stm32f10x_usart.o(i.USART_ReceiveData) for USART_ReceiveData
    main.o(i.GET_Address) refers to stm32f10x_usart.o(i.USART_SendData) for USART_SendData
    main.o(i.GET_Address) refers to main.o(.bss) for TIM_TimeBaseStructure
    main.o(i.GET_Address) refers to main.o(.data) for Address
    main.o(i.GPIO_Configuration) refers to stm32f10x_rcc.o(i.RCC_APB2PeriphClockCmd) for RCC_APB2PeriphClockCmd
    main.o(i.GPIO_Configuration) refers to stm32f10x_gpio.o(i.GPIO_Init) for GPIO_Init
    main.o(i.InitDMA) refers to stm32f10x_rcc.o(i.RCC_AHBPeriphClockCmd) for RCC_AHBPeriphClockCmd
    main.o(i.InitDMA) refers to stm32f10x_dma.o(i.DMA_DeInit) for DMA_DeInit
    main.o(i.InitDMA) refers to stm32f10x_dma.o(i.DMA_Init) for DMA_Init
    main.o(i.InitDMA) refers to stm32f10x_dma.o(i.DMA_ITConfig) for DMA_ITConfig
    main.o(i.InitDMA) refers to stm32f10x_spi.o(i.SPI_I2S_DMACmd) for SPI_I2S_DMACmd
    main.o(i.InitDMA) refers to stm32f10x_dma.o(i.DMA_Cmd) for DMA_Cmd
    main.o(i.InitDMA) refers to main.o(.data) for CurDataPoint
    main.o(i.InitDMA) refers to main.o(.bss) for DMA_InitStructure
    main.o(i.InitSD) refers to sdcard.o(i.SD_Init) for SD_Init
    main.o(i.InitSD) refers to sdcard.o(i.SD_GetCardInfo) for SD_GetCardInfo
[...]
    Removing ff.o(i.f_chmod), (82 bytes).
    Removing ff.o(i.f_getfree), (258 bytes).
    Removing ff.o(i.f_mkdir), (388 bytes).
    Removing ff.o(i.f_opendir), (128 bytes).
    Removing ff.o(i.f_readdir), (88 bytes).
    Removing ff.o(i.f_rename), (274 bytes).
    Removing ff.o(i.f_stat), (58 bytes).
    Removing ff.o(i.f_truncate), (158 bytes).
    Removing ff.o(i.f_unlink), (184 bytes).
    Removing ff.o(i.f_utime), (84 bytes).
    Removing ff.o(i.get_fileinfo), (188 bytes).
    Removing led_485.o(i.SendDataAll), (72 bytes).
    Removing led_485.o(i.SetData), (100 bytes).
    Removing led_485.o(.data), (2 bytes).
    Removing stm32f10x_rcc.o(i.RCC_ADCCLKConfig), (24 bytes).
    Removing stm32f10x_rcc.o(i.RCC_APB1PeriphResetCmd), (32 bytes).
    Removing stm32f10x_rcc.o(i.RCC_APB2PeriphResetCmd), (32 bytes).
    Removing stm32f10x_rcc.o(i.RCC_AdjustHSICalibrationValue), (24 bytes).
    Removing stm32f10x_rcc.o(i.RCC_BackupResetCmd), (12 bytes).
    Removing stm32f10x_rcc.o(i.RCC_ClearFlag), (20 bytes).
    Removing stm32f10x_rcc.o(i.RCC_ClearITPendingBit), (12 bytes).
    Removing stm32f10x_rcc.o(i.RCC_ClockSecuritySystemCmd), (12 bytes).
    Removing stm32f10x_rcc.o(i.RCC_DeInit), (76 bytes).
    Removing stm32f10x_rcc.o(i.RCC_GetFlagStatus), (60 bytes).
    Removing stm32f10x_rcc.o(i.RCC_GetITStatus), (24 bytes).
    Removing stm32f10x_rcc.o(i.RCC_GetSYSCLKSource), (16 bytes).
    Removing stm32f10x_rcc.o(i.RCC_HCLKConfig), (24 bytes).
    Removing stm32f10x_rcc.o(i.RCC_HSEConfig), (76 bytes).
    Removing stm32f10x_rcc.o(i.RCC_HSICmd), (12 bytes).
    Removing stm32f10x_rcc.o(i.RCC_ITConfig), (32 bytes).
    Removing stm32f10x_rcc.o(i.RCC_LSEConfig), (52 bytes).
    Removing stm32f10x_rcc.o(i.RCC_LSICmd), (12 bytes).
    Removing stm32f10x_rcc.o(i.RCC_MCOConfig), (12 bytes).
    Removing stm32f10x_rcc.o(i.RCC_PCLK1Config), (24 bytes).
    Removing stm32f10x_rcc.o(i.RCC_PCLK2Config), (24 bytes).
    Removing stm32f10x_rcc.o(i.RCC_PLLCmd), (12 bytes).
    Removing stm32f10x_rcc.o(i.RCC_PLLConfig), (28 bytes).
    Removing stm32f10x_rcc.o(i.RCC_RTCCLKCmd), (12 bytes).
    Removing stm32f10x_rcc.o(i.RCC_RTCCLKConfig), (16 bytes).
    Removing stm32f10x_rcc.o(i.RCC_SYSCLKConfig), (24 bytes).
    Removing stm32f10x_rcc.o(i.RCC_USBCLKConfig), (12 bytes).
    Removing stm32f10x_rcc.o(i.RCC_WaitForHSEStartUp), (56 bytes).
    Removing stm32f10x_gpio.o(i.GPIO_AFIODeInit), (20 bytes).
    Removing stm32f10x_gpio.o(i.GPIO_DeInit), (200 bytes).
    Removing stm32f10x_gpio.o(i.GPIO_ETH_MediaInterfaceConfig), (12 bytes).
    Removing stm32f10x_gpio.o(i.GPIO_EXTILineConfig), (64 bytes).
    Removing stm32f10x_gpio.o(i.GPIO_EventOutputCmd), (12 bytes).
    Removing stm32f10x_gpio.o(i.GPIO_EventOutputConfig), (32 bytes).
    Removing stm32f10x_gpio.o(i.GPIO_PinLockConfig), (18 bytes).
    Removing stm32f10x_gpio.o(i.GPIO_PinRemapConfig), (112 bytes).
    Removing stm32f10x_gpio.o(i.GPIO_ReadInputData), (8 bytes).
    Removing stm32f10x_gpio.o(i.GPIO_ReadInputDataBit), (18 bytes).
    Removing stm32f10x_gpio.o(i.GPIO_ReadOutputData), (8 bytes).
    Removing stm32f10x_gpio.o(i.GPIO_ReadOutputDataBit), (18 bytes).
    Removing stm32f10x_gpio.o(i.GPIO_ResetBits), (4 bytes).
    Removing stm32f10x_gpio.o(i.GPIO_SetBits), (4 bytes).
    Removing stm32f10x_gpio.o(i.GPIO_StructInit), (16 bytes).
    Removing stm32f10x_gpio.o(i.GPIO_Write), (4 bytes).
    Removing stm32f10x_gpio.o(i.GPIO_WriteBit), (10 bytes).
    Removing misc.o(i.NVIC_SetVectorTable), (20 bytes).
    Removing misc.o(i.NVIC_SystemLPConfig), (32 bytes).
    Removing misc.o(i.SysTick_CLKSourceConfig), (40 bytes).
    Removing stm32f10x_exti.o(i.EXTI_ClearFlag), (12 bytes).
    Removing stm32f10x_exti.o(i.EXTI_ClearITPendingBit), (12 bytes).
    Removing stm32f10x_exti.o(i.EXTI_DeInit), (36 bytes).
    Removing stm32f10x_exti.o(i.EXTI_GenerateSWInterrupt), (16 bytes).
    Removing stm32f10x_exti.o(i.EXTI_GetFlagStatus), (24 bytes).
    Removing stm32f10x_exti.o(i.EXTI_GetITStatus), (40 bytes).
    Removing stm32f10x_exti.o(i.EXTI_Init), (148 bytes).
    Removing stm32f10x_exti.o(i.EXTI_StructInit), (16 bytes).
    Removing stm32f10x_spi.o(i.I2S_Cmd), (24 bytes).
    Removing stm32f10x_spi.o(i.I2S_Init), (232 bytes).
    Removing stm32f10x_spi.o(i.I2S_StructInit), (20 bytes).
    Removing stm32f10x_spi.o(i.SPI_BiDirectionalLineConfig), (28 bytes).
    Removing stm32f10x_spi.o(i.SPI_CalculateCRC), (24 bytes).
    Removing stm32f10x_spi.o(i.SPI_DataSizeConfig), (18 bytes).
    Removing stm32f10x_spi.o(i.SPI_GetCRC), (16 bytes).
    Removing stm32f10x_spi.o(i.SPI_GetCRCPolynomial), (6 bytes).
    Removing stm32f10x_spi.o(i.SPI_I2S_ClearFlag), (6 bytes).
    Removing stm32f10x_spi.o(i.SPI_I2S_DeInit), (88 bytes).
    Removing stm32f10x_spi.o(i.SPI_I2S_GetITStatus), (52 bytes).
    Removing stm32f10x_spi.o(i.SPI_I2S_ITConfig), (32 bytes).
    Removing stm32f10x_spi.o(i.SPI_I2S_SendData), (4 bytes).
    Removing stm32f10x_spi.o(i.SPI_NSSInternalSoftwareConfig), (30 bytes).
    Removing stm32f10x_spi.o(i.SPI_SSOutputCmd), (24 bytes).
    Removing stm32f10x_spi.o(i.SPI_StructInit), (24 bytes).
    Removing stm32f10x_spi.o(i.SPI_TransmitCRC), (10 bytes).
    Removing stm32f10x_fsmc.o(i.FSMC_ClearFlag), (72 bytes).
    Removing stm32f10x_fsmc.o(i.FSMC_ClearITPendingBit), (72 bytes).
    Removing stm32f10x_fsmc.o(i.FSMC_GetECC), (28 bytes).
    Removing stm32f10x_fsmc.o(i.FSMC_GetFlagStatus), (56 bytes).
    Removing stm32f10x_fsmc.o(i.FSMC_GetITStatus), (68 bytes).
    Removing stm32f10x_fsmc.o(i.FSMC_ITConfig), (136 bytes).
    Removing stm32f10x_fsmc.o(i.FSMC_NANDCmd), (92 bytes).
    Removing stm32f10x_fsmc.o(i.FSMC_NANDDeInit), (72 bytes).
    Removing stm32f10x_fsmc.o(i.FSMC_NANDECCCmd), (92 bytes).
    Removing stm32f10x_fsmc.o(i.FSMC_NANDInit), (140 bytes).
    Removing stm32f10x_fsmc.o(i.FSMC_NANDStructInit), (54 bytes).
    Removing stm32f10x_fsmc.o(i.FSMC_NORSRAMDeInit), (56 bytes).
    Removing stm32f10x_fsmc.o(i.FSMC_NORSRAMStructInit), (112 bytes).
    Removing stm32f10x_fsmc.o(i.FSMC_PCCARDCmd), (48 bytes).
    Removing stm32f10x_fsmc.o(i.FSMC_PCCARDDeInit), (48 bytes).
    Removing stm32f10x_fsmc.o(i.FSMC_PCCARDInit), (136 bytes).
    Removing stm32f10x_fsmc.o(i.FSMC_PCCARDStructInit), (60 bytes).
    Removing stm32f10x_usart.o(i.USART_ClearFlag), (18 bytes).
    Removing stm32f10x_usart.o(i.USART_ClockInit), (34 bytes).
    Removing stm32f10x_usart.o(i.USART_ClockStructInit), (12 bytes).
    Removing stm32f10x_usart.o(i.USART_DMACmd), (18 bytes).
    Removing stm32f10x_usart.o(i.USART_DeInit), (156 bytes).
    Removing stm32f10x_usart.o(i.USART_GetITStatus), (84 bytes).
    Removing stm32f10x_usart.o(i.USART_HalfDuplexCmd), (24 bytes).
    Removing stm32f10x_usart.o(i.USART_ITConfig), (74 bytes).
    Removing stm32f10x_usart.o(i.USART_IrDACmd), (24 bytes).
    Removing stm32f10x_usart.o(i.USART_IrDAConfig), (18 bytes).
    Removing stm32f10x_usart.o(i.USART_LINBreakDetectLengthConfig), (18 bytes).
    Removing stm32f10x_usart.o(i.USART_LINCmd), (24 bytes).
    Removing stm32f10x_usart.o(i.USART_ReceiverWakeUpCmd), (24 bytes).
    Removing stm32f10x_usart.o(i.USART_SendBreak), (10 bytes).
    Removing stm32f10x_usart.o(i.USART_SetAddress), (18 bytes).
    Removing stm32f10x_usart.o(i.USART_SetGuardTime), (16 bytes).
    Removing stm32f10x_usart.o(i.USART_SetPrescaler), (16 bytes).
    Removing stm32f10x_usart.o(i.USART_SmartCardCmd), (24 bytes).
    Removing stm32f10x_usart.o(i.USART_SmartCardNACKCmd), (24 bytes).
    Removing stm32f10x_usart.o(i.USART_StructInit), (24 bytes).
    Removing stm32f10x_usart.o(i.USART_WakeUpConfig), (18 bytes).
    Removing stm32f10x_sdio.o(i.SDIO_CEATAITCmd), (16 bytes).
    Removing stm32f10x_sdio.o(i.SDIO_CmdStructInit), (14 bytes).
    Removing stm32f10x_sdio.o(i.SDIO_CommandCompletionCmd), (12 bytes).
    Removing stm32f10x_sdio.o(i.SDIO_DataStructInit), (20 bytes).
    Removing stm32f10x_sdio.o(i.SDIO_GetDataCounter), (12 bytes).
    Removing stm32f10x_sdio.o(i.SDIO_GetFIFOCount), (12 bytes).
    Removing stm32f10x_sdio.o(i.SDIO_SendCEATACmd), (12 bytes).
    Removing stm32f10x_sdio.o(i.SDIO_SendSDIOSuspendCmd), (12 bytes).
    Removing stm32f10x_sdio.o(i.SDIO_SetSDIOOperation), (12 bytes).
    Removing stm32f10x_sdio.o(i.SDIO_SetSDIOReadWaitMode), (12 bytes).
    Removing stm32f10x_sdio.o(i.SDIO_StartSDIOReadWait), (12 bytes).
    Removing stm32f10x_sdio.o(i.SDIO_StopSDIOReadWait), (12 bytes).
    Removing stm32f10x_sdio.o(i.SDIO_StructInit), (16 bytes).
    Removing stm32f10x_dma.o(i.DMA_GetCurrDataCounter), (8 bytes).
    Removing stm32f10x_dma.o(i.DMA_GetITStatus), (44 bytes).
    Removing stm32f10x_dma.o(i.DMA_StructInit), (26 bytes).
    Removing stm32f10x_tim.o(i.TI1_Config), (56 bytes).
    Removing stm32f10x_tim.o(i.TI2_Config), (80 bytes).
    Removing stm32f10x_tim.o(i.TI3_Config), (72 bytes).
    Removing stm32f10x_tim.o(i.TI4_Config), (80 bytes).
    Removing stm32f10x_tim.o(i.TIM_BDTRConfig), (32 bytes).
    Removing stm32f10x_tim.o(i.TIM_BDTRStructInit), (18 bytes).
    Removing stm32f10x_tim.o(i.TIM_CCPreloadControl), (24 bytes).
    Removing stm32f10x_tim.o(i.TIM_CCxCmd), (30 bytes).
    Removing stm32f10x_tim.o(i.TIM_CCxNCmd), (30 bytes).
    Removing stm32f10x_tim.o(i.TIM_ClearFlag), (6 bytes).
    Removing stm32f10x_tim.o(i.TIM_ClearOC1Ref), (18 bytes).
    Removing stm32f10x_tim.o(i.TIM_ClearOC2Ref), (24 bytes).
    Removing stm32f10x_tim.o(i.TIM_ClearOC3Ref), (18 bytes).
    Removing stm32f10x_tim.o(i.TIM_ClearOC4Ref), (24 bytes).
    Removing stm32f10x_tim.o(i.TIM_CounterModeConfig), (18 bytes).
    Removing stm32f10x_tim.o(i.TIM_CtrlPWMOutputs), (30 bytes).
    Removing stm32f10x_tim.o(i.TIM_DMACmd), (18 bytes).
    Removing stm32f10x_tim.o(i.TIM_DMAConfig), (10 bytes).
    Removing stm32f10x_tim.o(i.TIM_DeInit), (224 bytes).
    Removing stm32f10x_tim.o(i.TIM_ETRClockMode1Config), (54 bytes).
    Removing stm32f10x_tim.o(i.TIM_ETRClockMode2Config), (32 bytes).
    Removing stm32f10x_tim.o(i.TIM_ETRConfig), (28 bytes).
    Removing stm32f10x_tim.o(i.TIM_EncoderInterfaceConfig), (66 bytes).
    Removing stm32f10x_tim.o(i.TIM_ForcedOC1Config), (18 bytes).
    Removing stm32f10x_tim.o(i.TIM_ForcedOC2Config), (26 bytes).
    Removing stm32f10x_tim.o(i.TIM_ForcedOC3Config), (18 bytes).
    Removing stm32f10x_tim.o(i.TIM_ForcedOC4Config), (26 bytes).
    Removing stm32f10x_tim.o(i.TIM_GenerateEvent), (4 bytes).
    Removing stm32f10x_tim.o(i.TIM_GetCapture1), (6 bytes).
    Removing stm32f10x_tim.o(i.TIM_GetCapture2), (6 bytes).
    Removing stm32f10x_tim.o(i.TIM_GetCapture3), (6 bytes).
    Removing stm32f10x_tim.o(i.TIM_GetCapture4), (8 bytes).
    Removing stm32f10x_tim.o(i.TIM_GetFlagStatus), (18 bytes).
    Removing stm32f10x_tim.o(i.TIM_GetITStatus), (34 bytes).
    Removing stm32f10x_tim.o(i.TIM_GetPrescaler), (6 bytes).
    Removing stm32f10x_tim.o(i.TIM_ICInit), (110 bytes).
    Removing stm32f10x_tim.o(i.TIM_ICStructInit), (18 bytes).
    Removing stm32f10x_tim.o(i.TIM_ITConfig), (18 bytes).
    Removing stm32f10x_tim.o(i.TIM_ITRxExternalClockConfig), (24 bytes).
    Removing stm32f10x_tim.o(i.TIM_InternalClockConfig), (12 bytes).
    Removing stm32f10x_tim.o(i.TIM_OC1FastConfig), (18 bytes).
    Removing stm32f10x_tim.o(i.TIM_OC1Init), (120 bytes).
    Removing stm32f10x_tim.o(i.TIM_OC1NPolarityConfig), (18 bytes).
    Removing stm32f10x_tim.o(i.TIM_OC1PolarityConfig), (18 bytes).
    Removing stm32f10x_tim.o(i.TIM_OC1PreloadConfig), (18 bytes).
    Removing stm32f10x_tim.o(i.TIM_OC2FastConfig), (26 bytes).
    Removing stm32f10x_tim.o(i.TIM_OC2Init), (156 bytes).
    Removing stm32f10x_tim.o(i.TIM_OC2NPolarityConfig), (26 bytes).
    Removing stm32f10x_tim.o(i.TIM_OC2PolarityConfig), (26 bytes).
    Removing stm32f10x_tim.o(i.TIM_OC2PreloadConfig), (26 bytes).
    Removing stm32f10x_tim.o(i.TIM_OC3FastConfig), (18 bytes).
    Removing stm32f10x_tim.o(i.TIM_OC3Init), (152 bytes).
    Removing stm32f10x_tim.o(i.TIM_OC3NPolarityConfig), (26 bytes).
    Removing stm32f10x_tim.o(i.TIM_OC3PolarityConfig), (26 bytes).
    Removing stm32f10x_tim.o(i.TIM_OC3PreloadConfig), (18 bytes).
    Removing stm32f10x_tim.o(i.TIM_OC4FastConfig), (26 bytes).
    Removing stm32f10x_tim.o(i.TIM_OC4Init), (116 bytes).
    Removing stm32f10x_tim.o(i.TIM_OC4PolarityConfig), (26 bytes).
    Removing stm32f10x_tim.o(i.TIM_OC4PreloadConfig), (26 bytes).
    Removing stm32f10x_tim.o(i.TIM_OCStructInit), (20 bytes).
    Removing stm32f10x_tim.o(i.TIM_PWMIConfig), (124 bytes).
    Removing stm32f10x_tim.o(i.TIM_SelectCCDMA), (24 bytes).
    Removing stm32f10x_tim.o(i.TIM_SelectCOM), (24 bytes).
    Removing stm32f10x_tim.o(i.TIM_SelectHallSensor), (24 bytes).
    Removing stm32f10x_tim.o(i.TIM_SelectInputTrigger), (18 bytes).
    Removing stm32f10x_tim.o(i.TIM_SelectMasterSlaveMode), (18 bytes).
    Removing stm32f10x_tim.o(i.TIM_SelectOCxM), (86 bytes).
    Removing stm32f10x_tim.o(i.TIM_SelectOnePulseMode), (18 bytes).
    Removing stm32f10x_tim.o(i.TIM_SelectOutputTrigger), (18 bytes).
    Removing stm32f10x_tim.o(i.TIM_SelectSlaveMode), (18 bytes).
    Removing stm32f10x_tim.o(i.TIM_SetAutoreload), (4 bytes).
    Removing stm32f10x_tim.o(i.TIM_SetClockDivision), (14 bytes).
    Removing stm32f10x_tim.o(i.TIM_SetCompare1), (4 bytes).
    Removing stm32f10x_tim.o(i.TIM_SetCompare2), (4 bytes).
    Removing stm32f10x_tim.o(i.TIM_SetCompare3), (4 bytes).
    Removing stm32f10x_tim.o(i.TIM_SetCompare4), (6 bytes).
    Removing stm32f10x_tim.o(i.TIM_SetCounter), (4 bytes).
    Removing stm32f10x_tim.o(i.TIM_SetIC1Prescaler), (18 bytes).
    Removing stm32f10x_tim.o(i.TIM_SetIC2Prescaler), (26 bytes).
    Removing stm32f10x_tim.o(i.TIM_SetIC3Prescaler), (18 bytes).
    Removing stm32f10x_tim.o(i.TIM_SetIC4Prescaler), (26 bytes).
    Removing stm32f10x_tim.o(i.TIM_TIxExternalClockConfig), (62 bytes).
    Removing stm32f10x_tim.o(i.TIM_TimeBaseStructInit), (18 bytes).
    Removing stm32f10x_tim.o(i.TIM_UpdateDisableConfig), (24 bytes).
    Removing stm32f10x_tim.o(i.TIM_UpdateRequestConfig), (24 bytes).
    Removing system_stm32f10x.o(.constdata), (20 bytes).
    Removing core_cm3.o(.emb_text), (32 bytes).
    Removing startup_stm32f10x_hd.o(HEAP), (256 bytes).
    Removing dadd.o(.text), (334 bytes).
    Removing dmul.o(.text), (228 bytes).
    Removing ddiv.o(.text), (222 bytes).
    Removing dfixul.o(.text), (48 bytes).
    Removing cdrcmple.o(.text), (40 bytes).
    Removing depilogue.o(.text), (190 bytes).
    Removing led_485.o(i.GPIODelay), (22 bytes).

245 unused section(s) (total 12100 bytes) removed from the image.

==============================================================================

Image Symbol Table

    Local Symbols

    Symbol Name                              Value     Ov Type        Size  Object(Section)

    ../clib/microlib/division.c              0x00000000   Number         0  uidiv.o ABSOLUTE
    ../clib/microlib/division.c              0x00000000   Number         0  uldiv.o ABSOLUTE
    ../clib/microlib/init/entry.s            0x00000000   Number         0  entry9a.o ABSOLUTE
    ../clib/microlib/init/entry.s            0x00000000   Number         0  entry.o ABSOLUTE
    ../clib/microlib/init/entry.s            0x00000000   Number         0  entry9b.o ABSOLUTE
    ../clib/microlib/init/entry.s            0x00000000   Number         0  entry10a.o ABSOLUTE
    ../clib/microlib/init/entry.s            0x00000000   Number         0  entry11a.o ABSOLUTE
    ../clib/microlib/init/entry.s            0x00000000   Number         0  entry11b.o ABSOLUTE
    ../clib/microlib/init/entry.s            0x00000000   Number         0  entry2.o ABSOLUTE
    ../clib/microlib/init/entry.s            0x00000000   Number         0  entry10b.o ABSOLUTE
    ../clib/microlib/init/entry.s            0x00000000   Number         0  entry5.o ABSOLUTE
    ../clib/microlib/init/entry.s            0x00000000   Number         0  entry7a.o ABSOLUTE
    ../clib/microlib/init/entry.s            0x00000000   Number         0  entry7b.o ABSOLUTE
    ../clib/microlib/init/entry.s            0x00000000   Number         0  entry8a.o ABSOLUTE
    ../clib/microlib/init/entry.s            0x00000000   Number         0  entry8b.o ABSOLUTE
    ../clib/microlib/longlong.c              0x00000000   Number         0  llsshr.o ABSOLUTE
    ../clib/microlib/longlong.c              0x00000000   Number         0  llushr.o ABSOLUTE
    ../clib/microlib/longlong.c              0x00000000   Number         0  llshl.o ABSOLUTE
    ../clib/microlib/printf/printf.c         0x00000000   Number         0  printfb.o ABSOLUTE
    ../clib/microlib/printf/printf.c         0x00000000   Number         0  printf5.o ABSOLUTE
    ../clib/microlib/printf/printf.c         0x00000000   Number         0  printfa.o ABSOLUTE
    ../clib/microlib/printf/printf.c         0x00000000   Number         0  printf8.o ABSOLUTE
    ../clib/microlib/printf/printf.c         0x00000000   Number         0  printf7.o ABSOLUTE
    ../clib/microlib/printf/printf.c         0x00000000   Number         0  printf6.o ABSOLUTE
    ../clib/microlib/printf/printf.c         0x00000000   Number         0  printf4.o ABSOLUTE
    ../clib/microlib/printf/printf.c         0x00000000   Number         0  printf3.o ABSOLUTE
    ../clib/microlib/printf/printf.c         0x00000000   Number         0  printf2.o ABSOLUTE
    ../clib/microlib/printf/printf.c         0x00000000   Number         0  printf1.o ABSOLUTE
    ../clib/microlib/printf/printf.c         0x00000000   Number         0  printf0.o ABSOLUTE
    ../clib/microlib/string/memcpy.c         0x00000000   Number         0  memcpya.o ABSOLUTE
    ../clib/microlib/string/memcpy.c         0x00000000   Number         0  memcpyb.o ABSOLUTE
    ../clib/microlib/stubs.s                 0x00000000   Number         0  iusefp.o ABSOLUTE
    ../fplib/microlib/fpadd.c                0x00000000   Number         0  dadd.o ABSOLUTE
    ../fplib/microlib/fpdiv.c                0x00000000   Number         0  ddiv.o ABSOLUTE
    ../fplib/microlib/fpepilogue.c           0x00000000   Number         0  depilogue.o ABSOLUTE
    ../fplib/microlib/fpfix.c                0x00000000   Number         0  dfixul.o ABSOLUTE
    ../fplib/microlib/fpmul.c                0x00000000   Number         0  dmul.o ABSOLUTE
    ..\..\..\Libraries\CMSIS\Core\CM3\core_cm3.c 0x00000000   Number         0  core_cm3.o ABSOLUTE
    ..\..\..\Libraries\CMSIS\Core\CM3\startup\arm\startup_stm32f10x_hd.s 0x00000000   Number         0  startup_stm32f10x_hd.o ABSOLUTE
    ..\..\..\Libraries\CMSIS\Core\CM3\system_stm32f10x.c 0x00000000   Number         0  system_stm32f10x.o ABSOLUTE
    ..\..\..\Libraries\STM32F10x_StdPeriph_Driver\src\misc.c 0x00000000   Number         0  misc.o ABSOLUTE
    ..\..\..\Libraries\STM32F10x_StdPeriph_Driver\src\stm32f10x_dma.c 0x00000000   Number         0  stm32f10x_dma.o ABSOLUTE
    ..\..\..\Libraries\STM32F10x_StdPeriph_Driver\src\stm32f10x_exti.c 0x00000000   Number         0  stm32f10x_exti.o ABSOLUTE
    ..\..\..\Libraries\STM32F10x_StdPeriph_Driver\src\stm32f10x_fsmc.c 0x00000000   Number         0  stm32f10x_fsmc.o ABSOLUTE
    ..\..\..\Libraries\STM32F10x_StdPeriph_Driver\src\stm32f10x_gpio.c 0x00000000   Number         0  stm32f10x_gpio.o ABSOLUTE
    ..\..\..\Libraries\STM32F10x_StdPeriph_Driver\src\stm32f10x_rcc.c 0x00000000   Number         0  stm32f10x_rcc.o ABSOLUTE
    ..\..\..\Libraries\STM32F10x_StdPeriph_Driver\src\stm32f10x_sdio.c 0x00000000   Number         0  stm32f10x_sdio.o ABSOLUTE
    ..\..\..\Libraries\STM32F10x_StdPeriph_Driver\src\stm32f10x_spi.c 0x00000000   Number         0  stm32f10x_spi.o ABSOLUTE
    ..\..\..\Libraries\STM32F10x_StdPeriph_Driver\src\stm32f10x_tim.c 0x00000000   Number         0  stm32f10x_tim.o ABSOLUTE
    ..\..\..\Libraries\STM32F10x_StdPeriph_Driver\src\stm32f10x_usart.c 0x00000000   Number         0  stm32f10x_usart.o ABSOLUTE
    ..\\..\\..\\Libraries\\CMSIS\\Core\\CM3\\core_cm3.c 0x00000000   Number         0  core_cm3.o ABSOLUTE
    ..\diskio.c                              0x00000000   Number         0  diskio.o ABSOLUTE
    ..\display.c                             0x00000000   Number         0  display.o ABSOLUTE
    ..\dotdata.c                             0x00000000   Number         0  dotdata.o ABSOLUTE
    ..\ff.c                                  0x00000000   Number         0  ff.o ABSOLUTE
    ..\led_485.c                             0x00000000   Number         0  led_485.o ABSOLUTE
    ..\main.c                                0x00000000   Number         0  main.o ABSOLUTE
    ..\sdcard.c                              0x00000000   Number         0  sdcard.o ABSOLUTE
    ..\stm32f10x_it.c                        0x00000000   Number         0  stm32f10x_it.o ABSOLUTE
    cdrcmple.s                               0x00000000   Number         0  cdrcmple.o ABSOLUTE
    dc.s                                     0x00000000   Number         0  dc.o ABSOLUTE
    handlers.s                               0x00000000   Number         0  handlers.o ABSOLUTE
    init.s                                   0x00000000   Number         0  init.o ABSOLUTE
    RESET                                    0x08000000   Section      304  startup_stm32f10x_hd.o(RESET)
    .ARM.Collect$$$$00000000                 0x08000130   Section        0  entry.o(.ARM.Collect$$$$00000000)
    .ARM.Collect$$$$00000001                 0x08000130   Section        4  entry2.o(.ARM.Collect$$$$00000001)
    .ARM.Collect$$$$00000004                 0x08000134   Section        4  entry5.o(.ARM.Collect$$$$00000004)
    .ARM.Collect$$$$00000008                 0x08000138   Section        0  entry7b.o(.ARM.Collect$$$$00000008)
    .ARM.Collect$$$$0000000A                 0x08000138   Section        0  entry8b.o(.ARM.Collect$$$$0000000A)
    .ARM.Collect$$$$0000000B                 0x08000138   Section        8  entry9a.o(.ARM.Collect$$$$0000000B)
    .ARM.Collect$$$$0000000D                 0x08000140   Section        0  entry10a.o(.ARM.Collect$$$$0000000D)
    .ARM.Collect$$$$0000000F                 0x08000140   Section        0  entry11a.o(.ARM.Collect$$$$0000000F)
    .ARM.Collect$$$$00002712                 0x08000140   Section        4  entry2.o(.ARM.Collect$$$$00002712)
    __lit__00000000                          0x08000140   Data           4  entry2.o(.ARM.Collect$$$$00002712)
    .text                                    0x08000144   Section       48  startup_stm32f10x_hd.o(.text)
    .text                                    0x08000174   Section        0  memcpya.o(.text)
    .text                                    0x08000198   Section       36  init.o(.text)
    i.BusFault_Handler                       0x080001bc   Section        0  stm32f10x_it.o(i.BusFault_Handler)
    i.CmdError                               0x080001c0   Section        0  sdcard.o(i.CmdError)
    CmdError                                 0x080001c1   Thumb Code    44  sdcard.o(i.CmdError)
    i.CmdResp1Error                          0x080001ec   Section        0  sdcard.o(i.CmdResp1Error)
    CmdResp1Error                            0x080001ed   Thumb Code   296  sdcard.o(i.CmdResp1Error)
    i.CmdResp2Error                          0x0800031c   Section        0  sdcard.o(i.CmdResp2Error)
    CmdResp2Error                            0x0800031d   Thumb Code    68  sdcard.o(i.CmdResp2Error)
    i.CmdResp3Error                          0x08000364   Section        0  sdcard.o(i.CmdResp3Error)
    CmdResp3Error                            0x08000365   Thumb Code    50  sdcard.o(i.CmdResp3Error)
    i.CmdResp6Error                          0x0800039c   Section        0  sdcard.o(i.CmdResp6Error)
    CmdResp6Error                            0x0800039d   Thumb Code   150  sdcard.o(i.CmdResp6Error)
    i.CmdResp7Error                          0x08000438   Section        0  sdcard.o(i.CmdResp7Error)
    CmdResp7Error                            0x08000439   Thumb Code    72  sdcard.o(i.CmdResp7Error)
    i.DMA1_Channel2_IRQHandler               0x08000484   Section        0  stm32f10x_it.o(i.DMA1_Channel2_IRQHandler)
    i.DMA1_Channel5_IRQHandler               0x08000508   Section        0  stm32f10x_it.o(i.DMA1_Channel5_IRQHandler)
    i.DMA_ClearFlag                          0x08000518   Section        0  stm32f10x_dma.o(i.DMA_ClearFlag)
    i.DMA_ClearITPendingBit                  0x08000534   Section        0  stm32f10x_dma.o(i.DMA_ClearITPendingBit)
    i.DMA_Cmd                                0x08000550   Section        0  stm32f10x_dma.o(i.DMA_Cmd)
    i.DMA_DeInit                             0x08000568   Section        0  stm32f10x_dma.o(i.DMA_DeInit)
    i.DMA_GetFlagStatus                      0x080006b4   Section        0  stm32f10x_dma.o(i.DMA_GetFlagStatus)
    i.DMA_ITConfig                           0x080006e0   Section        0  stm32f10x_dma.o(i.DMA_ITConfig)
    i.DMA_Init                               0x080006f2   Section        0  stm32f10x_dma.o(i.DMA_Init)
    i.DMA_RxConfiguration                    0x08000730   Section        0  sdcard.o(i.DMA_RxConfiguration)
    DMA_RxConfiguration                      0x08000731   Thumb Code    86  sdcard.o(i.DMA_RxConfiguration)
    i.DMA_TxConfiguration                    0x08000794   Section        0  sdcard.o(i.DMA_TxConfiguration)
    DMA_TxConfiguration                      0x08000795   Thumb Code    86  sdcard.o(i.DMA_TxConfiguration)
    i.DebugMon_Handler                       0x080007f8   Section        0  stm32f10x_it.o(i.DebugMon_Handler)
    i.DisplayNum                             0x080007fc   Section        0  display.o(i.DisplayNum)
    i.DisplayPic                             0x08000a58   Section        0  display.o(i.DisplayPic)
    i.EnterO0O                               0x08000b10   Section        0  main.o(i.EnterO0O)
    i.FSMC_Config                            0x08000b48   Section        0  main.o(i.FSMC_Config)
    i.FSMC_NORSRAMCmd                        0x08000c54   Section        0  stm32f10x_fsmc.o(i.FSMC_NORSRAMCmd)
    i.FSMC_NORSRAMInit                       0x08000c88   Section        0  stm32f10x_fsmc.o(i.FSMC_NORSRAMInit)
    i.FindSCR                                0x08000d64   Section        0  sdcard.o(i.FindSCR)
    FindSCR                                  0x08000d65   Thumb Code   382  sdcard.o(i.FindSCR)
    i.GDelay                                 0x08000ef8   Section        0  main.o(i.GDelay)
    i.GET_Address                            0x08000f10   Section        0  main.o(i.GET_Address)
    i.GPIO_Configuration                     0x08000fb8   Section        0  main.o(i.GPIO_Configuration)
    i.GPIO_Configuration                     0x08001064   Section        0  sdcard.o(i.GPIO_Configuration)
    GPIO_Configuration                       0x08001065   Thumb Code    54  sdcard.o(i.GPIO_Configuration)
    i.GPIO_Init                              0x080010a4   Section        0  stm32f10x_gpio.o(i.GPIO_Init)
    i.HardFault_Handler                      0x080011b6   Section        0  stm32f10x_it.o(i.HardFault_Handler)
    i.InitDMA                                0x080011bc   Section        0  main.o(i.InitDMA)
    i.InitSD                                 0x08001258   Section        0  main.o(i.InitSD)
    i.InitUart                               0x080012b4   Section        0  main.o(i.InitUart)
    i.Init_SPI                               0x08001308   Section        0  main.o(i.Init_SPI)
    i.IsCardProgramming                      0x08001354   Section        0  sdcard.o(i.IsCardProgramming)
    IsCardProgramming                        0x08001355   Thumb Code   394  sdcard.o(i.IsCardProgramming)
    i.MemManage_Handler                      0x080014f0   Section        0  stm32f10x_it.o(i.MemManage_Handler)
    i.NMI_Handler                            0x080014f4   Section        0  stm32f10x_it.o(i.NMI_Handler)
    i.NVIC_Configuration                     0x080014f6   Section        0  main.o(i.NVIC_Configuration)
    i.NVIC_Init                              0x0800153c   Section        0  misc.o(i.NVIC_Init)
    i.NVIC_PriorityGroupConfig               0x080015b0   Section        0  misc.o(i.NVIC_PriorityGroupConfig)
    i.PendSV_Handler                         0x080015c4   Section        0  stm32f10x_it.o(i.PendSV_Handler)
    i.PostMsg                                0x080015c8   Section        0  main.o(i.PostMsg)
    i.ProcessData                            0x0800160c   Section        0  stm32f10x_it.o(i.ProcessData)
    i.RCC_AHBPeriphClockCmd                  0x08001804   Section        0  stm32f10x_rcc.o(i.RCC_AHBPeriphClockCmd)
    i.RCC_APB1PeriphClockCmd                 0x08001824   Section        0  stm32f10x_rcc.o(i.RCC_APB1PeriphClockCmd)
    i.RCC_APB2PeriphClockCmd                 0x08001844   Section        0  stm32f10x_rcc.o(i.RCC_APB2PeriphClockCmd)
    i.RCC_Configuration                      0x08001864   Section        0  main.o(i.RCC_Configuration)
    i.RCC_GetClocksFreq                      0x0800186c   Section        0  stm32f10x_rcc.o(i.RCC_GetClocksFreq)
    i.ReadAndDispatch                        0x08001948   Section        0  main.o(i.ReadAndDispatch)
    i.ResetFIFO                              0x08001dec   Section        0  display.o(i.ResetFIFO)
    i.SDEnWideBus                            0x08001e88   Section        0  sdcard.o(i.SDEnWideBus)
    SDEnWideBus                              0x08001e89   Thumb Code   290  sdcard.o(i.SDEnWideBus)
    i.SDIO_ClearFlag                         0x08001fb8   Section        0  stm32f10x_sdio.o(i.SDIO_ClearFlag)
    i.SDIO_ClearITPendingBit                 0x08001fc4   Section        0  stm32f10x_sdio.o(i.SDIO_ClearITPendingBit)
    i.SDIO_ClockCmd                          0x08001fd0   Section        0  stm32f10x_sdio.o(i.SDIO_ClockCmd)
    i.SDIO_DMACmd                            0x08001fdc   Section        0  stm32f10x_sdio.o(i.SDIO_DMACmd)
    i.SDIO_DataConfig                        0x08001fe8   Section        0  stm32f10x_sdio.o(i.SDIO_DataConfig)
    i.SDIO_DeInit                            0x08002018   Section        0  stm32f10x_sdio.o(i.SDIO_DeInit)
    i.SDIO_GetCommandResponse                0x0800203c   Section        0  stm32f10x_sdio.o(i.SDIO_GetCommandResponse)
    i.SDIO_GetFlagStatus                     0x08002048   Section        0  stm32f10x_sdio.o(i.SDIO_GetFlagStatus)
    i.SDIO_GetITStatus                       0x08002060   Section        0  stm32f10x_sdio.o(i.SDIO_GetITStatus)
    i.SDIO_GetPowerState                     0x08002078   Section        0  stm32f10x_sdio.o(i.SDIO_GetPowerState)
    i.SDIO_GetResponse                       0x08002088   Section        0  stm32f10x_sdio.o(i.SDIO_GetResponse)
    i.SDIO_IRQHandler                        0x080020a0   Section        0  stm32f10x_it.o(i.SDIO_IRQHandler)
    i.SDIO_ITConfig                          0x080020a8   Section        0  stm32f10x_sdio.o(i.SDIO_ITConfig)
    i.SDIO_Init                              0x080020c8   Section        0  stm32f10x_sdio.o(i.SDIO_Init)
    i.SDIO_ReadData                          0x080020f8   Section        0  stm32f10x_sdio.o(i.SDIO_ReadData)
    i.SDIO_SendCommand                       0x08002104   Section        0  stm32f10x_sdio.o(i.SDIO_SendCommand)
    i.SDIO_SetPowerState                     0x08002130   Section        0  stm32f10x_sdio.o(i.SDIO_SetPowerState)
    i.SDIO_WriteData                         0x0800214c   Section        0  stm32f10x_sdio.o(i.SDIO_WriteData)
    i.SD_EnableWideBusOperation              0x08002158   Section        0  sdcard.o(i.SD_EnableWideBusOperation)
    i.SD_GetCardInfo                         0x080021ec   Section        0  sdcard.o(i.SD_GetCardInfo)
    i.SD_Init                                0x080024e4   Section        0  sdcard.o(i.SD_Init)
    i.SD_InitializeCards                     0x08002540   Section        0  sdcard.o(i.SD_InitializeCards)
    i.SD_PowerON                             0x0800267c   Section        0  sdcard.o(i.SD_PowerON)
    i.SD_ProcessIRQSrc                       0x08002814   Section        0  sdcard.o(i.SD_ProcessIRQSrc)
    i.SD_ReadBlock                           0x08002a5c   Section        0  sdcard.o(i.SD_ReadBlock)
    i.SD_ReadMultiBlocks                     0x08002cbc   Section        0  sdcard.o(i.SD_ReadMultiBlocks)
    i.SD_SelectDeselect                      0x08002fb0   Section        0  sdcard.o(i.SD_SelectDeselect)
    i.SD_SetDeviceMode                       0x08002fe4   Section        0  sdcard.o(i.SD_SetDeviceMode)
    i.SD_StopTransfer                        0x08003000   Section        0  sdcard.o(i.SD_StopTransfer)
    i.SD_WriteBlock                          0x08003034   Section        0  sdcard.o(i.SD_WriteBlock)
    i.SD_WriteMultiBlocks                    0x0800339c   Section        0  sdcard.o(i.SD_WriteMultiBlocks)
    i.SPI1_IRQHandler                        0x080037b8   Section        0  stm32f10x_it.o(i.SPI1_IRQHandler)
    i.SPI_Cmd                                0x08003874   Section        0  stm32f10x_spi.o(i.SPI_Cmd)
    i.SPI_I2S_ClearITPendingBit              0x0800388c   Section        0  stm32f10x_spi.o(i.SPI_I2S_ClearITPendingBit)
    i.SPI_I2S_DMACmd                         0x080038a0   Section        0  stm32f10x_spi.o(i.SPI_I2S_DMACmd)
    i.SPI_I2S_GetFlagStatus                  0x080038b2   Section        0  stm32f10x_spi.o(i.SPI_I2S_GetFlagStatus)
    i.SPI_I2S_ReceiveData                    0x080038c4   Section        0  stm32f10x_spi.o(i.SPI_I2S_ReceiveData)
    i.SPI_Init                               0x080038ca   Section        0  stm32f10x_spi.o(i.SPI_Init)
    i.SVC_Handler                            0x08003906   Section        0  stm32f10x_it.o(i.SVC_Handler)
    i.SetSysClock                            0x08003908   Section        0  system_stm32f10x.o(i.SetSysClock)
    SetSysClock                              0x08003909   Thumb Code     8  system_stm32f10x.o(i.SetSysClock)
    i.SetSysClockTo72                        0x08003910   Section        0  system_stm32f10x.o(i.SetSysClockTo72)
    SetSysClockTo72                          0x08003911   Thumb Code   218  system_stm32f10x.o(i.SetSysClockTo72)
    i.ShowErrMsg                             0x080039f4   Section        0  main.o(i.ShowErrMsg)
    i.SysTick_Handler                        0x080039f6   Section        0  stm32f10x_it.o(i.SysTick_Handler)
    i.SystemInit                             0x080039f8   Section        0  system_stm32f10x.o(i.SystemInit)
    i.TIM4_IRQHandler                        0x08003a4c   Section        0  stm32f10x_it.o(i.TIM4_IRQHandler)
    i.TIM_ARRPreloadConfig                   0x08003a6c   Section        0  stm32f10x_tim.o(i.TIM_ARRPreloadConfig)
    i.TIM_ClearITPendingBit                  0x08003a84   Section        0  stm32f10x_tim.o(i.TIM_ClearITPendingBit)
    i.TIM_Cmd                                0x08003a8a   Section        0  stm32f10x_tim.o(i.TIM_Cmd)
    i.TIM_GetCounter                         0x08003aa2   Section        0  stm32f10x_tim.o(i.TIM_GetCounter)
    i.TIM_PrescalerConfig                    0x08003aa8   Section        0  stm32f10x_tim.o(i.TIM_PrescalerConfig)
    i.TIM_TimeBaseInit                       0x08003ab0   Section        0  stm32f10x_tim.o(i.TIM_TimeBaseInit)
    i.USART1_IRQHandler                      0x08003aec   Section        0  stm32f10x_it.o(i.USART1_IRQHandler)
    i.USART_ClearITPendingBit                0x08003b34   Section        0  stm32f10x_usart.o(i.USART_ClearITPendingBit)
    i.USART_Cmd                              0x08003b52   Section        0  stm32f10x_usart.o(i.USART_Cmd)
    i.USART_GetFlagStatus                    0x08003b6a   Section        0  stm32f10x_usart.o(i.USART_GetFlagStatus)
    i.USART_Init                             0x08003b84   Section        0  stm32f10x_usart.o(i.USART_Init)
    i.USART_ReceiveData                      0x08003c24   Section        0  stm32f10x_usart.o(i.USART_ReceiveData)
    i.USART_SendData                         0x08003c2e   Section        0  stm32f10x_usart.o(i.USART_SendData)
    i.UsageFault_Handler                     0x08003c36   Section        0  stm32f10x_it.o(i.UsageFault_Handler)
    i.__0printf$bare                         0x08003c3c   Section        0  printfb.o(i.__0printf$bare)
    i.__scatterload_copy                     0x08003c4c   Section       14  handlers.o(i.__scatterload_copy)
    i.__scatterload_null                     0x08003c5a   Section        2  handlers.o(i.__scatterload_null)
    i.__scatterload_zeroinit                 0x08003c5c   Section       14  handlers.o(i.__scatterload_zeroinit)
    i._printf_core                           0x08003c6a   Section        0  printfb.o(i._printf_core)
    _printf_core                             0x08003c6b   Thumb Code    34  printfb.o(i._printf_core)
    i.auto_mount                             0x08003c8c   Section        0  ff.o(i.auto_mount)
    auto_mount                               0x08003c8d   Thumb Code   738  ff.o(i.auto_mount)
    i.check_fs                               0x08003f80   Section        0  ff.o(i.check_fs)
    check_fs                                 0x08003f81   Thumb Code   100  ff.o(i.check_fs)
    i.chk_chr                                0x08003ff0   Section        0  ff.o(i.chk_chr)
    chk_chr                                  0x08003ff1   Thumb Code    20  ff.o(i.chk_chr)
    i.clust2sect                             0x08004004   Section        0  ff.o(i.clust2sect)
    clust2sect                               0x08004005   Thumb Code    26  ff.o(i.clust2sect)
    i.convert_from_bytes_to_power_of_two     0x0800401e   Section        0  sdcard.o(i.convert_from_bytes_to_power_of_two)
    convert_from_bytes_to_power_of_two       0x0800401f   Thumb Code    18  sdcard.o(i.convert_from_bytes_to_power_of_two)
    i.create_chain                           0x08004030   Section        0  ff.o(i.create_chain)
    create_chain                             0x08004031   Thumb Code   182  ff.o(i.create_chain)
    i.create_name                            0x080040e8   Section        0  ff.o(i.create_name)
    create_name                              0x080040e9   Thumb Code   318  ff.o(i.create_name)
    i.dir_find                               0x08004238   Section        0  ff.o(i.dir_find)
    dir_find                                 0x08004239   Thumb Code   118  ff.o(i.dir_find)
    i.dir_next                               0x080042ae   Section        0  ff.o(i.dir_next)
    dir_next                                 0x080042af   Thumb Code   298  ff.o(i.dir_next)
    i.dir_register                           0x080043d8   Section        0  ff.o(i.dir_register)
    dir_register                             0x080043d9   Thumb Code   120  ff.o(i.dir_register)
    i.dir_seek                               0x08004450   Section        0  ff.o(i.dir_seek)
    dir_seek                                 0x08004451   Thumb Code   166  ff.o(i.dir_seek)
    i.disk_ioctl                             0x080044f8   Section        0  diskio.o(i.disk_ioctl)
    i.disk_read                              0x08004540   Section        0  diskio.o(i.disk_read)
    i.disk_status                            0x0800458a   Section        0  diskio.o(i.disk_status)
    i.disk_write                             0x08004596   Section        0  diskio.o(i.disk_write)
    i.f_close                                0x080045d8   Section        0  ff.o(i.f_close)
    i.f_lseek                                0x080045ee   Section        0  ff.o(i.f_lseek)
    i.f_mount                                0x080047b4   Section        0  ff.o(i.f_mount)
    i.f_open                                 0x080047e0   Section        0  ff.o(i.f_open)
    i.f_read                                 0x08004968   Section        0  ff.o(i.f_read)
    i.f_sync                                 0x08004b18   Section        0  ff.o(i.f_sync)
    i.f_write                                0x08004bce   Section        0  ff.o(i.f_write)
    i.follow_path                            0x08004db0   Section        0  ff.o(i.follow_path)
    follow_path                              0x08004db1   Thumb Code   164  ff.o(i.follow_path)
    i.fputc                                  0x08004e54   Section        0  main.o(i.fputc)
    i.get_cluster                            0x08004e78   Section        0  ff.o(i.get_cluster)
    get_cluster                              0x08004e79   Thumb Code   296  ff.o(i.get_cluster)
    i.get_fattime                            0x08004fa0   Section        0  diskio.o(i.get_fattime)
    i.main                                   0x08004fa4   Section        0  main.o(i.main)
    i.mem_cmp                                0x08005184   Section        0  ff.o(i.mem_cmp)
    mem_cmp                                  0x08005185   Thumb Code    38  ff.o(i.mem_cmp)
    i.mem_cpy                                0x080051aa   Section        0  ff.o(i.mem_cpy)
    mem_cpy                                  0x080051ab   Thumb Code    26  ff.o(i.mem_cpy)
    i.mem_set                                0x080051c4   Section        0  ff.o(i.mem_set)
    mem_set                                  0x080051c5   Thumb Code    20  ff.o(i.mem_set)
    i.move_window                            0x080051d8   Section        0  ff.o(i.move_window)
    move_window                              0x080051d9   Thumb Code   114  ff.o(i.move_window)
    i.put_cluster                            0x0800524a   Section        0  ff.o(i.put_cluster)
    put_cluster                              0x0800524b   Thumb Code   372  ff.o(i.put_cluster)
    i.remove_chain                           0x080053be   Section        0  ff.o(i.remove_chain)
    remove_chain                             0x080053bf   Thumb Code   104  ff.o(i.remove_chain)
    i.sync                                   0x08005426   Section        0  ff.o(i.sync)
    sync                                     0x08005427   Thumb Code   202  ff.o(i.sync)
    i.updata                                 0x080054f0   Section        0  main.o(i.updata)
    i.validate                               0x08005690   Section        0  ff.o(i.validate)
    validate                                 0x08005691   Thumb Code    42  ff.o(i.validate)
    i.wait_ready                             0x080056bc   Section        0  sdcard.o(i.wait_ready)
    .constdata                               0x08005758   Section     6656  dotdata.o(.constdata)
    .data                                    0x20000000   Section       14  stm32f10x_it.o(.data)
    CurPa                                    0x20000000   Data           4  stm32f10x_it.o(.data)
    CurDCount                                0x20000004   Data           4  stm32f10x_it.o(.data)
    jj                                       0x20000008   Data           4  stm32f10x_it.o(.data)
    .data                                    0x20000010   Section      172  main.o(.data)
    .data                                    0x200000bc   Section       40  sdcard.o(.data)
    CardType                                 0x200000bc   Data           4  sdcard.o(.data)
    RCA                                      0x200000c0   Data           4  sdcard.o(.data)
    DeviceMode                               0x200000c4   Data           4  sdcard.o(.data)
    TotalNumberOfBytes                       0x200000c8   Data           4  sdcard.o(.data)
    StopCondition                            0x200000cc   Data           4  sdcard.o(.data)
    .data                                    0x200000e4   Section        6  ff.o(.data)
    FatFs                                    0x200000e4   Data           4  ff.o(.data)
    Fsid                                     0x200000e8   Data           2  ff.o(.data)
    .data                                    0x200000ea   Section       20  stm32f10x_rcc.o(.data)
    APBAHBPrescTable                         0x200000ea   Data          16  stm32f10x_rcc.o(.data)
    ADCPrescTable                            0x200000fa   Data           4  stm32f10x_rcc.o(.data)
    .bss                                     0x20000100   Section    49904  main.o(.bss)
    DMA_InitStructure                        0x20000100   Data          44  main.o(.bss)
    .bss                                     0x2000c3f0   Section      100  sdcard.o(.bss)
    CSD_Tab                                  0x2000c3f0   Data          16  sdcard.o(.bss)
    CID_Tab                                  0x2000c400   Data          16  sdcard.o(.bss)
    STACK                                    0x2000c458   Section     4096  startup_stm32f10x_hd.o(STACK)
    .ARM.__AT_0x68000000                     0x68000000   Section        2  main.o(.ARM.__AT_0x68000000)

    Global Symbols

    Symbol Name                              Value     Ov Type        Size  Object(Section)

    BuildAttributes$$THM_ISAv4$P$D$K$B$S$PE$A:L22UL41UL21$X:L11$S22US41US21$IEEE1$IW$USESV6$~STKCKD$USESV7$~SHL$OSPACE$ROPI$EBA8$MICROLIB$REQ8$PRES8$EABIv2 0x00000000   Number         0  anon$$obj.o ABSOLUTE
    __ARM_use_no_argv                        0x00000000   Number         0  main.o ABSOLUTE
    __cpp_initialize__aeabi_                  - Undefined Weak Reference
    __cxa_finalize                            - Undefined Weak Reference
    __decompress                              - Undefined Weak Reference
    _clock_init                               - Undefined Weak Reference
    _microlib_exit                            - Undefined Weak Reference
    __Vectors_Size                           0x00000130   Number         0  startup_stm32f10x_hd.o ABSOLUTE
    __Vectors                                0x08000000   Data           4  startup_stm32f10x_hd.o(RESET)
    __Vectors_End                            0x08000130   Data           0  startup_stm32f10x_hd.o(RESET)
    __main                                   0x08000131   Thumb Code     0  entry.o(.ARM.Collect$$$$00000000)
    _main_stk                                0x08000131   Thumb Code     0  entry2.o(.ARM.Collect$$$$00000001)
    _main_scatterload                        0x08000135   Thumb Code     0  entry5.o(.ARM.Collect$$$$00000004)
    __main_after_scatterload                 0x08000139   Thumb Code     0  entry5.o(.ARM.Collect$$$$00000004)
    _main_clock                              0x08000139   Thumb Code     0  entry7b.o(.ARM.Collect$$$$00000008)
    _main_cpp_init                           0x08000139   Thumb Code     0  entry8b.o(.ARM.Collect$$$$0000000A)
    _main_init                               0x08000139   Thumb Code     0  entry9a.o(.ARM.Collect$$$$0000000B)
    __rt_final_cpp                           0x08000141   Thumb Code     0  entry10a.o(.ARM.Collect$$$$0000000D)
    __rt_final_exit                          0x08000141   Thumb Code     0  entry11a.o(.ARM.Collect$$$$0000000F)
    SystemInit_ExtMemCtl                     0x08000145   Thumb Code     2  startup_stm32f10x_hd.o(.text)
    Reset_Handler                            0x08000147   Thumb Code    14  startup_stm32f10x_hd.o(.text)
    ADC1_2_IRQHandler                        0x08000167   Thumb Code     0  startup_stm32f10x_hd.o(.text)
    ADC3_IRQHandler                          0x08000167   Thumb Code     0  startup_stm32f10x_hd.o(.text)
    CAN1_RX1_IRQHandler                      0x08000167   Thumb Code     0  startup_stm32f10x_hd.o(.text)
    CAN1_SCE_IRQHandler                      0x08000167   Thumb Code     0  startup_stm32f10x_hd.o(.text)
    DMA1_Channel1_IRQHandler                 0x08000167   Thumb Code     0  startup_stm32f10x_hd.o(.text)
    DMA1_Channel3_IRQHandler                 0x08000167   Thumb Code     0  startup_stm32f10x_hd.o(.text)
    DMA1_Channel4_IRQHandler                 0x08000167   Thumb Code     0  startup_stm32f10x_hd.o(.text)
    DMA1_Channel6_IRQHandler                 0x08000167   Thumb Code     0  startup_stm32f10x_hd.o(.text)
    DMA1_Channel7_IRQHandler                 0x08000167   Thumb Code     0  startup_stm32f10x_hd.o(.text)
    DMA2_Channel1_IRQHandler                 0x08000167   Thumb Code     0  startup_stm32f10x_hd.o(.text)
    DMA2_Channel2_IRQHandler                 0x08000167   Thumb Code     0  startup_stm32f10x_hd.o(.text)
    DMA2_Channel3_IRQHandler                 0x08000167   Thumb Code     0  startup_stm32f10x_hd.o(.text)
    DMA2_Channel4_5_IRQHandler               0x08000167   Thumb Code     0  startup_stm32f10x_hd.o(.text)
    EXTI0_IRQHandler                         0x08000167   Thumb Code     0  startup_stm32f10x_hd.o(.text)
    EXTI15_10_IRQHandler                     0x08000167   Thumb Code     0  startup_stm32f10x_hd.o(.text)
    EXTI1_IRQHandler                         0x08000167   Thumb Code     0  startup_stm32f10x_hd.o(.text)
    EXTI2_IRQHandler                         0x08000167   Thumb Code     0  startup_stm32f10x_hd.o(.text)
    EXTI3_IRQHandler                         0x08000167   Thumb Code     0  startup_stm32f10x_hd.o(.text)
    EXTI4_IRQHandler                         0x08000167   Thumb Code     0  startup_stm32f10x_hd.o(.text)
    EXTI9_5_IRQHandler                       0x08000167   Thumb Code     0  startup_stm32f10x_hd.o(.text)
    FLASH_IRQHandler                         0x08000167   Thumb Code     0  startup_stm32f10x_hd.o(.text)
    FSMC_IRQHandler                          0x08000167   Thumb Code     0  startup_stm32f10x_hd.o(.text)
    I2C1_ER_IRQHandler                       0x08000167   Thumb Code     0  startup_stm32f10x_hd.o(.text)
    I2C1_EV_IRQHandler                       0x08000167   Thumb Code     0  startup_stm32f10x_hd.o(.text)
    I2C2_ER_IRQHandler                       0x08000167   Thumb Code     0  startup_stm32f10x_hd.o(.text)
    I2C2_EV_IRQHandler                       0x08000167   Thumb Code     0  startup_stm32f10x_hd.o(.text)
    PVD_IRQHandler                           0x08000167   Thumb Code     0  startup_stm32f10x_hd.o(.text)
    RCC_IRQHandler                           0x08000167   Thumb Code     0  startup_stm32f10x_hd.o(.text)
    RTCAlarm_IRQHandler                      0x08000167   Thumb Code     0  startup_stm32f10x_hd.o(.text)
    RTC_IRQHandler                           0x08000167   Thumb Code     0  startup_stm32f10x_hd.o(.text)
    SPI2_IRQHandler                          0x08000167   Thumb Code     0  startup_stm32f10x_hd.o(.text)
    SPI3_IRQHandler                          0x08000167   Thumb Code     0  startup_stm32f10x_hd.o(.text)
    TAMPER_IRQHandler                        0x08000167   Thumb Code     0  startup_stm32f10x_hd.o(.text)
    TIM1_BRK_IRQHandler                      0x08000167   Thumb Code     0  startup_stm32f10x_hd.o(.text)
    TIM1_CC_IRQHandler                       0x08000167   Thumb Code     0  startup_stm32f10x_hd.o(.text)
    TIM1_TRG_COM_IRQHandler                  0x08000167   Thumb Code     0  startup_stm32f10x_hd.o(.text)
    TIM1_UP_IRQHandler                       0x08000167   Thumb Code     0  startup_stm32f10x_hd.o(.text)
    TIM2_IRQHandler                          0x08000167   Thumb Code     0  startup_stm32f10x_hd.o(.text)
    TIM3_IRQHandler                          0x08000167   Thumb Code     0  startup_stm32f10x_hd.o(.text)
    TIM5_IRQHandler                          0x08000167   Thumb Code     0  startup_stm32f10x_hd.o(.text)
    TIM6_IRQHandler                          0x08000167   Thumb Code     0  startup_stm32f10x_hd.o(.text)
    TIM7_IRQHandler                          0x08000167   Thumb Code     0  startup_stm32f10x_hd.o(.text)
    TIM8_BRK_IRQHandler                      0x08000167   Thumb Code     0  startup_stm32f10x_hd.o(.text)
    TIM8_CC_IRQHandler                       0x08000167   Thumb Code     0  startup_stm32f10x_hd.o(.text)
    TIM8_TRG_COM_IRQHandler                  0x08000167   Thumb Code     0  startup_stm32f10x_hd.o(.text)
    TIM8_UP_IRQHandler                       0x08000167   Thumb Code     0  startup_stm32f10x_hd.o(.text)
    UART4_IRQHandler                         0x08000167   Thumb Code     0  startup_stm32f10x_hd.o(.text)
    UART5_IRQHandler                         0x08000167   Thumb Code     0  startup_stm32f10x_hd.o(.text)
    USART2_IRQHandler                        0x08000167   Thumb Code     0  startup_stm32f10x_hd.o(.text)
    USART3_IRQHandler                        0x08000167   Thumb Code     0  startup_stm32f10x_hd.o(.text)
    USBWakeUp_IRQHandler                     0x08000167   Thumb Code     0  startup_stm32f10x_hd.o(.text)
    USB_HP_CAN1_TX_IRQHandler                0x08000167   Thumb Code     0  startup_stm32f10x_hd.o(.text)
    USB_LP_CAN1_RX0_IRQHandler               0x08000167   Thumb Code     0  startup_stm32f10x_hd.o(.text)
    WWDG_IRQHandler                          0x08000167   Thumb Code     0  startup_stm32f10x_hd.o(.text)
    __aeabi_memcpy                           0x08000175   Thumb Code    36  memcpya.o(.text)
    __aeabi_memcpy4                          0x08000175   Thumb Code     0  memcpya.o(.text)
    __aeabi_memcpy8                          0x08000175   Thumb Code     0  memcpya.o(.text)
    __scatterload                            0x08000199   Thumb Code    28  init.o(.text)
    __scatterload_rt2                        0x08000199   Thumb Code     0  init.o(.text)
    BusFault_Handler                         0x080001bd   Thumb Code     4  stm32f10x_it.o(i.BusFault_Handler)
    DMA1_Channel2_IRQHandler                 0x08000485   Thumb Code   116  stm32f10x_it.o(i.DMA1_Channel2_IRQHandler)
    DMA1_Channel5_IRQHandler                 0x08000509   Thumb Code    16  stm32f10x_it.o(i.DMA1_Channel5_IRQHandler)
    DMA_ClearFlag                            0x08000519   Thumb Code    18  stm32f10x_dma.o(i.DMA_ClearFlag)
    DMA_ClearITPendingBit                    0x08000535   Thumb Code    18  stm32f10x_dma.o(i.DMA_ClearITPendingBit)
    DMA_Cmd                                  0x08000551   Thumb Code    22  stm32f10x_dma.o(i.DMA_Cmd)
    DMA_DeInit                               0x08000569   Thumb Code   322  stm32f10x_dma.o(i.DMA_DeInit)
    DMA_GetFlagStatus                        0x080006b5   Thumb Code    34  stm32f10x_dma.o(i.DMA_GetFlagStatus)
    DMA_ITConfig                             0x080006e1   Thumb Code    18  stm32f10x_dma.o(i.DMA_ITConfig)
    DMA_Init                                 0x080006f3   Thumb Code    60  stm32f10x_dma.o(i.DMA_Init)
    DebugMon_Handler                         0x080007f9   Thumb Code     2  stm32f10x_it.o(i.DebugMon_Handler)
    DisplayNum                               0x080007fd   Thumb Code   594  display.o(i.DisplayNum)
    DisplayPic                               0x08000a59   Thumb Code   174  display.o(i.DisplayPic)
    EnterO0O                                 0x08000b11   Thumb Code    46  main.o(i.EnterO0O)
    FSMC_Config                              0x08000b49   Thumb Code   252  main.o(i.FSMC_Config)
    FSMC_NORSRAMCmd                          0x08000c55   Thumb Code    46  stm32f10x_fsmc.o(i.FSMC_NORSRAMCmd)
    FSMC_NORSRAMInit                         0x08000c89   Thumb Code   220  stm32f10x_fsmc.o(i.FSMC_NORSRAMInit)
    GDelay                                   0x08000ef9   Thumb Code    22  main.o(i.GDelay)
    GET_Address                              0x08000f11   Thumb Code   148  main.o(i.GET_Address)
    GPIO_Configuration                       0x08000fb9   Thumb Code   160  main.o(i.GPIO_Configuration)
    GPIO_Init                                0x080010a5   Thumb Code   274  stm32f10x_gpio.o(i.GPIO_Init)
    HardFault_Handler                        0x080011b7   Thumb Code     4  stm32f10x_it.o(i.HardFault_Handler)
    InitDMA                                  0x080011bd   Thumb Code   136  main.o(i.InitDMA)
    InitSD                                   0x08001259   Thumb Code    84  main.o(i.InitSD)
    InitUart                                 0x080012b5   Thumb Code    72  main.o(i.InitUart)
    Init_SPI                                 0x08001309   Thumb Code    72  main.o(i.Init_SPI)
    MemManage_Handler                        0x080014f1   Thumb Code     4  stm32f10x_it.o(i.MemManage_Handler)
    NMI_Handler                              0x080014f5   Thumb Code     2  stm32f10x_it.o(i.NMI_Handler)
    NVIC_Configuration                       0x080014f7   Thumb Code    70  main.o(i.NVIC_Configuration)
    NVIC_Init                                0x0800153d   Thumb Code   102  misc.o(i.NVIC_Init)
    NVIC_PriorityGroupConfig                 0x080015b1   Thumb Code    10  misc.o(i.NVIC_PriorityGroupConfig)
    PendSV_Handler                           0x080015c5   Thumb Code     2  stm32f10x_it.o(i.PendSV_Handler)
    PostMsg                                  0x080015c9   Thumb Code    54  main.o(i.PostMsg)
    ProcessData                              0x0800160d   Thumb Code   468  stm32f10x_it.o(i.ProcessData)
    RCC_AHBPeriphClockCmd                    0x08001805   Thumb Code    26  stm32f10x_rcc.o(i.RCC_AHBPeriphClockCmd)
    RCC_APB1PeriphClockCmd                   0x08001825   Thumb Code    26  stm32f10x_rcc.o(i.RCC_APB1PeriphClockCmd)
    RCC_APB2PeriphClockCmd                   0x08001845   Thumb Code    26  stm32f10x_rcc.o(i.RCC_APB2PeriphClockCmd)
    RCC_Configuration                        0x08001865   Thumb Code     8  main.o(i.RCC_Configuration)
    RCC_GetClocksFreq                        0x0800186d   Thumb Code   192  stm32f10x_rcc.o(i.RCC_GetClocksFreq)
    ReadAndDispatch                          0x08001949   Thumb Code  1170  main.o(i.ReadAndDispatch)
    ResetFIFO                                0x08001ded   Thumb Code   148  display.o(i.ResetFIFO)
    SDIO_ClearFlag                           0x08001fb9   Thumb Code     6  stm32f10x_sdio.o(i.SDIO_ClearFlag)
    SDIO_ClearITPendingBit                   0x08001fc5   Thumb Code     6  stm32f10x_sdio.o(i.SDIO_ClearITPendingBit)
    SDIO_ClockCmd                            0x08001fd1   Thumb Code     6  stm32f10x_sdio.o(i.SDIO_ClockCmd)
    SDIO_DMACmd                              0x08001fdd   Thumb Code     6  stm32f10x_sdio.o(i.SDIO_DMACmd)
    SDIO_DataConfig                          0x08001fe9   Thumb Code    42  stm32f10x_sdio.o(i.SDIO_DataConfig)
    SDIO_DeInit                              0x08002019   Thumb Code    28  stm32f10x_sdio.o(i.SDIO_DeInit)
    SDIO_GetCommandResponse                  0x0800203d   Thumb Code     8  stm32f10x_sdio.o(i.SDIO_GetCommandResponse)
    SDIO_GetFlagStatus                       0x08002049   Thumb Code    20  stm32f10x_sdio.o(i.SDIO_GetFlagStatus)
    SDIO_GetITStatus                         0x08002061   Thumb Code    20  stm32f10x_sdio.o(i.SDIO_GetITStatus)
    SDIO_GetPowerState                       0x08002079   Thumb Code    10  stm32f10x_sdio.o(i.SDIO_GetPowerState)
    SDIO_GetResponse                         0x08002089   Thumb Code    20  stm32f10x_sdio.o(i.SDIO_GetResponse)
    SDIO_IRQHandler                          0x080020a1   Thumb Code     8  stm32f10x_it.o(i.SDIO_IRQHandler)
    SDIO_ITConfig                            0x080020a9   Thumb Code    26  stm32f10x_sdio.o(i.SDIO_ITConfig)
    SDIO_Init                                0x080020c9   Thumb Code    42  stm32f10x_sdio.o(i.SDIO_Init)
    SDIO_ReadData                            0x080020f9   Thumb Code     6  stm32f10x_sdio.o(i.SDIO_ReadData)
    SDIO_SendCommand                         0x08002105   Thumb Code    38  stm32f10x_sdio.o(i.SDIO_SendCommand)
    SDIO_SetPowerState                       0x08002131   Thumb Code    22  stm32f10x_sdio.o(i.SDIO_SetPowerState)
    SDIO_WriteData                           0x0800214d   Thumb Code     6  stm32f10x_sdio.o(i.SDIO_WriteData)
    SD_EnableWideBusOperation                0x08002159   Thumb Code   140  sdcard.o(i.SD_EnableWideBusOperation)
    SD_GetCardInfo                           0x080021ed   Thumb Code   742  sdcard.o(i.SD_GetCardInfo)
    SD_Init                                  0x080024e5   Thumb Code    86  sdcard.o(i.SD_Init)
    SD_InitializeCards                       0x08002541   Thumb Code   294  sdcard.o(i.SD_InitializeCards)
    SD_PowerON                               0x0800267d   Thumb Code   392  sdcard.o(i.SD_PowerON)
    SD_ProcessIRQSrc                         0x08002815   Thumb Code   552  sdcard.o(i.SD_ProcessIRQSrc)
    SD_ReadBlock                             0x08002a5d   Thumb Code   558  sdcard.o(i.SD_ReadBlock)
    SD_ReadMultiBlocks                       0x08002cbd   Thumb Code   706  sdcard.o(i.SD_ReadMultiBlocks)
    SD_SelectDeselect                        0x08002fb1   Thumb Code    48  sdcard.o(i.SD_SelectDeselect)
    SD_SetDeviceMode                         0x08002fe5   Thumb Code    24  sdcard.o(i.SD_SetDeviceMode)
    SD_StopTransfer                          0x08003001   Thumb Code    46  sdcard.o(i.SD_StopTransfer)
    SD_WriteBlock                            0x08003035   Thumb Code   820  sdcard.o(i.SD_WriteBlock)
    SD_WriteMultiBlocks                      0x0800339d   Thumb Code   996  sdcard.o(i.SD_WriteMultiBlocks)
    SPI1_IRQHandler                          0x080037b9   Thumb Code   160  stm32f10x_it.o(i.SPI1_IRQHandler)
    SPI_Cmd                                  0x08003875   Thumb Code    24  stm32f10x_spi.o(i.SPI_Cmd)
    SPI_I2S_ClearITPendingBit                0x0800388d   Thumb Code    20  stm32f10x_spi.o(i.SPI_I2S_ClearITPendingBit)
    SPI_I2S_DMACmd                           0x080038a1   Thumb Code    18  stm32f10x_spi.o(i.SPI_I2S_DMACmd)
    SPI_I2S_GetFlagStatus                    0x080038b3   Thumb Code    18  stm32f10x_spi.o(i.SPI_I2S_GetFlagStatus)
    SPI_I2S_ReceiveData                      0x080038c5   Thumb Code     6  stm32f10x_spi.o(i.SPI_I2S_ReceiveData)
    SPI_Init                                 0x080038cb   Thumb Code    60  stm32f10x_spi.o(i.SPI_Init)
    SVC_Handler                              0x08003907   Thumb Code     2  stm32f10x_it.o(i.SVC_Handler)
    ShowErrMsg                               0x080039f5   Thumb Code     2  main.o(i.ShowErrMsg)
    SysTick_Handler                          0x080039f7   Thumb Code     2  stm32f10x_it.o(i.SysTick_Handler)
    SystemInit                               0x080039f9   Thumb Code    70  system_stm32f10x.o(i.SystemInit)
    TIM4_IRQHandler                          0x08003a4d   Thumb Code    22  stm32f10x_it.o(i.TIM4_IRQHandler)
    TIM_ARRPreloadConfig                     0x08003a6d   Thumb Code    24  stm32f10x_tim.o(i.TIM_ARRPreloadConfig)
    TIM_ClearITPendingBit                    0x08003a85   Thumb Code     6  stm32f10x_tim.o(i.TIM_ClearITPendingBit)
    TIM_Cmd                                  0x08003a8b   Thumb Code    24  stm32f10x_tim.o(i.TIM_Cmd)
    TIM_GetCounter                           0x08003aa3   Thumb Code     6  stm32f10x_tim.o(i.TIM_GetCounter)
    TIM_PrescalerConfig                      0x08003aa9   Thumb Code     6  stm32f10x_tim.o(i.TIM_PrescalerConfig)
    TIM_TimeBaseInit                         0x08003ab1   Thumb Code    50  stm32f10x_tim.o(i.TIM_TimeBaseInit)
    USART1_IRQHandler                        0x08003aed   Thumb Code    60  stm32f10x_it.o(i.USART1_IRQHandler)
    USART_ClearITPendingBit                  0x08003b35   Thumb Code    30  stm32f10x_usart.o(i.USART_ClearITPendingBit)
    USART_Cmd                                0x08003b53   Thumb Code    24  stm32f10x_usart.o(i.USART_Cmd)
    USART_GetFlagStatus                      0x08003b6b   Thumb Code    26  stm32f10x_usart.o(i.USART_GetFlagStatus)
    USART_Init                               0x08003b85   Thumb Code   156  stm32f10x_usart.o(i.USART_Init)
    USART_ReceiveData                        0x08003c25   Thumb Code    10  stm32f10x_usart.o(i.USART_ReceiveData)
    USART_SendData                           0x08003c2f   Thumb Code     8  stm32f10x_usart.o(i.USART_SendData)
    UsageFault_Handler                       0x08003c37   Thumb Code     4  stm32f10x_it.o(i.UsageFault_Handler)
    __0printf$bare                           0x08003c3d   Thumb Code     8  printfb.o(i.__0printf$bare)
    __1printf$bare                           0x08003c3d   Thumb Code     0  printfb.o(i.__0printf$bare)
    __2printf                                0x08003c3d   Thumb Code     0  printfb.o(i.__0printf$bare)
    __scatterload_copy                       0x08003c4d   Thumb Code    14  handlers.o(i.__scatterload_copy)
    __scatterload_null                       0x08003c5b   Thumb Code     2  handlers.o(i.__scatterload_null)
    __scatterload_zeroinit                   0x08003c5d   Thumb Code    14  handlers.o(i.__scatterload_zeroinit)
    disk_ioctl                               0x080044f9   Thumb Code    66  diskio.o(i.disk_ioctl)
    disk_read                                0x08004541   Thumb Code    74  diskio.o(i.disk_read)
    disk_status                              0x0800458b   Thumb Code    12  diskio.o(i.disk_status)
    disk_write                               0x08004597   Thumb Code    66  diskio.o(i.disk_write)
    f_close                                  0x080045d9   Thumb Code    22  ff.o(i.f_close)
    f_lseek                                  0x080045ef   Thumb Code   454  ff.o(i.f_lseek)
    f_mount                                  0x080047b5   Thumb Code    38  ff.o(i.f_mount)
    f_open                                   0x080047e1   Thumb Code   392  ff.o(i.f_open)
    f_read                                   0x08004969   Thumb Code   432  ff.o(i.f_read)
    f_sync                                   0x08004b19   Thumb Code   182  ff.o(i.f_sync)
    f_write                                  0x08004bcf   Thumb Code   482  ff.o(i.f_write)
    fputc                                    0x08004e55   Thumb Code    30  main.o(i.fputc)
    get_fattime                              0x08004fa1   Thumb Code     4  diskio.o(i.get_fattime)
    main                                     0x08004fa5   Thumb Code   388  main.o(i.main)
    updata                                   0x080054f1   Thumb Code   372  main.o(i.updata)
    wait_ready                               0x080056bd   Thumb Code   144  sdcard.o(i.wait_ready)
    ucDotData                                0x08005758   Data         512  dotdata.o(.constdata)
    ucDotDataKu                              0x08005958   Data         512  dotdata.o(.constdata)
    ucDotDataXiao                            0x08005b58   Data         512  dotdata.o(.constdata)
    ucDotDataNum                             0x08005d58   Data        5120  dotdata.o(.constdata)
    Region$$Table$$Base                      0x08007158   Number         0  anon$$obj.o(Region$$Table)
    Region$$Table$$Limit                     0x08007178   Number         0  anon$$obj.o(Region$$Table)
    Team485                                  0x2000000c   Data           2  stm32f10x_it.o(.data)
    CurDataPoint                             0x20000010   Data           4  main.o(.data)
    TData                                    0x20000014   Data           4  main.o(.data)
    TmCnt                                    0x20000018   Data           4  main.o(.data)
    EraseStatus                              0x2000001c   Data           1  main.o(.data)
    TransferStatus1                          0x2000001d   Data           1  main.o(.data)
    TransferStatus2                          0x2000001e   Data           1  main.o(.data)
    Status                                   0x2000001f   Data           1  main.o(.data)
    SDWritePoint                             0x20000020   Data           4  main.o(.data)
    TestMode                                 0x20000024   Data           1  main.o(.data)
    bDownloadMode                            0x20000025   Data           1  main.o(.data)
    CurDataMode                              0x20000028   Data           4  main.o(.data)
    LoopCount                                0x2000002c   Data           4  main.o(.data)
    CurLoop                                  0x20000030   Data           4  main.o(.data)
    bNeedNewData                             0x20000034   Data           1  main.o(.data)
    FLength                                  0x20000038   Data           4  main.o(.data)
    CurFPoint                                0x2000003c   Data           4  main.o(.data)
    m_Mode                                   0x20000040   Data           4  main.o(.data)
    TestBuff                                 0x20000044   Data           8  main.o(.data)
    CurBuff                                  0x2000004c   Data           1  main.o(.data)
    CurBlock                                 0x20000050   Data           4  main.o(.data)
    CurReadPoint                             0x20000054   Data           4  main.o(.data)
    TeamLeft                                 0x20000058   Data           4  main.o(.data)
    TeamRead                                 0x2000005c   Data           4  main.o(.data)
    TeamWrite                                0x20000060   Data           4  main.o(.data)
    NeedNewData                              0x20000064   Data           1  main.o(.data)
    MYADDR                                   0x20000068   Data           4  main.o(.data)
    temp2                                    0x2000006c   Data           4  main.o(.data)
    CurPa                                    0x20000070   Data           4  main.o(.data)
    Test1                                    0x20000074   Data           2  main.o(.data)
    nosd                                     0x20000078   Data           4  main.o(.data)
    p                                        0x2000007c   Data           4  main.o(.data)
    pdata                                    0x20000080   Data           4  main.o(.data)
    res                                      0x20000084   Data           1  main.o(.data)
    fresult                                  0x20000085   Data           1  main.o(.data)
    nRead                                    0x20000088   Data           4  main.o(.data)
    Speed                                    0x20000090   Data           8  main.o(.data)
    tm                                       0x20000098   Data           4  main.o(.data)
    i                                        0x2000009c   Data           4  main.o(.data)
    j                                        0x200000a0   Data           4  main.o(.data)
    Data485                                  0x200000a4   Data           2  main.o(.data)
    temp                                     0x200000a6   Data           2  main.o(.data)
    bb                                       0x200000a8   Data           1  main.o(.data)
    ucData                                   0x200000ac   Data           4  main.o(.data)
    __stdout                                 0x200000b0   Data           4  main.o(.data)
    __stdin                                  0x200000b4   Data           4  main.o(.data)
    Address                                  0x200000b8   Data           4  main.o(.data)
    TransferError                            0x200000d0   Data           1  sdcard.o(.data)
    TransferEnd                              0x200000d4   Data           4  sdcard.o(.data)
    NumberOfBytes                            0x200000d8   Data           4  sdcard.o(.data)
    SrcBuffer                                0x200000dc   Data           4  sdcard.o(.data)
    DestBuffer                               0x200000e0   Data           4  sdcard.o(.data)
    tempStruct                               0x2000012c   Data          16  main.o(.bss)
    SDCardInfo                               0x2000013c   Data          80  main.o(.bss)
    USART_InitStructure                      0x2000018c   Data          16  main.o(.bss)
    DMA_InitStructure                        0x2000019c   Data          44  main.o(.bss)
    SDBuffer                                 0x200001c8   Data       14400  main.o(.bss)
    SPIData                                  0x20003a08   Data        1600  main.o(.bss)
    spp                                      0x20004048   Data          16  main.o(.bss)
    data                                     0x20004058   Data       10240  main.o(.bss)
    fs                                       0x20006858   Data         560  main.o(.bss)
    g_sFileObject                            0x20006a88   Data         548  main.o(.bss)
    g_Save                                   0x20006cac   Data         548  main.o(.bss)
    ReadBuff                                 0x20006ed0   Data       11520  main.o(.bss)
    TIM_TimeBaseStructure                    0x20009bd0   Data          10  main.o(.bss)
    NameShow                                 0x20009bda   Data          20  main.o(.bss)
    uiData                                   0x20009bf0   Data       10240  main.o(.bss)
    SDIO_InitStructure                       0x2000c410   Data          24  sdcard.o(.bss)
    SDIO_CmdInitStructure                    0x2000c428   Data          20  sdcard.o(.bss)
    SDIO_DataInitStructure                   0x2000c43c   Data          24  sdcard.o(.bss)
    __initial_sp                             0x2000d458   Data           0  startup_stm32f10x_hd.o(STACK)
    Tab                                      0x68000000   Data           2  main.o(.ARM.__AT_0x68000000)



==============================================================================

Memory Map of the image

  Image Entry point : 0x08000131

  Load Region LR_IROM1 (Base: 0x08000000, Size: 0x00007278, Max: 0x00080000, ABSOLUTE)

    Execution Region ER_IROM1 (Base: 0x08000000, Size: 0x00007178, Max: 0x00080000, ABSOLUTE)

    Base Addr    Size         Type   Attr      Idx    E Section Name        Object

    0x08000000   0x00000130   Data   RO         2561    RESET               startup_stm32f10x_hd.o
    0x08000130   0x00000000   Code   RO         2566  * .ARM.Collect$$$$00000000  mc_w.l(entry.o)
    0x08000130   0x00000004   Code   RO         2833    .ARM.Collect$$$$00000001  mc_w.l(entry2.o)
    0x08000134   0x00000004   Code   RO         2836    .ARM.Collect$$$$00000004  mc_w.l(entry5.o)
    0x08000138   0x00000000   Code   RO         2838    .ARM.Collect$$$$00000008  mc_w.l(entry7b.o)
    0x08000138   0x00000000   Code   RO         2840    .ARM.Collect$$$$0000000A  mc_w.l(entry8b.o)
    0x08000138   0x00000008   Code   RO         2841    .ARM.Collect$$$$0000000B  mc_w.l(entry9a.o)
    0x08000140   0x00000000   Code   RO         2843    .ARM.Collect$$$$0000000D  mc_w.l(entry10a.o)
    0x08000140   0x00000000   Code   RO         2845    .ARM.Collect$$$$0000000F  mc_w.l(entry11a.o)
    0x08000140   0x00000004   Code   RO         2834    .ARM.Collect$$$$00002712  mc_w.l(entry2.o)
    0x08000144   0x00000030   Code   RO         2562    .text               startup_stm32f10x_hd.o
    0x08000174   0x00000024   Code   RO         2569    .text               mc_w.l(memcpya.o)
    0x08000198   0x00000024   Code   RO         2862    .text               mc_w.l(init.o)
    0x080001bc   0x00000004   Code   RO            1    i.BusFault_Handler  stm32f10x_it.o
    0x080001c0   0x0000002c   Code   RO          306    i.CmdError          sdcard.o
    0x080001ec   0x00000130   Code   RO          307    i.CmdResp1Error     sdcard.o
    0x0800031c   0x00000048   Code   RO          308    i.CmdResp2Error     sdcard.o
    0x08000364   0x00000038   Code   RO          309    i.CmdResp3Error     sdcard.o
    0x0800039c   0x0000009c   Code   RO          310    i.CmdResp6Error     sdcard.o
    0x08000438   0x0000004c   Code   RO          311    i.CmdResp7Error     sdcard.o
    0x08000484   0x00000084   Code   RO            2    i.DMA1_Channel2_IRQHandler  stm32f10x_it.o
    0x08000508   0x00000010   Code   RO            3    i.DMA1_Channel5_IRQHandler  stm32f10x_it.o
    0x08000518   0x0000001c   Code   RO         1900    i.DMA_ClearFlag     stm32f10x_dma.o
    0x08000534   0x0000001c   Code   RO         1901    i.DMA_ClearITPendingBit  stm32f10x_dma.o
    0x08000550   0x00000016   Code   RO         1902    i.DMA_Cmd           stm32f10x_dma.o
    0x08000566   0x00000002   PAD
    0x08000568   0x0000014c   Code   RO         1903    i.DMA_DeInit        stm32f10x_dma.o
    0x080006b4   0x0000002c   Code   RO         1905    i.DMA_GetFlagStatus  stm32f10x_dma.o
    0x080006e0   0x00000012   Code   RO         1907    i.DMA_ITConfig      stm32f10x_dma.o
    0x080006f2   0x0000003c   Code   RO         1908    i.DMA_Init          stm32f10x_dma.o
    0x0800072e   0x00000002   PAD
    0x08000730   0x00000064   Code   RO          312    i.DMA_RxConfiguration  sdcard.o
    0x08000794   0x00000064   Code   RO          313    i.DMA_TxConfiguration  sdcard.o
    0x080007f8   0x00000002   Code   RO            4    i.DebugMon_Handler  stm32f10x_it.o
    0x080007fa   0x00000002   PAD
    0x080007fc   0x0000025c   Code   RO          782    i.DisplayNum        display.o
    0x08000a58   0x000000b8   Code   RO          783    i.DisplayPic        display.o
    0x08000b10   0x00000038   Code   RO          164    i.EnterO0O          main.o
    0x08000b48   0x0000010c   Code   RO          165    i.FSMC_Config       main.o
    0x08000c54   0x00000034   Code   RO         1428    i.FSMC_NORSRAMCmd   stm32f10x_fsmc.o
    0x08000c88   0x000000dc   Code   RO         1430    i.FSMC_NORSRAMInit  stm32f10x_fsmc.o
    0x08000d64   0x00000194   Code   RO          314    i.FindSCR           sdcard.o
    0x08000ef8   0x00000016   Code   RO          166    i.GDelay            main.o
    0x08000f0e   0x00000002   PAD
    0x08000f10   0x000000a8   Code   RO          167    i.GET_Address       main.o
    0x08000fb8   0x000000ac   Code   RO          168    i.GPIO_Configuration  main.o
    0x08001064   0x00000040   Code   RO          315    i.GPIO_Configuration  sdcard.o
    0x080010a4   0x00000112   Code   RO         1060    i.GPIO_Init         stm32f10x_gpio.o
    0x080011b6   0x00000004   Code   RO            5    i.HardFault_Handler  stm32f10x_it.o
    0x080011ba   0x00000002   PAD
    0x080011bc   0x0000009c   Code   RO          169    i.InitDMA           main.o
    0x08001258   0x0000005c   Code   RO          170    i.InitSD            main.o
    0x080012b4   0x00000054   Code   RO          171    i.InitUart          main.o
    0x08001308   0x0000004c   Code   RO          172    i.Init_SPI          main.o
    0x08001354   0x0000019c   Code   RO          316    i.IsCardProgramming  sdcard.o
    0x080014f0   0x00000004   Code   RO            6    i.MemManage_Handler  stm32f10x_it.o
    0x080014f4   0x00000002   Code   RO            7    i.NMI_Handler       stm32f10x_it.o
    0x080014f6   0x00000046   Code   RO          173    i.NVIC_Configuration  main.o
    0x0800153c   0x00000074   Code   RO         1174    i.NVIC_Init         misc.o
    0x080015b0   0x00000014   Code   RO         1175    i.NVIC_PriorityGroupConfig  misc.o
    0x080015c4   0x00000002   Code   RO            8    i.PendSV_Handler    stm32f10x_it.o
    0x080015c6   0x00000002   PAD
    0x080015c8   0x00000044   Code   RO          174    i.PostMsg           main.o
    0x0800160c   0x000001f8   Code   RO            9    i.ProcessData       stm32f10x_it.o
    0x08001804   0x00000020   Code   RO          840    i.RCC_AHBPeriphClockCmd  stm32f10x_rcc.o
    0x08001824   0x00000020   Code   RO          841    i.RCC_APB1PeriphClockCmd  stm32f10x_rcc.o
    0x08001844   0x00000020   Code   RO          843    i.RCC_APB2PeriphClockCmd  stm32f10x_rcc.o
    0x08001864   0x00000008   Code   RO          175    i.RCC_Configuration  main.o
    0x0800186c   0x000000dc   Code   RO          851    i.RCC_GetClocksFreq  stm32f10x_rcc.o
    0x08001948   0x000004a4   Code   RO          176    i.ReadAndDispatch   main.o
    0x08001dec   0x0000009c   Code   RO          784    i.ResetFIFO         display.o
    0x08001e88   0x00000130   Code   RO          317    i.SDEnWideBus       sdcard.o
    0x08001fb8   0x0000000c   Code   RO         1712    i.SDIO_ClearFlag    stm32f10x_sdio.o
    0x08001fc4   0x0000000c   Code   RO         1713    i.SDIO_ClearITPendingBit  stm32f10x_sdio.o
    0x08001fd0   0x0000000c   Code   RO         1714    i.SDIO_ClockCmd     stm32f10x_sdio.o
    0x08001fdc   0x0000000c   Code   RO         1717    i.SDIO_DMACmd       stm32f10x_sdio.o
    0x08001fe8   0x00000030   Code   RO         1718    i.SDIO_DataConfig   stm32f10x_sdio.o
    0x08002018   0x00000024   Code   RO         1720    i.SDIO_DeInit       stm32f10x_sdio.o
    0x0800203c   0x0000000c   Code   RO         1721    i.SDIO_GetCommandResponse  stm32f10x_sdio.o
    0x08002048   0x00000018   Code   RO         1724    i.SDIO_GetFlagStatus  stm32f10x_sdio.o
    0x08002060   0x00000018   Code   RO         1725    i.SDIO_GetITStatus  stm32f10x_sdio.o
    0x08002078   0x00000010   Code   RO         1726    i.SDIO_GetPowerState  stm32f10x_sdio.o
    0x08002088   0x00000018   Code   RO         1727    i.SDIO_GetResponse  stm32f10x_sdio.o
    0x080020a0   0x00000008   Code   RO           10    i.SDIO_IRQHandler   stm32f10x_it.o
    0x080020a8   0x00000020   Code   RO         1728    i.SDIO_ITConfig     stm32f10x_sdio.o
    0x080020c8   0x00000030   Code   RO         1729    i.SDIO_Init         stm32f10x_sdio.o
    0x080020f8   0x0000000c   Code   RO         1730    i.SDIO_ReadData     stm32f10x_sdio.o
    0x08002104   0x0000002c   Code   RO         1732    i.SDIO_SendCommand  stm32f10x_sdio.o
    0x08002130   0x0000001c   Code   RO         1734    i.SDIO_SetPowerState  stm32f10x_sdio.o
    0x0800214c   0x0000000c   Code   RO         1740    i.SDIO_WriteData    stm32f10x_sdio.o
    0x08002158   0x00000094   Code   RO          318    i.SD_EnableWideBusOperation  sdcard.o
    0x080021ec   0x000002f8   Code   RO          320    i.SD_GetCardInfo    sdcard.o
    0x080024e4   0x0000005c   Code   RO          322    i.SD_Init           sdcard.o
    0x08002540   0x0000013c   Code   RO          324    i.SD_InitializeCards  sdcard.o
    0x0800267c   0x00000198   Code   RO          326    i.SD_PowerON        sdcard.o
    0x08002814   0x00000248   Code   RO          327    i.SD_ProcessIRQSrc  sdcard.o
    0x08002a5c   0x00000260   Code   RO          328    i.SD_ReadBlock      sdcard.o
    0x08002cbc   0x000002f4   Code   RO          329    i.SD_ReadMultiBlocks  sdcard.o
    0x08002fb0   0x00000034   Code   RO          330    i.SD_SelectDeselect  sdcard.o
    0x08002fe4   0x0000001c   Code   RO          333    i.SD_SetDeviceMode  sdcard.o
    0x08003000   0x00000034   Code   RO          334    i.SD_StopTransfer   sdcard.o
    0x08003034   0x00000368   Code   RO          335    i.SD_WriteBlock     sdcard.o
    0x0800339c   0x0000041c   Code   RO          336    i.SD_WriteMultiBlocks  sdcard.o
    0x080037b8   0x000000bc   Code   RO           11    i.SPI1_IRQHandler   stm32f10x_it.o
    0x08003874   0x00000018   Code   RO         1275    i.SPI_Cmd           stm32f10x_spi.o
    0x0800388c   0x00000014   Code   RO         1280    i.SPI_I2S_ClearITPendingBit  stm32f10x_spi.o
    0x080038a0   0x00000012   Code   RO         1281    i.SPI_I2S_DMACmd    stm32f10x_spi.o
    0x080038b2   0x00000012   Code   RO         1283    i.SPI_I2S_GetFlagStatus  stm32f10x_spi.o
    0x080038c4   0x00000006   Code   RO         1286    i.SPI_I2S_ReceiveData  stm32f10x_spi.o
    0x080038ca   0x0000003c   Code   RO         1288    i.SPI_Init          stm32f10x_spi.o
    0x08003906   0x00000002   Code   RO           12    i.SVC_Handler       stm32f10x_it.o
    0x08003908   0x00000008   Code   RO         2520    i.SetSysClock       system_stm32f10x.o
    0x08003910   0x000000e4   Code   RO         2521    i.SetSysClockTo72   system_stm32f10x.o
    0x080039f4   0x00000002   Code   RO          177    i.ShowErrMsg        main.o
    0x080039f6   0x00000002   Code   RO           13    i.SysTick_Handler   stm32f10x_it.o
    0x080039f8   0x00000054   Code   RO         2522    i.SystemInit        system_stm32f10x.o
    0x08003a4c   0x00000020   Code   RO           14    i.TIM4_IRQHandler   stm32f10x_it.o
    0x08003a6c   0x00000018   Code   RO         1973    i.TIM_ARRPreloadConfig  stm32f10x_tim.o
    0x08003a84   0x00000006   Code   RO         1980    i.TIM_ClearITPendingBit  stm32f10x_tim.o
    0x08003a8a   0x00000018   Code   RO         1985    i.TIM_Cmd           stm32f10x_tim.o
    0x08003aa2   0x00000006   Code   RO         2004    i.TIM_GetCounter    stm32f10x_tim.o
    0x08003aa8   0x00000006   Code   RO         2034    i.TIM_PrescalerConfig  stm32f10x_tim.o
    0x08003aae   0x00000002   PAD
    0x08003ab0   0x0000003c   Code   RO         2056    i.TIM_TimeBaseInit  stm32f10x_tim.o
    0x08003aec   0x00000048   Code   RO           15    i.USART1_IRQHandler  stm32f10x_it.o
    0x08003b34   0x0000001e   Code   RO         1541    i.USART_ClearITPendingBit  stm32f10x_usart.o
    0x08003b52   0x00000018   Code   RO         1544    i.USART_Cmd         stm32f10x_usart.o
    0x08003b6a   0x0000001a   Code   RO         1547    i.USART_GetFlagStatus  stm32f10x_usart.o
    0x08003b84   0x000000a0   Code   RO         1551    i.USART_Init        stm32f10x_usart.o
    0x08003c24   0x0000000a   Code   RO         1556    i.USART_ReceiveData  stm32f10x_usart.o
    0x08003c2e   0x00000008   Code   RO         1559    i.USART_SendData    stm32f10x_usart.o
    0x08003c36   0x00000004   Code   RO           16    i.UsageFault_Handler  stm32f10x_it.o
    0x08003c3a   0x00000002   PAD
    0x08003c3c   0x00000010   Code   RO         2574    i.__0printf$bare    mc_w.l(printfb.o)
    0x08003c4c   0x0000000e   Code   RO         2874    i.__scatterload_copy  mc_w.l(handlers.o)
    0x08003c5a   0x00000002   Code   RO         2875    i.__scatterload_null  mc_w.l(handlers.o)
    0x08003c5c   0x0000000e   Code   RO         2876    i.__scatterload_zeroinit  mc_w.l(handlers.o)
    0x08003c6a   0x00000022   Code   RO         2581    i._printf_core      mc_w.l(printfb.o)
    0x08003c8c   0x000002f4   Code   RO          550    i.auto_mount        ff.o
    0x08003f80   0x00000070   Code   RO          551    i.check_fs          ff.o
    0x08003ff0   0x00000014   Code   RO          552    i.chk_chr           ff.o
    0x08004004   0x0000001a   Code   RO          553    i.clust2sect        ff.o
    0x0800401e   0x00000012   Code   RO          337    i.convert_from_bytes_to_power_of_two  sdcard.o
    0x08004030   0x000000b6   Code   RO          554    i.create_chain      ff.o
    0x080040e6   0x00000002   PAD
    0x080040e8   0x00000150   Code   RO          555    i.create_name       ff.o
    0x08004238   0x00000076   Code   RO          556    i.dir_find          ff.o
    0x080042ae   0x0000012a   Code   RO          557    i.dir_next          ff.o
    0x080043d8   0x00000078   Code   RO          559    i.dir_register      ff.o
    0x08004450   0x000000a6   Code   RO          561    i.dir_seek          ff.o
    0x080044f6   0x00000002   PAD
    0x080044f8   0x00000048   Code   RO          502    i.disk_ioctl        diskio.o
    0x08004540   0x0000004a   Code   RO          503    i.disk_read         diskio.o
    0x0800458a   0x0000000c   Code   RO          504    i.disk_status       diskio.o
    0x08004596   0x00000042   Code   RO          505    i.disk_write        diskio.o
    0x080045d8   0x00000016   Code   RO          563    i.f_close           ff.o
    0x080045ee   0x000001c6   Code   RO          565    i.f_lseek           ff.o
    0x080047b4   0x0000002c   Code   RO          567    i.f_mount           ff.o
    0x080047e0   0x00000188   Code   RO          568    i.f_open            ff.o
    0x08004968   0x000001b0   Code   RO          570    i.f_read            ff.o
    0x08004b18   0x000000b6   Code   RO          574    i.f_sync            ff.o
    0x08004bce   0x000001e2   Code   RO          578    i.f_write           ff.o
    0x08004db0   0x000000a4   Code   RO          579    i.follow_path       ff.o
    0x08004e54   0x00000024   Code   RO          178    i.fputc             main.o
    0x08004e78   0x00000128   Code   RO          580    i.get_cluster       ff.o
    0x08004fa0   0x00000004   Code   RO          506    i.get_fattime       diskio.o
    0x08004fa4   0x000001e0   Code   RO          179    i.main              main.o
    0x08005184   0x00000026   Code   RO          582    i.mem_cmp           ff.o
    0x080051aa   0x0000001a   Code   RO          583    i.mem_cpy           ff.o
    0x080051c4   0x00000014   Code   RO          584    i.mem_set           ff.o
    0x080051d8   0x00000072   Code   RO          585    i.move_window       ff.o
    0x0800524a   0x00000174   Code   RO          586    i.put_cluster       ff.o
    0x080053be   0x00000068   Code   RO          587    i.remove_chain      ff.o
    0x08005426   0x000000ca   Code   RO          588    i.sync              ff.o
    0x080054f0   0x000001a0   Code   RO          180    i.updata            main.o
    0x08005690   0x0000002a   Code   RO          589    i.validate          ff.o
    0x080056ba   0x00000002   PAD
    0x080056bc   0x0000009c   Code   RO          338    i.wait_ready        sdcard.o
    0x08005758   0x00001a00   Data   RO          775    .constdata          dotdata.o
    0x08007158   0x00000020   Data   RO         2872    Region$$Table       anon$$obj.o


    Execution Region RW_IRAM1 (Base: 0x20000000, Size: 0x0000d458, Max: 0x00010000, ABSOLUTE)

    Base Addr    Size         Type   Attr      Idx    E Section Name        Object

    0x20000000   0x0000000e   Data   RW           17    .data               stm32f10x_it.o
    0x2000000e   0x00000002   PAD
    0x20000010   0x000000ac   Data   RW          183    .data               main.o
    0x200000bc   0x00000028   Data   RW          340    .data               sdcard.o
    0x200000e4   0x00000006   Data   RW          590    .data               ff.o
    0x200000ea   0x00000014   Data   RW          871    .data               stm32f10x_rcc.o
    0x200000fe   0x00000002   PAD
    0x20000100   0x0000c2f0   Zero   RW          182    .bss                main.o
    0x2000c3f0   0x00000064   Zero   RW          339    .bss                sdcard.o
    0x2000c454   0x00000004   PAD
    0x2000c458   0x00001000   Zero   RW         2559    STACK               startup_stm32f10x_hd.o



  Load Region LR$$.ARM.__AT_0x68000000 (Base: 0x68000000, Size: 0x00000000, Max: 0x00000004, ABSOLUTE)

    Execution Region ER$$.ARM.__AT_0x68000000 (Base: 0x68000000, Size: 0x00000004, Max: 0x00000004, ABSOLUTE, UNINIT)

    Base Addr    Size         Type   Attr      Idx    E Section Name        Object

    0x68000000   0x00000002   Zero   RW          181    .ARM.__AT_0x68000000  main.o


==============================================================================

Image component sizes


      Code (inc. data)   RO Data    RW Data    ZI Data      Debug   Object Name

         0          0          0          0          0         32   core_cm3.o
       228          6          0          0          0       3903   diskio.o
       944         28          0          0          0       2286   display.o
         0          0       6656          0          0        543   dotdata.o
      5520         54          0          6          0      20371   ff.o
      3362        374          0        172      49906     230670   main.o
       136         24          0          0          0       3459   misc.o
      7994        456          0         40        100      24759   sdcard.o
        48         12        304          0       4096        900   startup_stm32f10x_hd.o
       532         40          0          0          0      15345   stm32f10x_dma.o
       272          6          0          0          0       9729   stm32f10x_fsmc.o
       274          0          0          0          0      17804   stm32f10x_gpio.o
       978        102          0         14          0     281821   stm32f10x_it.o
       316         46          0         20          0      13594   stm32f10x_rcc.o
       408         96          0          0          0      20723   stm32f10x_sdio.o
       146          0          0          0          0      11920   stm32f10x_spi.o
       126         10          0          0          0      23715   stm32f10x_tim.o
       258          4          0          0          0      11490   stm32f10x_usart.o
       320         24          0          0          0       1973   system_stm32f10x.o

    ----------------------------------------------------------------------
     21884       1282       6992        256      54108     695037   Object Totals
         0          0         32          0          0          0   (incl. Generated)
        22          0          0          4          6          0   (incl. Padding)

    ----------------------------------------------------------------------

      Code (inc. data)   RO Data    RW Data    ZI Data      Debug   Library Member Name

         0          0          0          0          0          0   entry.o
         0          0          0          0          0          0   entry10a.o
         0          0          0          0          0          0   entry11a.o
         8          4          0          0          0          0   entry2.o
         4          0          0          0          0          0   entry5.o
         0          0          0          0          0          0   entry7b.o
         0          0          0          0          0          0   entry8b.o
         8          4          0          0          0          0   entry9a.o
        30          0          0          0          0          0   handlers.o
        36          8          0          0          0         68   init.o
        36          0          0          0          0         68   memcpya.o
        50          8          0          0          0        152   printfb.o

    ----------------------------------------------------------------------
       172         24          0          0          0        288   Library Totals
         0          0          0          0          0          0   (incl. Padding)

    ----------------------------------------------------------------------

      Code (inc. data)   RO Data    RW Data    ZI Data      Debug   Library Name

       172         24          0          0          0        288   mc_w.l

    ----------------------------------------------------------------------
       172         24          0          0          0        288   Library Totals

    ----------------------------------------------------------------------

==============================================================================


      Code (inc. data)   RO Data    RW Data    ZI Data      Debug   

     22056       1306       6992        256      54108     687733   Grand Totals
     22056       1306       6992        256      54108     687733   ELF Image Totals
     22056       1306       6992        256          0          0   ROM Totals

==============================================================================

    Total RO  Size (Code + RO Data)                29048 (  28.37kB)
    Total RW  Size (RW Data + ZI Data)             54364 (  53.09kB)
    Total ROM Size (Code + RO Data + RW Data)      29304 (  28.62kB)

==============================================================================

